<?xml version="1.0"?>
<link_info>
   <banner>TI ARM Linker PC v5.1.5</banner>
   <copyright>Copyright (c) 1996-2014 Texas Instruments Incorporated</copyright>
   <link_time>0x664c6b81</link_time>
   <link_errors>0x0</link_errors>
   <output_file>basic_freertos_demo.out</output_file>
   <entry_point>
      <name>_c_int00</name>
      <address>0x3395</address>
   </entry_point>
   <input_file_list>
      <input_file id="fl-2">
         <path>.\drivers\</path>
         <kind>object</kind>
         <file>touch.obj</file>
         <name>touch.obj</name>
      </input_file>
      <input_file id="fl-3">
         <path>.\drivers\</path>
         <kind>object</kind>
         <file>pinout.obj</file>
         <name>pinout.obj</name>
      </input_file>
      <input_file id="fl-4">
         <path>.\drivers\</path>
         <kind>object</kind>
         <file>kentec320x240x16_ssd2119.obj</file>
         <name>kentec320x240x16_ssd2119.obj</name>
      </input_file>
      <input_file id="fl-5">
         <path>.\drivers\</path>
         <kind>object</kind>
         <file>frame.obj</file>
         <name>frame.obj</name>
      </input_file>
      <input_file id="fl-6">
         <path>.\third_party\FreeRTOS\Source\portable\CCS\ARM_CM4F\</path>
         <kind>object</kind>
         <file>portasm.obj</file>
         <name>portasm.obj</name>
      </input_file>
      <input_file id="fl-7">
         <path>.\third_party\FreeRTOS\Source\portable\CCS\ARM_CM4F\</path>
         <kind>object</kind>
         <file>port.obj</file>
         <name>port.obj</name>
      </input_file>
      <input_file id="fl-8">
         <path>.\third_party\FreeRTOS\Source\portable\MemMang\</path>
         <kind>object</kind>
         <file>heap_2.obj</file>
         <name>heap_2.obj</name>
      </input_file>
      <input_file id="fl-9">
         <path>.\third_party\FreeRTOS\Source\</path>
         <kind>object</kind>
         <file>timers.obj</file>
         <name>timers.obj</name>
      </input_file>
      <input_file id="fl-a">
         <path>.\third_party\FreeRTOS\Source\</path>
         <kind>object</kind>
         <file>tasks.obj</file>
         <name>tasks.obj</name>
      </input_file>
      <input_file id="fl-b">
         <path>.\third_party\FreeRTOS\Source\</path>
         <kind>object</kind>
         <file>queue.obj</file>
         <name>queue.obj</name>
      </input_file>
      <input_file id="fl-c">
         <path>.\third_party\FreeRTOS\Source\</path>
         <kind>object</kind>
         <file>list.obj</file>
         <name>list.obj</name>
      </input_file>
      <input_file id="fl-d">
         <path>.\third_party\FreeRTOS\Source\</path>
         <kind>object</kind>
         <file>croutine.obj</file>
         <name>croutine.obj</name>
      </input_file>
      <input_file id="fl-e">
         <path>.\third_party\lwip-1.4.1\apps\httpserver_raw\</path>
         <kind>object</kind>
         <file>httpd.obj</file>
         <name>httpd.obj</name>
      </input_file>
      <input_file id="fl-f">
         <path>.\utils\</path>
         <kind>object</kind>
         <file>ustdlib.obj</file>
         <name>ustdlib.obj</name>
      </input_file>
      <input_file id="fl-10">
         <path>.\utils\</path>
         <kind>object</kind>
         <file>lwiplib.obj</file>
         <name>lwiplib.obj</name>
      </input_file>
      <input_file id="fl-11">
         <path>.\utils\</path>
         <kind>object</kind>
         <file>locator.obj</file>
         <name>locator.obj</name>
      </input_file>
      <input_file id="fl-12">
         <path>.\</path>
         <kind>object</kind>
         <file>startup_ccs.obj</file>
         <name>startup_ccs.obj</name>
      </input_file>
      <input_file id="fl-13">
         <path>.\</path>
         <kind>object</kind>
         <file>lwip_task.obj</file>
         <name>lwip_task.obj</name>
      </input_file>
      <input_file id="fl-14">
         <path>.\</path>
         <kind>object</kind>
         <file>fs.obj</file>
         <name>fs.obj</name>
      </input_file>
      <input_file id="fl-15">
         <path>.\</path>
         <kind>object</kind>
         <file>freertos_demo.obj</file>
         <name>freertos_demo.obj</name>
      </input_file>
      <input_file id="fl-144">
         <path>c:\ti\ccsv6\tools\compiler\arm_5.1.5\lib\</path>
         <kind>archive</kind>
         <file>rtsv7M4_T_le_v4SPD16_eabi.lib</file>
         <name>boot.obj</name>
      </input_file>
      <input_file id="fl-145">
         <path>c:\ti\ccsv6\tools\compiler\arm_5.1.5\lib\</path>
         <kind>archive</kind>
         <file>rtsv7M4_T_le_v4SPD16_eabi.lib</file>
         <name>copy_decompress_none.obj</name>
      </input_file>
      <input_file id="fl-146">
         <path>c:\ti\ccsv6\tools\compiler\arm_5.1.5\lib\</path>
         <kind>archive</kind>
         <file>rtsv7M4_T_le_v4SPD16_eabi.lib</file>
         <name>copy_decompress_rle.obj</name>
      </input_file>
      <input_file id="fl-147">
         <path>c:\ti\ccsv6\tools\compiler\arm_5.1.5\lib\</path>
         <kind>archive</kind>
         <file>rtsv7M4_T_le_v4SPD16_eabi.lib</file>
         <name>copy_zero_init.obj</name>
      </input_file>
      <input_file id="fl-148">
         <path>c:\ti\ccsv6\tools\compiler\arm_5.1.5\lib\</path>
         <kind>archive</kind>
         <file>rtsv7M4_T_le_v4SPD16_eabi.lib</file>
         <name>exit.obj</name>
      </input_file>
      <input_file id="fl-149">
         <path>c:\ti\ccsv6\tools\compiler\arm_5.1.5\lib\</path>
         <kind>archive</kind>
         <file>rtsv7M4_T_le_v4SPD16_eabi.lib</file>
         <name>memcmp.obj</name>
      </input_file>
      <input_file id="fl-14a">
         <path>c:\ti\ccsv6\tools\compiler\arm_5.1.5\lib\</path>
         <kind>archive</kind>
         <file>rtsv7M4_T_le_v4SPD16_eabi.lib</file>
         <name>memcpy_t2.obj</name>
      </input_file>
      <input_file id="fl-14b">
         <path>c:\ti\ccsv6\tools\compiler\arm_5.1.5\lib\</path>
         <kind>archive</kind>
         <file>rtsv7M4_T_le_v4SPD16_eabi.lib</file>
         <name>memset_t2.obj</name>
      </input_file>
      <input_file id="fl-14c">
         <path>c:\ti\ccsv6\tools\compiler\arm_5.1.5\lib\</path>
         <kind>archive</kind>
         <file>rtsv7M4_T_le_v4SPD16_eabi.lib</file>
         <name>stkdepth_vars.obj</name>
      </input_file>
      <input_file id="fl-14d">
         <path>c:\ti\ccsv6\tools\compiler\arm_5.1.5\lib\</path>
         <kind>archive</kind>
         <file>rtsv7M4_T_le_v4SPD16_eabi.lib</file>
         <name>strchr.obj</name>
      </input_file>
      <input_file id="fl-14e">
         <path>c:\ti\ccsv6\tools\compiler\arm_5.1.5\lib\</path>
         <kind>archive</kind>
         <file>rtsv7M4_T_le_v4SPD16_eabi.lib</file>
         <name>strcmp.obj</name>
      </input_file>
      <input_file id="fl-14f">
         <path>c:\ti\ccsv6\tools\compiler\arm_5.1.5\lib\</path>
         <kind>archive</kind>
         <file>rtsv7M4_T_le_v4SPD16_eabi.lib</file>
         <name>strlen.obj</name>
      </input_file>
      <input_file id="fl-150">
         <path>c:\ti\ccsv6\tools\compiler\arm_5.1.5\lib\</path>
         <kind>archive</kind>
         <file>rtsv7M4_T_le_v4SPD16_eabi.lib</file>
         <name>strncmp.obj</name>
      </input_file>
      <input_file id="fl-151">
         <path>c:\ti\ccsv6\tools\compiler\arm_5.1.5\lib\</path>
         <kind>archive</kind>
         <file>rtsv7M4_T_le_v4SPD16_eabi.lib</file>
         <name>strstr.obj</name>
      </input_file>
      <input_file id="fl-152">
         <path>c:\ti\ccsv6\tools\compiler\arm_5.1.5\lib\</path>
         <kind>archive</kind>
         <file>rtsv7M4_T_le_v4SPD16_eabi.lib</file>
         <name>u_divt2.obj</name>
      </input_file>
      <input_file id="fl-153">
         <path>c:\ti\ccsv6\tools\compiler\arm_5.1.5\lib\</path>
         <kind>archive</kind>
         <file>rtsv7M4_T_le_v4SPD16_eabi.lib</file>
         <name>_lock.obj</name>
      </input_file>
      <input_file id="fl-154">
         <path>c:\ti\ccsv6\tools\compiler\arm_5.1.5\lib\</path>
         <kind>archive</kind>
         <file>rtsv7M4_T_le_v4SPD16_eabi.lib</file>
         <name>args_main.obj</name>
      </input_file>
      <input_file id="fl-155">
         <path>c:\ti\ccsv6\tools\compiler\arm_5.1.5\lib\</path>
         <kind>archive</kind>
         <file>rtsv7M4_T_le_v4SPD16_eabi.lib</file>
         <name>auto_init.obj</name>
      </input_file>
      <input_file id="fl-156">
         <path>c:\ti\ccsv6\tools\compiler\arm_5.1.5\lib\</path>
         <kind>archive</kind>
         <file>rtsv7M4_T_le_v4SPD16_eabi.lib</file>
         <name>cpy_tbl.obj</name>
      </input_file>
      <input_file id="fl-157">
         <path>C:\ti\TivaWare_C_Series-2.0.1.11577\driverlib\ccs\Debug\</path>
         <kind>archive</kind>
         <file>driverlib.lib</file>
         <name>timer.obj</name>
      </input_file>
      <input_file id="fl-158">
         <path>C:\ti\TivaWare_C_Series-2.0.1.11577\driverlib\ccs\Debug\</path>
         <kind>archive</kind>
         <file>driverlib.lib</file>
         <name>sysctl.obj</name>
      </input_file>
      <input_file id="fl-159">
         <path>C:\ti\TivaWare_C_Series-2.0.1.11577\driverlib\ccs\Debug\</path>
         <kind>archive</kind>
         <file>driverlib.lib</file>
         <name>lcd.obj</name>
      </input_file>
      <input_file id="fl-15a">
         <path>C:\ti\TivaWare_C_Series-2.0.1.11577\driverlib\ccs\Debug\</path>
         <kind>archive</kind>
         <file>driverlib.lib</file>
         <name>interrupt.obj</name>
      </input_file>
      <input_file id="fl-15b">
         <path>C:\ti\TivaWare_C_Series-2.0.1.11577\driverlib\ccs\Debug\</path>
         <kind>archive</kind>
         <file>driverlib.lib</file>
         <name>gpio.obj</name>
      </input_file>
      <input_file id="fl-15c">
         <path>C:\ti\TivaWare_C_Series-2.0.1.11577\driverlib\ccs\Debug\</path>
         <kind>archive</kind>
         <file>driverlib.lib</file>
         <name>emac.obj</name>
      </input_file>
      <input_file id="fl-15d">
         <path>C:\ti\TivaWare_C_Series-2.0.1.11577\driverlib\ccs\Debug\</path>
         <kind>archive</kind>
         <file>driverlib.lib</file>
         <name>cpu.obj</name>
      </input_file>
      <input_file id="fl-15e">
         <path>C:\ti\TivaWare_C_Series-2.0.1.11577\driverlib\ccs\Debug\</path>
         <kind>archive</kind>
         <file>driverlib.lib</file>
         <name>sw_crc.obj</name>
      </input_file>
      <input_file id="fl-15f">
         <path>C:\ti\TivaWare_C_Series-2.0.1.11577\grlib\ccs\Debug\</path>
         <kind>archive</kind>
         <file>grlib.lib</file>
         <name>fontcmss18b.obj</name>
      </input_file>
      <input_file id="fl-160">
         <path>C:\ti\TivaWare_C_Series-2.0.1.11577\grlib\ccs\Debug\</path>
         <kind>archive</kind>
         <file>grlib.lib</file>
         <name>string.obj</name>
      </input_file>
      <input_file id="fl-161">
         <path>C:\ti\TivaWare_C_Series-2.0.1.11577\grlib\ccs\Debug\</path>
         <kind>archive</kind>
         <file>grlib.lib</file>
         <name>image.obj</name>
      </input_file>
      <input_file id="fl-162">
         <path>C:\ti\TivaWare_C_Series-2.0.1.11577\grlib\ccs\Debug\</path>
         <kind>archive</kind>
         <file>grlib.lib</file>
         <name>context.obj</name>
      </input_file>
      <input_file id="fl-163">
         <path>C:\ti\TivaWare_C_Series-2.0.1.11577\grlib\ccs\Debug\</path>
         <kind>archive</kind>
         <file>grlib.lib</file>
         <name>charmap.obj</name>
      </input_file>
   </input_file_list>
   <object_component_list>
      <object_component id="oc-e">
         <name>.intvecs</name>
         <load_address>0x0</load_address>
         <run_address>0x0</run_address>
         <size>0x200</size>
         <input_file_ref idref="fl-12"/>
      </object_component>
      <object_component id="oc-1d9">
         <name>.text:PinoutSet</name>
         <load_address>0x200</load_address>
         <run_address>0x200</run_address>
         <size>0x4c8</size>
         <input_file_ref idref="fl-3"/>
      </object_component>
      <object_component id="oc-1de">
         <name>.text:Kentec320x240x16_SSD2119Init</name>
         <load_address>0x6c8</load_address>
         <run_address>0x6c8</run_address>
         <size>0x488</size>
         <input_file_ref idref="fl-4"/>
      </object_component>
      <object_component id="oc-3ee">
         <name>.text:InternalImageDraw</name>
         <load_address>0xb50</load_address>
         <run_address>0xb50</run_address>
         <size>0x374</size>
         <input_file_ref idref="fl-161"/>
      </object_component>
      <object_component id="oc-4d9">
         <name>.text:PixelTransparentDraw</name>
         <load_address>0xec4</load_address>
         <run_address>0xec4</run_address>
         <size>0x2ba</size>
         <input_file_ref idref="fl-161"/>
      </object_component>
      <object_component id="oc-3d2">
         <name>.text:GrFontGlyphRender</name>
         <load_address>0x117e</load_address>
         <run_address>0x117e</run_address>
         <size>0x266</size>
         <input_file_ref idref="fl-160"/>
      </object_component>
      <object_component id="oc-4b7">
         <name>.text:uvsnprintf</name>
         <load_address>0x13e4</load_address>
         <run_address>0x13e4</run_address>
         <size>0x245</size>
         <input_file_ref idref="fl-f"/>
      </object_component>
      <object_component id="oc-2e">
         <name>.text:FaultISR</name>
         <load_address>0x162a</load_address>
         <run_address>0x162a</run_address>
         <size>0x2</size>
         <input_file_ref idref="fl-12"/>
      </object_component>
      <object_component id="oc-1e8">
         <name>.text:FrameDraw</name>
         <load_address>0x162c</load_address>
         <run_address>0x162c</run_address>
         <size>0x200</size>
         <input_file_ref idref="fl-5"/>
      </object_component>
      <object_component id="oc-342">
         <name>.text:Kentec320x240x16_SSD2119PixelDrawMultiple</name>
         <load_address>0x182c</load_address>
         <run_address>0x182c</run_address>
         <size>0x1c4</size>
         <input_file_ref idref="fl-4"/>
      </object_component>
      <object_component id="oc-351">
         <name>.text:Kentec320x240x16_SSD2119RectFill</name>
         <load_address>0x19f0</load_address>
         <run_address>0x19f0</run_address>
         <size>0x184</size>
         <input_file_ref idref="fl-4"/>
      </object_component>
      <object_component id="oc-8f">
         <name>.text:TouchScreenDebouncer</name>
         <load_address>0x1b74</load_address>
         <run_address>0x1b74</run_address>
         <size>0x17c</size>
         <input_file_ref idref="fl-2"/>
      </object_component>
      <object_component id="oc-c3">
         <name>.text:main</name>
         <load_address>0x1cf0</load_address>
         <run_address>0x1cf0</run_address>
         <size>0x14c</size>
         <input_file_ref idref="fl-15"/>
      </object_component>
      <object_component id="oc-41">
         <name>.text:TouchScreenIntHandler</name>
         <load_address>0x1e3c</load_address>
         <run_address>0x1e3c</run_address>
         <size>0x140</size>
         <input_file_ref idref="fl-2"/>
      </object_component>
      <object_component id="oc-3c0">
         <name>.text:GPIOPadConfigSet</name>
         <load_address>0x1f7c</load_address>
         <run_address>0x1f7c</run_address>
         <size>0x130</size>
         <input_file_ref idref="fl-15b"/>
      </object_component>
      <object_component id="oc-89">
         <name>.text:xTaskIncrementTick</name>
         <load_address>0x20ac</load_address>
         <run_address>0x20ac</run_address>
         <size>0x114</size>
         <input_file_ref idref="fl-a"/>
      </object_component>
      <object_component id="oc-379">
         <name>.text:xQueueGenericReceive</name>
         <load_address>0x21c0</load_address>
         <run_address>0x21c0</run_address>
         <size>0x100</size>
         <input_file_ref idref="fl-b"/>
      </object_component>
      <object_component id="oc-1f2">
         <name>.text:xTaskGenericCreate</name>
         <load_address>0x22c0</load_address>
         <run_address>0x22c0</run_address>
         <size>0xe0</size>
         <input_file_ref idref="fl-a"/>
      </object_component>
      <object_component id="oc-441">
         <name>.text:xTaskResumeAll</name>
         <load_address>0x23a0</load_address>
         <run_address>0x23a0</run_address>
         <size>0xd0</size>
         <input_file_ref idref="fl-a"/>
      </object_component>
      <object_component id="oc-2b4">
         <name>.text:GrDefaultStringRenderer</name>
         <load_address>0x2470</load_address>
         <run_address>0x2470</run_address>
         <size>0xca</size>
         <input_file_ref idref="fl-160"/>
      </object_component>
      <object_component id="oc-362">
         <name>.text:xQueueGenericSend</name>
         <load_address>0x253a</load_address>
         <run_address>0x253a</run_address>
         <size>0xc6</size>
         <input_file_ref idref="fl-b"/>
      </object_component>
      <object_component id="oc-347">
         <name>.text:Kentec320x240x16_SSD2119LineDrawH</name>
         <load_address>0x2600</load_address>
         <run_address>0x2600</run_address>
         <size>0xb0</size>
         <input_file_ref idref="fl-4"/>
      </object_component>
      <object_component id="oc-34c">
         <name>.text:Kentec320x240x16_SSD2119LineDrawV</name>
         <load_address>0x26b0</load_address>
         <run_address>0x26b0</run_address>
         <size>0xb0</size>
         <input_file_ref idref="fl-4"/>
      </object_component>
      <object_component id="oc-308">
         <name>.text:pvPortMalloc</name>
         <load_address>0x2760</load_address>
         <run_address>0x2760</run_address>
         <size>0xac</size>
         <input_file_ref idref="fl-8"/>
      </object_component>
      <object_component id="oc-38">
         <name>.text</name>
         <load_address>0x280c</load_address>
         <run_address>0x280c</run_address>
         <size>0xa6</size>
         <input_file_ref idref="fl-6"/>
      </object_component>
      <object_component id="oc-5f">
         <name>.text</name>
         <load_address>0x28b2</load_address>
         <run_address>0x28b2</run_address>
         <size>0x9c</size>
         <input_file_ref idref="fl-14a"/>
      </object_component>
      <object_component id="oc-33">
         <name>.text:IntDefaultHandler</name>
         <load_address>0x294e</load_address>
         <run_address>0x294e</run_address>
         <size>0x2</size>
         <input_file_ref idref="fl-12"/>
      </object_component>
      <object_component id="oc-83">
         <name>.text:vTaskSwitchContext</name>
         <load_address>0x2950</load_address>
         <run_address>0x2950</run_address>
         <size>0x9c</size>
         <input_file_ref idref="fl-a"/>
      </object_component>
      <object_component id="oc-4e">
         <name>.text</name>
         <load_address>0x29ec</load_address>
         <run_address>0x29ec</run_address>
         <size>0x94</size>
         <input_file_ref idref="fl-155"/>
      </object_component>
      <object_component id="oc-33d">
         <name>.text:Kentec320x240x16_SSD2119PixelDraw</name>
         <load_address>0x2a80</load_address>
         <run_address>0x2a80</run_address>
         <size>0x78</size>
         <input_file_ref idref="fl-4"/>
      </object_component>
      <object_component id="oc-46">
         <name>.text:lwIPEthernetIntHandler</name>
         <load_address>0x2af8</load_address>
         <run_address>0x2af8</run_address>
         <size>0x78</size>
         <input_file_ref idref="fl-10"/>
      </object_component>
      <object_component id="oc-419">
         <name>.text</name>
         <load_address>0x2b70</load_address>
         <run_address>0x2b70</run_address>
         <size>0x78</size>
         <input_file_ref idref="fl-14b"/>
      </object_component>
      <object_component id="oc-312">
         <name>.text:xQueueGenericReset</name>
         <load_address>0x2be8</load_address>
         <run_address>0x2be8</run_address>
         <size>0x70</size>
         <input_file_ref idref="fl-b"/>
      </object_component>
      <object_component id="oc-128">
         <name>.text:xTaskRemoveFromEventList</name>
         <load_address>0x2c58</load_address>
         <run_address>0x2c58</run_address>
         <size>0x70</size>
         <input_file_ref idref="fl-a"/>
      </object_component>
      <object_component id="oc-4a7">
         <name>.text:vTaskPriorityInherit</name>
         <load_address>0x2cc8</load_address>
         <run_address>0x2cc8</run_address>
         <size>0x6c</size>
         <input_file_ref idref="fl-a"/>
      </object_component>
      <object_component id="oc-201">
         <name>.text:GrStringWidthGet</name>
         <load_address>0x2d34</load_address>
         <run_address>0x2d34</run_address>
         <size>0x6a</size>
         <input_file_ref idref="fl-160"/>
      </object_component>
      <object_component id="oc-123">
         <name>.text:prvCopyDataToQueue</name>
         <load_address>0x2d9e</load_address>
         <run_address>0x2d9e</run_address>
         <size>0x6a</size>
         <input_file_ref idref="fl-b"/>
      </object_component>
      <object_component id="oc-367">
         <name>.text:vTaskSuspend</name>
         <load_address>0x2e08</load_address>
         <run_address>0x2e08</run_address>
         <size>0x68</size>
         <input_file_ref idref="fl-a"/>
      </object_component>
      <object_component id="oc-1e3">
         <name>.text:GrContextInit</name>
         <load_address>0x2e70</load_address>
         <run_address>0x2e70</run_address>
         <size>0x64</size>
         <input_file_ref idref="fl-162"/>
      </object_component>
      <object_component id="oc-2bf">
         <name>.text:GrContextClipRegionSet</name>
         <load_address>0x2ed4</load_address>
         <run_address>0x2ed4</run_address>
         <size>0x62</size>
         <input_file_ref idref="fl-162"/>
      </object_component>
      <object_component id="oc-484">
         <name>.text:prvUnlockQueue</name>
         <load_address>0x2f36</load_address>
         <run_address>0x2f36</run_address>
         <size>0x62</size>
         <input_file_ref idref="fl-b"/>
      </object_component>
      <object_component id="oc-2f8">
         <name>.text:prvInitialiseTaskLists</name>
         <load_address>0x2f98</load_address>
         <run_address>0x2f98</run_address>
         <size>0x60</size>
         <input_file_ref idref="fl-a"/>
      </object_component>
      <object_component id="oc-36c">
         <name>.text:vTaskResume</name>
         <load_address>0x2ff8</load_address>
         <run_address>0x2ff8</run_address>
         <size>0x60</size>
         <input_file_ref idref="fl-a"/>
      </object_component>
      <object_component id="oc-71">
         <name>.text</name>
         <load_address>0x3058</load_address>
         <run_address>0x3058</run_address>
         <size>0x5e</size>
         <input_file_ref idref="fl-146"/>
      </object_component>
      <object_component id="oc-460">
         <name>.text:FontWideGlyphDataGet</name>
         <load_address>0x30b6</load_address>
         <run_address>0x30b6</run_address>
         <size>0x5c</size>
         <input_file_ref idref="fl-160"/>
      </object_component>
      <object_component id="oc-35b">
         <name>.text:Kentec320x240x16_SSD2119Flush</name>
         <load_address>0x3112</load_address>
         <run_address>0x3112</run_address>
         <size>0x2</size>
         <input_file_ref idref="fl-4"/>
      </object_component>
      <object_component id="oc-454">
         <name>.text:prvCheckTasksWaitingTermination</name>
         <load_address>0x3114</load_address>
         <run_address>0x3114</run_address>
         <size>0x58</size>
         <input_file_ref idref="fl-a"/>
      </object_component>
      <object_component id="oc-9e">
         <name>.text:xQueueGenericSendFromISR</name>
         <load_address>0x316c</load_address>
         <run_address>0x316c</run_address>
         <size>0x56</size>
         <input_file_ref idref="fl-b"/>
      </object_component>
      <object_component id="oc-29">
         <name>.text:NmiSR</name>
         <load_address>0x31c2</load_address>
         <run_address>0x31c2</run_address>
         <size>0x2</size>
         <input_file_ref idref="fl-12"/>
      </object_component>
      <object_component id="oc-47f">
         <name>.text:xTaskCheckForTimeOut</name>
         <load_address>0x31c4</load_address>
         <run_address>0x31c4</run_address>
         <size>0x54</size>
         <input_file_ref idref="fl-a"/>
      </object_component>
      <object_component id="oc-2e9">
         <name>.text:prvInitialiseTCBVariables</name>
         <load_address>0x3218</load_address>
         <run_address>0x3218</run_address>
         <size>0x4e</size>
         <input_file_ref idref="fl-a"/>
      </object_component>
      <object_component id="oc-459">
         <name>.text:vApplicationIdleHook</name>
         <load_address>0x3266</load_address>
         <run_address>0x3266</run_address>
         <size>0x2</size>
         <input_file_ref idref="fl-13"/>
      </object_component>
      <object_component id="oc-49c">
         <name>.text:prvAddCurrentTaskToDelayedList</name>
         <load_address>0x3268</load_address>
         <run_address>0x3268</run_address>
         <size>0x4c</size>
         <input_file_ref idref="fl-a"/>
      </object_component>
      <object_component id="oc-1f7">
         <name>.text:xQueueGenericCreate</name>
         <load_address>0x32b4</load_address>
         <run_address>0x32b4</run_address>
         <size>0x4c</size>
         <input_file_ref idref="fl-b"/>
      </object_component>
      <object_component id="oc-3f5">
         <name>.text:UpdateContextCharMapping</name>
         <load_address>0x3300</load_address>
         <run_address>0x3300</run_address>
         <size>0x4a</size>
         <input_file_ref idref="fl-160"/>
      </object_component>
      <object_component id="oc-e7">
         <name>.text:vApplicationStackOverflowHook</name>
         <load_address>0x334a</load_address>
         <run_address>0x334a</run_address>
         <size>0x2</size>
         <input_file_ref idref="fl-13"/>
      </object_component>
      <object_component id="oc-219">
         <name>.text:displayTask</name>
         <load_address>0x334c</load_address>
         <run_address>0x334c</run_address>
         <size>0x48</size>
         <input_file_ref idref="fl-15"/>
      </object_component>
      <object_component id="oc-10">
         <name>.text</name>
         <load_address>0x3394</load_address>
         <run_address>0x3394</run_address>
         <size>0x48</size>
         <input_file_ref idref="fl-144"/>
      </object_component>
      <object_component id="oc-214">
         <name>.text:time_task</name>
         <load_address>0x33dc</load_address>
         <run_address>0x33dc</run_address>
         <size>0x48</size>
         <input_file_ref idref="fl-15"/>
      </object_component>
      <object_component id="oc-265">
         <name>.text:vTaskPriorityDisinherit</name>
         <load_address>0x3424</load_address>
         <run_address>0x3424</run_address>
         <size>0x48</size>
         <input_file_ref idref="fl-a"/>
      </object_component>
      <object_component id="oc-1fc">
         <name>.text:vTaskStartScheduler</name>
         <load_address>0x346c</load_address>
         <run_address>0x346c</run_address>
         <size>0x48</size>
         <input_file_ref idref="fl-a"/>
      </object_component>
      <object_component id="oc-bd">
         <name>.text</name>
         <load_address>0x34b4</load_address>
         <run_address>0x34b4</run_address>
         <size>0x44</size>
         <input_file_ref idref="fl-156"/>
      </object_component>
      <object_component id="oc-57">
         <name>.text</name>
         <load_address>0x34f8</load_address>
         <run_address>0x34f8</run_address>
         <size>0x44</size>
         <input_file_ref idref="fl-148"/>
      </object_component>
      <object_component id="oc-30d">
         <name>.text:vPortFree</name>
         <load_address>0x353c</load_address>
         <run_address>0x353c</run_address>
         <size>0x44</size>
         <input_file_ref idref="fl-8"/>
      </object_component>
      <object_component id="oc-48e">
         <name>.text:vTaskPlaceOnEventList</name>
         <load_address>0x3580</load_address>
         <run_address>0x3580</run_address>
         <size>0x44</size>
         <input_file_ref idref="fl-a"/>
      </object_component>
      <object_component id="oc-52b">
         <name>.text</name>
         <load_address>0x35c4</load_address>
         <run_address>0x35c4</run_address>
         <size>0x42</size>
         <input_file_ref idref="fl-152"/>
      </object_component>
      <object_component id="oc-318">
         <name>.text:xPortStartScheduler</name>
         <load_address>0x3608</load_address>
         <run_address>0x3608</run_address>
         <size>0x40</size>
         <input_file_ref idref="fl-7"/>
      </object_component>
      <object_component id="oc-465">
         <name>.text:FontGlyphDataGet</name>
         <load_address>0x3648</load_address>
         <run_address>0x3648</run_address>
         <size>0x3a</size>
         <input_file_ref idref="fl-160"/>
      </object_component>
      <object_component id="oc-515">
         <name>.text:vListInsert</name>
         <load_address>0x3682</load_address>
         <run_address>0x3682</run_address>
         <size>0x38</size>
         <input_file_ref idref="fl-c"/>
      </object_component>
      <object_component id="oc-29e">
         <name>.text:LCDIDDTimingSet</name>
         <load_address>0x36ba</load_address>
         <run_address>0x36ba</run_address>
         <size>0x36</size>
         <input_file_ref idref="fl-159"/>
      </object_component>
      <object_component id="oc-2e4">
         <name>.text:prvAllocateTCBAndStack</name>
         <load_address>0x36f0</load_address>
         <run_address>0x36f0</run_address>
         <size>0x36</size>
         <input_file_ref idref="fl-a"/>
      </object_component>
      <object_component id="oc-284">
         <name>.text:SysCtlPeripheralEnable</name>
         <load_address>0x3728</load_address>
         <run_address>0x3728</run_address>
         <size>0x34</size>
         <input_file_ref idref="fl-158"/>
      </object_component>
      <object_component id="oc-371">
         <name>.text:vTaskDelay</name>
         <load_address>0x375c</load_address>
         <run_address>0x375c</run_address>
         <size>0x34</size>
         <input_file_ref idref="fl-a"/>
      </object_component>
      <object_component id="oc-43c">
         <name>.text:prvHeapInit</name>
         <load_address>0x3790</load_address>
         <run_address>0x3790</run_address>
         <size>0x30</size>
         <input_file_ref idref="fl-8"/>
      </object_component>
      <object_component id="oc-3bb">
         <name>.text:GPIODirModeSet</name>
         <load_address>0x37c0</load_address>
         <run_address>0x37c0</run_address>
         <size>0x2a</size>
         <input_file_ref idref="fl-15b"/>
      </object_component>
      <object_component id="oc-206">
         <name>.text:GrFontBaselineGet</name>
         <load_address>0x37ea</load_address>
         <run_address>0x37ea</run_address>
         <size>0x2a</size>
         <input_file_ref idref="fl-160"/>
      </object_component>
      <object_component id="oc-323">
         <name>.text:GrStringNextCharGet</name>
         <load_address>0x3814</load_address>
         <run_address>0x3814</run_address>
         <size>0x2a</size>
         <input_file_ref idref="fl-160"/>
      </object_component>
      <object_component id="oc-32d">
         <name>.text:GrFontInfoGet</name>
         <load_address>0x383e</load_address>
         <run_address>0x383e</run_address>
         <size>0x26</size>
         <input_file_ref idref="fl-160"/>
      </object_component>
      <object_component id="oc-4ac">
         <name>.text:prvCopyDataFromQueue</name>
         <load_address>0x3864</load_address>
         <run_address>0x3864</run_address>
         <size>0x24</size>
         <input_file_ref idref="fl-b"/>
      </object_component>
      <object_component id="oc-496">
         <name>.text:xTaskIsTaskSuspended</name>
         <load_address>0x3888</load_address>
         <run_address>0x3888</run_address>
         <size>0x24</size>
         <input_file_ref idref="fl-a"/>
      </object_component>
      <object_component id="oc-328">
         <name>.text:GrFontGlyphDataGet</name>
         <load_address>0x38ac</load_address>
         <run_address>0x38ac</run_address>
         <size>0x22</size>
         <input_file_ref idref="fl-160"/>
      </object_component>
      <object_component id="oc-28f">
         <name>.text:LCDModeSet</name>
         <load_address>0x38ce</load_address>
         <run_address>0x38ce</run_address>
         <size>0x22</size>
         <input_file_ref idref="fl-159"/>
      </object_component>
      <object_component id="oc-2ee">
         <name>.text:pxPortInitialiseStack</name>
         <load_address>0x38f0</load_address>
         <run_address>0x38f0</run_address>
         <size>0x22</size>
         <input_file_ref idref="fl-7"/>
      </object_component>
      <object_component id="oc-ec">
         <name>.text</name>
         <load_address>0x3912</load_address>
         <run_address>0x3912</run_address>
         <size>0x22</size>
         <input_file_ref idref="fl-149"/>
      </object_component>
      <object_component id="oc-526">
         <name>.text:ustrncpy</name>
         <load_address>0x3934</load_address>
         <run_address>0x3934</run_address>
         <size>0x22</size>
         <input_file_ref idref="fl-f"/>
      </object_component>
      <object_component id="oc-f5">
         <name>.text:uxListRemove</name>
         <load_address>0x3956</load_address>
         <run_address>0x3956</run_address>
         <size>0x22</size>
         <input_file_ref idref="fl-c"/>
      </object_component>
      <object_component id="oc-37e">
         <name>.text:usprintf</name>
         <load_address>0x3978</load_address>
         <run_address>0x3978</run_address>
         <size>0x20</size>
         <input_file_ref idref="fl-f"/>
      </object_component>
      <object_component id="oc-4e3">
         <name>.text:GrFontCodepageGet</name>
         <load_address>0x3998</load_address>
         <run_address>0x3998</run_address>
         <size>0x1e</size>
         <input_file_ref idref="fl-160"/>
      </object_component>
      <object_component id="oc-489">
         <name>.text:prvIsQueueFull</name>
         <load_address>0x39b6</load_address>
         <run_address>0x39b6</run_address>
         <size>0x1c</size>
         <input_file_ref idref="fl-b"/>
      </object_component>
      <object_component id="oc-3c">
         <name>.text:xPortSysTickHandler</name>
         <load_address>0x39d4</load_address>
         <run_address>0x39d4</run_address>
         <size>0x1c</size>
         <input_file_ref idref="fl-7"/>
      </object_component>
      <object_component id="oc-4a2">
         <name>.text:prvIsQueueEmpty</name>
         <load_address>0x39f0</load_address>
         <run_address>0x39f0</run_address>
         <size>0x1a</size>
         <input_file_ref idref="fl-b"/>
      </object_component>
      <object_component id="oc-52">
         <name>.text</name>
         <load_address>0x3a0c</load_address>
         <run_address>0x3a0c</run_address>
         <size>0x18</size>
         <input_file_ref idref="fl-154"/>
      </object_component>
      <object_component id="oc-fa">
         <name>.text:vListInsertEnd</name>
         <load_address>0x3a24</load_address>
         <run_address>0x3a24</run_address>
         <size>0x18</size>
         <input_file_ref idref="fl-c"/>
      </object_component>
      <object_component id="oc-47a">
         <name>.text:vTaskSetTimeOutState</name>
         <load_address>0x3a3c</load_address>
         <run_address>0x3a3c</run_address>
         <size>0x18</size>
         <input_file_ref idref="fl-a"/>
      </object_component>
      <object_component id="oc-356">
         <name>.text:Kentec320x240x16_SSD2119ColorTranslate</name>
         <load_address>0x3a54</load_address>
         <run_address>0x3a54</run_address>
         <size>0x16</size>
         <input_file_ref idref="fl-4"/>
      </object_component>
      <object_component id="oc-428">
         <name>.text:vListInitialise</name>
         <load_address>0x3a6a</load_address>
         <run_address>0x3a6a</run_address>
         <size>0x16</size>
         <input_file_ref idref="fl-c"/>
      </object_component>
      <object_component id="oc-44e">
         <name>.text:prvSetupTimerInterrupt</name>
         <load_address>0x3a80</load_address>
         <run_address>0x3a80</run_address>
         <size>0x14</size>
         <input_file_ref idref="fl-7"/>
      </object_component>
      <object_component id="oc-22a">
         <name>.text</name>
         <load_address>0x3a94</load_address>
         <run_address>0x3a94</run_address>
         <size>0x14</size>
         <input_file_ref idref="fl-153"/>
      </object_component>
      <object_component id="oc-2f3">
         <name>.text:vPortEnterCritical</name>
         <load_address>0x3aa8</load_address>
         <run_address>0x3aa8</run_address>
         <size>0x14</size>
         <input_file_ref idref="fl-7"/>
      </object_component>
      <object_component id="oc-2fd">
         <name>.text:vPortExitCritical</name>
         <load_address>0x3abc</load_address>
         <run_address>0x3abc</run_address>
         <size>0x14</size>
         <input_file_ref idref="fl-7"/>
      </object_component>
      <object_component id="oc-27e">
         <name>.text:GPIOPinTypeEthernetLED</name>
         <load_address>0x3ad0</load_address>
         <run_address>0x3ad0</run_address>
         <size>0x12</size>
         <input_file_ref idref="fl-15b"/>
      </object_component>
      <object_component id="oc-20b">
         <name>.text:GrStringDraw</name>
         <load_address>0x3ae2</load_address>
         <run_address>0x3ae2</run_address>
         <size>0x12</size>
         <input_file_ref idref="fl-160"/>
      </object_component>
      <object_component id="oc-19">
         <name>.text:decompress:ZI</name>
         <load_address>0x3af4</load_address>
         <run_address>0x3af4</run_address>
         <size>0x12</size>
         <input_file_ref idref="fl-147"/>
      </object_component>
      <object_component id="oc-502">
         <name>.text:prvDeleteTCB</name>
         <load_address>0x3b06</load_address>
         <run_address>0x3b06</run_address>
         <size>0x12</size>
         <input_file_ref idref="fl-a"/>
      </object_component>
      <object_component id="oc-302">
         <name>.text:vPortYield</name>
         <load_address>0x3b18</load_address>
         <run_address>0x3b18</run_address>
         <size>0x10</size>
         <input_file_ref idref="fl-7"/>
      </object_component>
      <object_component id="oc-a3">
         <name>.text:vPortYieldFromISR</name>
         <load_address>0x3b28</load_address>
         <run_address>0x3b28</run_address>
         <size>0x10</size>
         <input_file_ref idref="fl-7"/>
      </object_component>
      <object_component id="oc-437">
         <name>.text:vTaskSuspendAll</name>
         <load_address>0x3b38</load_address>
         <run_address>0x3b38</run_address>
         <size>0x10</size>
         <input_file_ref idref="fl-a"/>
      </object_component>
      <object_component id="oc-2c4">
         <name>.text:GrImageDraw</name>
         <load_address>0x3b48</load_address>
         <run_address>0x3b48</run_address>
         <size>0xe</size>
         <input_file_ref idref="fl-161"/>
      </object_component>
      <object_component id="oc-14">
         <name>.text:decompress:none</name>
         <load_address>0x3b56</load_address>
         <run_address>0x3b56</run_address>
         <size>0xe</size>
         <input_file_ref idref="fl-145"/>
      </object_component>
      <object_component id="oc-2a3">
         <name>.text:LCDIDDCommandWrite</name>
         <load_address>0x3b64</load_address>
         <run_address>0x3b64</run_address>
         <size>0xc</size>
         <input_file_ref idref="fl-159"/>
      </object_component>
      <object_component id="oc-2a8">
         <name>.text:LCDIDDDataWrite</name>
         <load_address>0x3b70</load_address>
         <run_address>0x3b70</run_address>
         <size>0xc</size>
         <input_file_ref idref="fl-159"/>
      </object_component>
      <object_component id="oc-1ed">
         <name>.text:SysCtlMOSCConfigSet</name>
         <load_address>0x3b7c</load_address>
         <run_address>0x3b7c</run_address>
         <size>0xc</size>
         <input_file_ref idref="fl-158"/>
      </object_component>
      <object_component id="oc-31d">
         <name>.text:prvIdleTask</name>
         <load_address>0x3b88</load_address>
         <run_address>0x3b88</run_address>
         <size>0xc</size>
         <input_file_ref idref="fl-a"/>
      </object_component>
      <object_component id="oc-50e">
         <name>.text:vTaskMissedYield</name>
         <load_address>0x3b94</load_address>
         <run_address>0x3b94</run_address>
         <size>0xc</size>
         <input_file_ref idref="fl-a"/>
      </object_component>
      <object_component id="oc-4b1">
         <name>.text:xTaskGetCurrentTaskHandle</name>
         <load_address>0x3ba0</load_address>
         <run_address>0x3ba0</run_address>
         <size>0xc</size>
         <input_file_ref idref="fl-a"/>
      </object_component>
      <object_component id="oc-3dd">
         <name>.text:GrMapISO8859_1_Unicode</name>
         <load_address>0x3bac</load_address>
         <run_address>0x3bac</run_address>
         <size>0x8</size>
         <input_file_ref idref="fl-163"/>
      </object_component>
      <object_component id="oc-99">
         <name>.text:EMACTimestampIntStatus</name>
         <load_address>0x3bb4</load_address>
         <run_address>0x3bb4</run_address>
         <size>0x6</size>
         <input_file_ref idref="fl-15c"/>
      </object_component>
      <object_component id="oc-289">
         <name>.text:GPIOPinWrite</name>
         <load_address>0x3bba</load_address>
         <run_address>0x3bba</run_address>
         <size>0x6</size>
         <input_file_ref idref="fl-15b"/>
      </object_component>
      <object_component id="oc-2c9">
         <name>.text:GrContextFontSet</name>
         <load_address>0x3bc0</load_address>
         <run_address>0x3bc0</run_address>
         <size>0x6</size>
         <input_file_ref idref="fl-160"/>
      </object_component>
      <object_component id="oc-24">
         <name>.text:ResetISR</name>
         <load_address>0x3bc6</load_address>
         <run_address>0x3bc6</run_address>
         <size>0x6</size>
         <input_file_ref idref="fl-12"/>
      </object_component>
      <object_component id="oc-28e">
         <name>.text:SysCtlDelay</name>
         <load_address>0x3bcc</load_address>
         <run_address>0x3bcc</run_address>
         <size>0x6</size>
         <input_file_ref idref="fl-158"/>
      </object_component>
      <object_component id="oc-1e">
         <name>.text:decompress:rle24</name>
         <load_address>0x3bd2</load_address>
         <run_address>0x3bd2</run_address>
         <size>0x6</size>
         <input_file_ref idref="fl-146"/>
      </object_component>
      <object_component id="oc-41e">
         <name>.text:vListInitialiseItem</name>
         <load_address>0x3bd8</load_address>
         <run_address>0x3bd8</run_address>
         <size>0x6</size>
         <input_file_ref idref="fl-c"/>
      </object_component>
      <object_component id="oc-294">
         <name>.text:LCDDMAConfigSet</name>
         <load_address>0x3bde</load_address>
         <run_address>0x3bde</run_address>
         <size>0x4</size>
         <input_file_ref idref="fl-159"/>
      </object_component>
      <object_component id="oc-299">
         <name>.text:LCDIDDConfigSet</name>
         <load_address>0x3be2</load_address>
         <run_address>0x3be2</run_address>
         <size>0x4</size>
         <input_file_ref idref="fl-159"/>
      </object_component>
      <object_component id="oc-2d0">
         <name>.const:.string:g_pui8Top</name>
         <load_address>0x3be8</load_address>
         <run_address>0x3be8</run_address>
         <size>0x1a46</size>
         <input_file_ref idref="fl-5"/>
      </object_component>
      <object_component id="oc-2da">
         <name>.const:.string:g_pui8Bottom</name>
         <load_address>0x562e</load_address>
         <run_address>0x562e</run_address>
         <size>0x786</size>
         <input_file_ref idref="fl-5"/>
      </object_component>
      <object_component id="oc-40b">
         <name>.const:.string:g_pui8Cmss18bData</name>
         <load_address>0x5db4</load_address>
         <run_address>0x5db4</run_address>
         <size>0x782</size>
         <input_file_ref idref="fl-15f"/>
      </object_component>
      <object_component id="oc-2d4">
         <name>.const:.string:g_pui8Left</name>
         <load_address>0x6536</load_address>
         <run_address>0x6536</run_address>
         <size>0x546</size>
         <input_file_ref idref="fl-5"/>
      </object_component>
      <object_component id="oc-2d6">
         <name>.const:.string:g_pui8Right</name>
         <load_address>0x6a7c</load_address>
         <run_address>0x6a7c</run_address>
         <size>0x546</size>
         <input_file_ref idref="fl-5"/>
      </object_component>
      <object_component id="oc-2ce">
         <name>.const:.string:g_pui8TopLeft</name>
         <load_address>0x6fc2</load_address>
         <run_address>0x6fc2</run_address>
         <size>0x17c</size>
         <input_file_ref idref="fl-5"/>
      </object_component>
      <object_component id="oc-2d2">
         <name>.const:.string:g_pui8TopRight</name>
         <load_address>0x713e</load_address>
         <run_address>0x713e</run_address>
         <size>0x173</size>
         <input_file_ref idref="fl-5"/>
      </object_component>
      <object_component id="oc-2d8">
         <name>.const:.string:g_pui8BottomLeft</name>
         <load_address>0x72b1</load_address>
         <run_address>0x72b1</run_address>
         <size>0xd0</size>
         <input_file_ref idref="fl-5"/>
      </object_component>
      <object_component id="oc-2de">
         <name>.const:g_sFontCmss18b</name>
         <load_address>0x7384</load_address>
         <run_address>0x7384</run_address>
         <size>0xc8</size>
         <input_file_ref idref="fl-15f"/>
      </object_component>
      <object_component id="oc-2dc">
         <name>.const:.string:g_pui8BottomRight</name>
         <load_address>0x744c</load_address>
         <run_address>0x744c</run_address>
         <size>0xc4</size>
         <input_file_ref idref="fl-5"/>
      </object_component>
      <object_component id="oc-212">
         <name>.const:g_sKentec320x240x16_SSD2119</name>
         <load_address>0x7510</load_address>
         <run_address>0x7510</run_address>
         <size>0x28</size>
         <input_file_ref idref="fl-4"/>
      </object_component>
      <object_component id="oc-109">
         <name>.const</name>
         <load_address>0x7538</load_address>
         <run_address>0x7538</run_address>
         <size>0x1c</size>
         <input_file_ref idref="fl-2"/>
      </object_component>
      <object_component id="oc-f1">
         <name>.const:.string</name>
         <load_address>0x7554</load_address>
         <run_address>0x7554</run_address>
         <size>0x14</size>
         <input_file_ref idref="fl-a"/>
      </object_component>
      <object_component id="oc-2b9">
         <name>.const</name>
         <load_address>0x7568</load_address>
         <run_address>0x7568</run_address>
         <size>0x10</size>
         <input_file_ref idref="fl-162"/>
      </object_component>
      <object_component id="oc-562">
         <name>.cinit..data.load</name>
         <load_address>0x7578</load_address>
         <run_address>0x7578</run_address>
         <size>0x24</size>
      </object_component>
      <object_component id="oc-560">
         <name>__TI_handler_table</name>
         <load_address>0x759c</load_address>
         <run_address>0x759c</run_address>
         <size>0xc</size>
      </object_component>
      <object_component id="oc-563">
         <name>.cinit..bss.load</name>
         <load_address>0x75a8</load_address>
         <run_address>0x75a8</run_address>
         <size>0x8</size>
      </object_component>
      <object_component id="oc-561">
         <name>__TI_cinit_table</name>
         <load_address>0x75b0</load_address>
         <run_address>0x75b0</run_address>
         <size>0x10</size>
      </object_component>
      <object_component id="oc-5c">
         <name>.data</name>
         <load_address>0x20006198</load_address>
         <run_address>0x20006198</run_address>
         <size>0x4</size>
         <input_file_ref idref="fl-14c"/>
      </object_component>
      <object_component id="oc-81">
         <name>.data</name>
         <load_address>0x2000614c</load_address>
         <run_address>0x2000614c</run_address>
         <size>0x30</size>
         <input_file_ref idref="fl-a"/>
      </object_component>
      <object_component id="oc-ca">
         <name>.data</name>
         <load_address>0x20006184</load_address>
         <run_address>0x20006184</run_address>
         <size>0x8</size>
         <input_file_ref idref="fl-153"/>
      </object_component>
      <object_component id="oc-cc">
         <name>.data</name>
         <load_address>0x2000618c</load_address>
         <run_address>0x2000618c</run_address>
         <size>0x8</size>
         <input_file_ref idref="fl-148"/>
      </object_component>
      <object_component id="oc-10b">
         <name>.data</name>
         <load_address>0x2000619c</load_address>
         <run_address>0x2000619c</run_address>
         <size>0x4</size>
         <input_file_ref idref="fl-2"/>
      </object_component>
      <object_component id="oc-425">
         <name>.data</name>
         <load_address>0x20006194</load_address>
         <run_address>0x20006194</run_address>
         <size>0x4</size>
         <input_file_ref idref="fl-7"/>
      </object_component>
      <object_component id="oc-446">
         <name>.data</name>
         <load_address>0x2000617c</load_address>
         <run_address>0x2000617c</run_address>
         <size>0x8</size>
         <input_file_ref idref="fl-8"/>
      </object_component>
      <object_component id="oc-f2">
         <name>.bss:pxReadyTasksLists</name>
         <uninitialized>true</uninitialized>
         <run_address>0x20004f10</run_address>
         <size>0x140</size>
         <input_file_ref idref="fl-a"/>
      </object_component>
      <object_component id="oc-21e">
         <name>.bss:g_sContext</name>
         <uninitialized>true</uninitialized>
         <run_address>0x20005050</run_address>
         <size>0x2c</size>
         <input_file_ref idref="fl-15"/>
      </object_component>
      <object_component id="oc-2bb">
         <name>.bss</name>
         <uninitialized>true</uninitialized>
         <run_address>0x20005120</run_address>
         <size>0x4</size>
         <input_file_ref idref="fl-162"/>
      </object_component>
      <object_component id="oc-4de">
         <name>.bss</name>
         <uninitialized>true</uninitialized>
         <run_address>0x2000507c</run_address>
         <size>0x20</size>
         <input_file_ref idref="fl-161"/>
      </object_component>
      <object_component id="oc-4f8">
         <name>.bss:ucHeap</name>
         <uninitialized>true</uninitialized>
         <run_address>0x20000000</run_address>
         <size>0x4f10</size>
         <input_file_ref idref="fl-8"/>
      </object_component>
      <object_component id="oc-94">
         <name>.common:g_ui32TSState</name>
         <uninitialized>true</uninitialized>
         <run_address>0x20005134</run_address>
         <size>0x4</size>
      </object_component>
      <object_component id="oc-10e">
         <name>.common:g_pfnTSHandler</name>
         <uninitialized>true</uninitialized>
         <run_address>0x20005128</run_address>
         <size>0x4</size>
      </object_component>
      <object_component id="oc-10d">
         <name>.common:g_pi16Samples</name>
         <uninitialized>true</uninitialized>
         <run_address>0x20005100</run_address>
         <size>0x10</size>
      </object_component>
      <object_component id="oc-107">
         <name>.common:g_i16TouchX</name>
         <uninitialized>true</uninitialized>
         <run_address>0x20005148</run_address>
         <size>0x2</size>
      </object_component>
      <object_component id="oc-108">
         <name>.common:g_i16TouchY</name>
         <uninitialized>true</uninitialized>
         <run_address>0x2000514a</run_address>
         <size>0x2</size>
      </object_component>
      <object_component id="oc-4fb">
         <name>.common:xStart</name>
         <uninitialized>true</uninitialized>
         <run_address>0x20005118</run_address>
         <size>0x8</size>
      </object_component>
      <object_component id="oc-4fa">
         <name>.common:xEnd</name>
         <uninitialized>true</uninitialized>
         <run_address>0x20005110</run_address>
         <size>0x8</size>
      </object_component>
      <object_component id="oc-42d">
         <name>.common:xDelayedTaskList1</name>
         <uninitialized>true</uninitialized>
         <run_address>0x2000509c</run_address>
         <size>0x14</size>
      </object_component>
      <object_component id="oc-42e">
         <name>.common:xDelayedTaskList2</name>
         <uninitialized>true</uninitialized>
         <run_address>0x200050b0</run_address>
         <size>0x14</size>
      </object_component>
      <object_component id="oc-51f">
         <name>.common:pxDelayedTaskList</name>
         <uninitialized>true</uninitialized>
         <run_address>0x20005138</run_address>
         <size>0x4</size>
      </object_component>
      <object_component id="oc-520">
         <name>.common:pxOverflowDelayedTaskList</name>
         <uninitialized>true</uninitialized>
         <run_address>0x2000513c</run_address>
         <size>0x4</size>
      </object_component>
      <object_component id="oc-51d">
         <name>.common:xPendingReadyList</name>
         <uninitialized>true</uninitialized>
         <run_address>0x200050c4</run_address>
         <size>0x14</size>
      </object_component>
      <object_component id="oc-507">
         <name>.common:xTasksWaitingTermination</name>
         <uninitialized>true</uninitialized>
         <run_address>0x200050ec</run_address>
         <size>0x14</size>
      </object_component>
      <object_component id="oc-51c">
         <name>.common:xSuspendedTaskList</name>
         <uninitialized>true</uninitialized>
         <run_address>0x200050d8</run_address>
         <size>0x14</size>
      </object_component>
      <object_component id="oc-a8">
         <name>.common:g_pInterrupt</name>
         <uninitialized>true</uninitialized>
         <run_address>0x20005124</run_address>
         <size>0x4</size>
      </object_component>
      <object_component id="oc-aa">
         <name>.common:g_pfnTimerHandler</name>
         <uninitialized>true</uninitialized>
         <run_address>0x2000512c</run_address>
         <size>0x4</size>
      </object_component>
      <object_component id="oc-210">
         <name>.common:g_ui32SysClock</name>
         <uninitialized>true</uninitialized>
         <run_address>0x20005130</run_address>
         <size>0x4</size>
      </object_component>
      <object_component id="oc-383">
         <name>.common:xQueue1</name>
         <uninitialized>true</uninitialized>
         <run_address>0x20005144</run_address>
         <size>0x4</size>
      </object_component>
      <object_component id="oc-376">
         <name>.common:xHandle</name>
         <uninitialized>true</uninitialized>
         <run_address>0x20005140</run_address>
         <size>0x4</size>
      </object_component>
      <object_component id="oc-23">
         <name>.stack</name>
         <uninitialized>true</uninitialized>
         <run_address>0x2000514c</run_address>
         <size>0x0</size>
         <input_file_ref idref="fl-144"/>
      </object_component>
      <object_component id="oc-564">
         <name>.stack</name>
         <uninitialized>true</uninitialized>
         <run_address>0x2000514c</run_address>
         <size>0x0</size>
      </object_component>
      <object_component id="oc-f">
         <name>.debug_info</name>
         <load_address>0x0</load_address>
         <run_address>0x0</run_address>
         <size>0xe6</size>
         <input_file_ref idref="fl-12"/>
      </object_component>
      <object_component id="oc-11">
         <name>.debug_info</name>
         <load_address>0xe6</load_address>
         <run_address>0xe6</run_address>
         <size>0xf3</size>
         <input_file_ref idref="fl-144"/>
      </object_component>
      <object_component id="oc-15">
         <name>.debug_info</name>
         <load_address>0x1d9</load_address>
         <run_address>0x1d9</run_address>
         <size>0x194</size>
         <input_file_ref idref="fl-145"/>
      </object_component>
      <object_component id="oc-1a">
         <name>.debug_info</name>
         <load_address>0x36d</load_address>
         <run_address>0x36d</run_address>
         <size>0x16a</size>
         <input_file_ref idref="fl-147"/>
      </object_component>
      <object_component id="oc-20">
         <name>.debug_info</name>
         <load_address>0x4d7</load_address>
         <run_address>0x4d7</run_address>
         <size>0x18e</size>
         <input_file_ref idref="fl-146"/>
      </object_component>
      <object_component id="oc-27">
         <name>.debug_info</name>
         <load_address>0x665</load_address>
         <run_address>0x665</run_address>
         <size>0x116</size>
         <input_file_ref idref="fl-12"/>
      </object_component>
      <object_component id="oc-2a">
         <name>.debug_info</name>
         <load_address>0x77b</load_address>
         <run_address>0x77b</run_address>
         <size>0x104</size>
         <input_file_ref idref="fl-12"/>
      </object_component>
      <object_component id="oc-31">
         <name>.debug_info</name>
         <load_address>0x87f</load_address>
         <run_address>0x87f</run_address>
         <size>0x10b</size>
         <input_file_ref idref="fl-12"/>
      </object_component>
      <object_component id="oc-34">
         <name>.debug_info</name>
         <load_address>0x98a</load_address>
         <run_address>0x98a</run_address>
         <size>0x11f</size>
         <input_file_ref idref="fl-12"/>
      </object_component>
      <object_component id="oc-3a">
         <name>.debug_info</name>
         <load_address>0xaa9</load_address>
         <run_address>0xaa9</run_address>
         <size>0x196</size>
         <input_file_ref idref="fl-6"/>
      </object_component>
      <object_component id="oc-3d">
         <name>.debug_info</name>
         <load_address>0xc3f</load_address>
         <run_address>0xc3f</run_address>
         <size>0x200</size>
         <input_file_ref idref="fl-7"/>
      </object_component>
      <object_component id="oc-43">
         <name>.debug_info</name>
         <load_address>0xe3f</load_address>
         <run_address>0xe3f</run_address>
         <size>0x154</size>
         <input_file_ref idref="fl-2"/>
      </object_component>
      <object_component id="oc-47">
         <name>.debug_info</name>
         <load_address>0xf93</load_address>
         <run_address>0xf93</run_address>
         <size>0x204</size>
         <input_file_ref idref="fl-10"/>
      </object_component>
      <object_component id="oc-4d">
         <name>.debug_info</name>
         <load_address>0x1197</load_address>
         <run_address>0x1197</run_address>
         <size>0x1e7</size>
         <input_file_ref idref="fl-12"/>
      </object_component>
      <object_component id="oc-51">
         <name>.debug_info</name>
         <load_address>0x137e</load_address>
         <run_address>0x137e</run_address>
         <size>0x13d</size>
         <input_file_ref idref="fl-155"/>
      </object_component>
      <object_component id="oc-54">
         <name>.debug_info</name>
         <load_address>0x14bb</load_address>
         <run_address>0x14bb</run_address>
         <size>0x11c</size>
         <input_file_ref idref="fl-154"/>
      </object_component>
      <object_component id="oc-59">
         <name>.debug_info</name>
         <load_address>0x15d7</load_address>
         <run_address>0x15d7</run_address>
         <size>0x1c2</size>
         <input_file_ref idref="fl-148"/>
      </object_component>
      <object_component id="oc-5d">
         <name>.debug_info</name>
         <load_address>0x1799</load_address>
         <run_address>0x1799</run_address>
         <size>0xbe</size>
         <input_file_ref idref="fl-14c"/>
      </object_component>
      <object_component id="oc-60">
         <name>.debug_info</name>
         <load_address>0x1857</load_address>
         <run_address>0x1857</run_address>
         <size>0xcc</size>
         <input_file_ref idref="fl-14a"/>
      </object_component>
      <object_component id="oc-64">
         <name>.debug_info</name>
         <load_address>0x1923</load_address>
         <run_address>0x1923</run_address>
         <size>0x46</size>
         <input_file_ref idref="fl-145"/>
      </object_component>
      <object_component id="oc-69">
         <name>.debug_info</name>
         <load_address>0x1969</load_address>
         <run_address>0x1969</run_address>
         <size>0xf2</size>
         <input_file_ref idref="fl-145"/>
      </object_component>
      <object_component id="oc-6b">
         <name>.debug_info</name>
         <load_address>0x1a5b</load_address>
         <run_address>0x1a5b</run_address>
         <size>0x46</size>
         <input_file_ref idref="fl-147"/>
      </object_component>
      <object_component id="oc-70">
         <name>.debug_info</name>
         <load_address>0x1aa1</load_address>
         <run_address>0x1aa1</run_address>
         <size>0xad</size>
         <input_file_ref idref="fl-147"/>
      </object_component>
      <object_component id="oc-73">
         <name>.debug_info</name>
         <load_address>0x1b4e</load_address>
         <run_address>0x1b4e</run_address>
         <size>0x1ef</size>
         <input_file_ref idref="fl-146"/>
      </object_component>
      <object_component id="oc-77">
         <name>.debug_info</name>
         <load_address>0x1d3d</load_address>
         <run_address>0x1d3d</run_address>
         <size>0xb7</size>
         <input_file_ref idref="fl-146"/>
      </object_component>
      <object_component id="oc-78">
         <name>.debug_info</name>
         <load_address>0x1df4</load_address>
         <run_address>0x1df4</run_address>
         <size>0x39</size>
         <input_file_ref idref="fl-146"/>
      </object_component>
      <object_component id="oc-82">
         <name>.debug_info</name>
         <load_address>0x1e2d</load_address>
         <run_address>0x1e2d</run_address>
         <size>0x308</size>
         <input_file_ref idref="fl-a"/>
      </object_component>
      <object_component id="oc-85">
         <name>.debug_info</name>
         <load_address>0x2135</load_address>
         <run_address>0x2135</run_address>
         <size>0x220</size>
         <input_file_ref idref="fl-a"/>
      </object_component>
      <object_component id="oc-8b">
         <name>.debug_info</name>
         <load_address>0x2355</load_address>
         <run_address>0x2355</run_address>
         <size>0x254</size>
         <input_file_ref idref="fl-a"/>
      </object_component>
      <object_component id="oc-90">
         <name>.debug_info</name>
         <load_address>0x25a9</load_address>
         <run_address>0x25a9</run_address>
         <size>0x1a0</size>
         <input_file_ref idref="fl-2"/>
      </object_component>
      <object_component id="oc-95">
         <name>.debug_info</name>
         <load_address>0x2749</load_address>
         <run_address>0x2749</run_address>
         <size>0x473</size>
         <input_file_ref idref="fl-2"/>
      </object_component>
      <object_component id="oc-9a">
         <name>.debug_info</name>
         <load_address>0x2bbc</load_address>
         <run_address>0x2bbc</run_address>
         <size>0x1c7</size>
         <input_file_ref idref="fl-15c"/>
      </object_component>
      <object_component id="oc-9f">
         <name>.debug_info</name>
         <load_address>0x2d83</load_address>
         <run_address>0x2d83</run_address>
         <size>0x34b</size>
         <input_file_ref idref="fl-b"/>
      </object_component>
      <object_component id="oc-a5">
         <name>.debug_info</name>
         <load_address>0x30ce</load_address>
         <run_address>0x30ce</run_address>
         <size>0x1a9</size>
         <input_file_ref idref="fl-7"/>
      </object_component>
      <object_component id="oc-a9">
         <name>.debug_info</name>
         <load_address>0x3277</load_address>
         <run_address>0x3277</run_address>
         <size>0x15db</size>
         <input_file_ref idref="fl-10"/>
      </object_component>
      <object_component id="oc-ac">
         <name>.debug_info</name>
         <load_address>0x4852</load_address>
         <run_address>0x4852</run_address>
         <size>0x8b</size>
         <input_file_ref idref="fl-2"/>
      </object_component>
      <object_component id="oc-b1">
         <name>.debug_info</name>
         <load_address>0x48dd</load_address>
         <run_address>0x48dd</run_address>
         <size>0x18b</size>
         <input_file_ref idref="fl-2"/>
      </object_component>
      <object_component id="oc-b8">
         <name>.debug_info</name>
         <load_address>0x4a68</load_address>
         <run_address>0x4a68</run_address>
         <size>0x84</size>
         <input_file_ref idref="fl-3"/>
      </object_component>
      <object_component id="oc-bf">
         <name>.debug_info</name>
         <load_address>0x4aec</load_address>
         <run_address>0x4aec</run_address>
         <size>0x14b</size>
         <input_file_ref idref="fl-156"/>
      </object_component>
      <object_component id="oc-c4">
         <name>.debug_info</name>
         <load_address>0x4c37</load_address>
         <run_address>0x4c37</run_address>
         <size>0x239</size>
         <input_file_ref idref="fl-15"/>
      </object_component>
      <object_component id="oc-c9">
         <name>.debug_info</name>
         <load_address>0x4e70</load_address>
         <run_address>0x4e70</run_address>
         <size>0x11b</size>
         <input_file_ref idref="fl-154"/>
      </object_component>
      <object_component id="oc-cb">
         <name>.debug_info</name>
         <load_address>0x4f8b</load_address>
         <run_address>0x4f8b</run_address>
         <size>0xc8</size>
         <input_file_ref idref="fl-153"/>
      </object_component>
      <object_component id="oc-cd">
         <name>.debug_info</name>
         <load_address>0x5053</load_address>
         <run_address>0x5053</run_address>
         <size>0xeb</size>
         <input_file_ref idref="fl-148"/>
      </object_component>
      <object_component id="oc-cf">
         <name>.debug_info</name>
         <load_address>0x513e</load_address>
         <run_address>0x513e</run_address>
         <size>0x146</size>
         <input_file_ref idref="fl-148"/>
      </object_component>
      <object_component id="oc-d3">
         <name>.debug_info</name>
         <load_address>0x5284</load_address>
         <run_address>0x5284</run_address>
         <size>0x2c</size>
         <input_file_ref idref="fl-145"/>
      </object_component>
      <object_component id="oc-da">
         <name>.debug_info</name>
         <load_address>0x52b0</load_address>
         <run_address>0x52b0</run_address>
         <size>0x2c</size>
         <input_file_ref idref="fl-e"/>
      </object_component>
      <object_component id="oc-e6">
         <name>.debug_info</name>
         <load_address>0x52dc</load_address>
         <run_address>0x52dc</run_address>
         <size>0x797</size>
         <input_file_ref idref="fl-a"/>
      </object_component>
      <object_component id="oc-e8">
         <name>.debug_info</name>
         <load_address>0x5a73</load_address>
         <run_address>0x5a73</run_address>
         <size>0x166</size>
         <input_file_ref idref="fl-13"/>
      </object_component>
      <object_component id="oc-ed">
         <name>.debug_info</name>
         <load_address>0x5bd9</load_address>
         <run_address>0x5bd9</run_address>
         <size>0x1a0</size>
         <input_file_ref idref="fl-149"/>
      </object_component>
      <object_component id="oc-f3">
         <name>.debug_info</name>
         <load_address>0x5d79</load_address>
         <run_address>0x5d79</run_address>
         <size>0x105</size>
         <input_file_ref idref="fl-a"/>
      </object_component>
      <object_component id="oc-f6">
         <name>.debug_info</name>
         <load_address>0x5e7e</load_address>
         <run_address>0x5e7e</run_address>
         <size>0x1c0</size>
         <input_file_ref idref="fl-c"/>
      </object_component>
      <object_component id="oc-fb">
         <name>.debug_info</name>
         <load_address>0x603e</load_address>
         <run_address>0x603e</run_address>
         <size>0x1e8</size>
         <input_file_ref idref="fl-c"/>
      </object_component>
      <object_component id="oc-102">
         <name>.debug_info</name>
         <load_address>0x6226</load_address>
         <run_address>0x6226</run_address>
         <size>0x2c</size>
         <input_file_ref idref="fl-7"/>
      </object_component>
      <object_component id="oc-10a">
         <name>.debug_info</name>
         <load_address>0x6252</load_address>
         <run_address>0x6252</run_address>
         <size>0xfa</size>
         <input_file_ref idref="fl-2"/>
      </object_component>
      <object_component id="oc-10c">
         <name>.debug_info</name>
         <load_address>0x634c</load_address>
         <run_address>0x634c</run_address>
         <size>0x130</size>
         <input_file_ref idref="fl-2"/>
      </object_component>
      <object_component id="oc-112">
         <name>.debug_info</name>
         <load_address>0x647c</load_address>
         <run_address>0x647c</run_address>
         <size>0x6bd</size>
         <input_file_ref idref="fl-2"/>
      </object_component>
      <object_component id="oc-117">
         <name>.debug_info</name>
         <load_address>0x6b39</load_address>
         <run_address>0x6b39</run_address>
         <size>0xc6</size>
         <input_file_ref idref="fl-2"/>
      </object_component>
      <object_component id="oc-11d">
         <name>.debug_info</name>
         <load_address>0x6bff</load_address>
         <run_address>0x6bff</run_address>
         <size>0x18b</size>
         <input_file_ref idref="fl-157"/>
      </object_component>
      <object_component id="oc-122">
         <name>.debug_info</name>
         <load_address>0x6d8a</load_address>
         <run_address>0x6d8a</run_address>
         <size>0x2f0</size>
         <input_file_ref idref="fl-15c"/>
      </object_component>
      <object_component id="oc-124">
         <name>.debug_info</name>
         <load_address>0x707a</load_address>
         <run_address>0x707a</run_address>
         <size>0x250</size>
         <input_file_ref idref="fl-b"/>
      </object_component>
      <object_component id="oc-12a">
         <name>.debug_info</name>
         <load_address>0x72ca</load_address>
         <run_address>0x72ca</run_address>
         <size>0x234</size>
         <input_file_ref idref="fl-a"/>
      </object_component>
      <object_component id="oc-12e">
         <name>.debug_info</name>
         <load_address>0x74fe</load_address>
         <run_address>0x74fe</run_address>
         <size>0x46</size>
         <input_file_ref idref="fl-9"/>
      </object_component>
      <object_component id="oc-133">
         <name>.debug_info</name>
         <load_address>0x7544</load_address>
         <run_address>0x7544</run_address>
         <size>0x5ce</size>
         <input_file_ref idref="fl-b"/>
      </object_component>
      <object_component id="oc-137">
         <name>.debug_info</name>
         <load_address>0x7b12</load_address>
         <run_address>0x7b12</run_address>
         <size>0x99</size>
         <input_file_ref idref="fl-e"/>
      </object_component>
      <object_component id="oc-13c">
         <name>.debug_info</name>
         <load_address>0x7bab</load_address>
         <run_address>0x7bab</run_address>
         <size>0x12f</size>
         <input_file_ref idref="fl-e"/>
      </object_component>
      <object_component id="oc-141">
         <name>.debug_info</name>
         <load_address>0x7cda</load_address>
         <run_address>0x7cda</run_address>
         <size>0xc4</size>
         <input_file_ref idref="fl-10"/>
      </object_component>
      <object_component id="oc-146">
         <name>.debug_info</name>
         <load_address>0x7d9e</load_address>
         <run_address>0x7d9e</run_address>
         <size>0x20b</size>
         <input_file_ref idref="fl-10"/>
      </object_component>
      <object_component id="oc-14b">
         <name>.debug_info</name>
         <load_address>0x7fa9</load_address>
         <run_address>0x7fa9</run_address>
         <size>0x9a</size>
         <input_file_ref idref="fl-10"/>
      </object_component>
      <object_component id="oc-150">
         <name>.debug_info</name>
         <load_address>0x8043</load_address>
         <run_address>0x8043</run_address>
         <size>0x29e</size>
         <input_file_ref idref="fl-7"/>
      </object_component>
      <object_component id="oc-155">
         <name>.debug_info</name>
         <load_address>0x82e1</load_address>
         <run_address>0x82e1</run_address>
         <size>0x2c</size>
         <input_file_ref idref="fl-10"/>
      </object_component>
      <object_component id="oc-15a">
         <name>.debug_info</name>
         <load_address>0x830d</load_address>
         <run_address>0x830d</run_address>
         <size>0x8a</size>
         <input_file_ref idref="fl-10"/>
      </object_component>
      <object_component id="oc-15f">
         <name>.debug_info</name>
         <load_address>0x8397</load_address>
         <run_address>0x8397</run_address>
         <size>0x1b7</size>
         <input_file_ref idref="fl-10"/>
      </object_component>
      <object_component id="oc-164">
         <name>.debug_info</name>
         <load_address>0x854e</load_address>
         <run_address>0x854e</run_address>
         <size>0x2c</size>
         <input_file_ref idref="fl-e"/>
      </object_component>
      <object_component id="oc-169">
         <name>.debug_info</name>
         <load_address>0x857a</load_address>
         <run_address>0x857a</run_address>
         <size>0x651</size>
         <input_file_ref idref="fl-10"/>
      </object_component>
      <object_component id="oc-16e">
         <name>.debug_info</name>
         <load_address>0x8bcb</load_address>
         <run_address>0x8bcb</run_address>
         <size>0x87</size>
         <input_file_ref idref="fl-e"/>
      </object_component>
      <object_component id="oc-173">
         <name>.debug_info</name>
         <load_address>0x8c52</load_address>
         <run_address>0x8c52</run_address>
         <size>0x174</size>
         <input_file_ref idref="fl-10"/>
      </object_component>
      <object_component id="oc-178">
         <name>.debug_info</name>
         <load_address>0x8dc6</load_address>
         <run_address>0x8dc6</run_address>
         <size>0x2c</size>
         <input_file_ref idref="fl-10"/>
      </object_component>
      <object_component id="oc-17d">
         <name>.debug_info</name>
         <load_address>0x8df2</load_address>
         <run_address>0x8df2</run_address>
         <size>0xee</size>
         <input_file_ref idref="fl-10"/>
      </object_component>
      <object_component id="oc-182">
         <name>.debug_info</name>
         <load_address>0x8ee0</load_address>
         <run_address>0x8ee0</run_address>
         <size>0x2c</size>
         <input_file_ref idref="fl-e"/>
      </object_component>
      <object_component id="oc-187">
         <name>.debug_info</name>
         <load_address>0x8f0c</load_address>
         <run_address>0x8f0c</run_address>
         <size>0xa5</size>
         <input_file_ref idref="fl-10"/>
      </object_component>
      <object_component id="oc-18c">
         <name>.debug_info</name>
         <load_address>0x8fb1</load_address>
         <run_address>0x8fb1</run_address>
         <size>0x30e</size>
         <input_file_ref idref="fl-10"/>
      </object_component>
      <object_component id="oc-191">
         <name>.debug_info</name>
         <load_address>0x92bf</load_address>
         <run_address>0x92bf</run_address>
         <size>0x14d</size>
         <input_file_ref idref="fl-10"/>
      </object_component>
      <object_component id="oc-196">
         <name>.debug_info</name>
         <load_address>0x940c</load_address>
         <run_address>0x940c</run_address>
         <size>0xd7</size>
         <input_file_ref idref="fl-10"/>
      </object_component>
      <object_component id="oc-19b">
         <name>.debug_info</name>
         <load_address>0x94e3</load_address>
         <run_address>0x94e3</run_address>
         <size>0xf5</size>
         <input_file_ref idref="fl-e"/>
      </object_component>
      <object_component id="oc-1a0">
         <name>.debug_info</name>
         <load_address>0x95d8</load_address>
         <run_address>0x95d8</run_address>
         <size>0x9f</size>
         <input_file_ref idref="fl-e"/>
      </object_component>
      <object_component id="oc-1a5">
         <name>.debug_info</name>
         <load_address>0x9677</load_address>
         <run_address>0x9677</run_address>
         <size>0x167</size>
         <input_file_ref idref="fl-e"/>
      </object_component>
      <object_component id="oc-1aa">
         <name>.debug_info</name>
         <load_address>0x97de</load_address>
         <run_address>0x97de</run_address>
         <size>0x69</size>
         <input_file_ref idref="fl-10"/>
      </object_component>
      <object_component id="oc-1af">
         <name>.debug_info</name>
         <load_address>0x9847</load_address>
         <run_address>0x9847</run_address>
         <size>0x41</size>
         <input_file_ref idref="fl-10"/>
      </object_component>
      <object_component id="oc-1b4">
         <name>.debug_info</name>
         <load_address>0x9888</load_address>
         <run_address>0x9888</run_address>
         <size>0x1bb</size>
         <input_file_ref idref="fl-10"/>
      </object_component>
      <object_component id="oc-1b9">
         <name>.debug_info</name>
         <load_address>0x9a43</load_address>
         <run_address>0x9a43</run_address>
         <size>0x412</size>
         <input_file_ref idref="fl-e"/>
      </object_component>
      <object_component id="oc-1be">
         <name>.debug_info</name>
         <load_address>0x9e55</load_address>
         <run_address>0x9e55</run_address>
         <size>0x186</size>
         <input_file_ref idref="fl-10"/>
      </object_component>
      <object_component id="oc-1c3">
         <name>.debug_info</name>
[...]
         <name>FrameDraw</name>
         <value>0x162d</value>
         <object_component_ref idref="oc-1e8"/>
      </symbol>
      <symbol id="sm-188">
         <name>vPortStartFirstTask</name>
         <value>0x288d</value>
         <object_component_ref idref="oc-38"/>
      </symbol>
      <symbol id="sm-189">
         <name>vPortEnableVFP</name>
         <value>0x28a1</value>
         <object_component_ref idref="oc-38"/>
      </symbol>
      <symbol id="sm-18a">
         <name>xPortPendSVHandler</name>
         <value>0x2811</value>
         <object_component_ref idref="oc-38"/>
      </symbol>
      <symbol id="sm-18b">
         <name>vPortClearInterruptMask</name>
         <value>0x2869</value>
         <object_component_ref idref="oc-38"/>
      </symbol>
      <symbol id="sm-18c">
         <name>vPortSetInterruptMask</name>
         <value>0x285f</value>
         <object_component_ref idref="oc-38"/>
      </symbol>
      <symbol id="sm-18d">
         <name>vPortSVCHandler</name>
         <value>0x2873</value>
         <object_component_ref idref="oc-38"/>
      </symbol>
      <symbol id="sm-1fd">
         <name>vPortYield</name>
         <value>0x3b19</value>
         <object_component_ref idref="oc-302"/>
      </symbol>
      <symbol id="sm-1fe">
         <name>xPortSysTickHandler</name>
         <value>0x39d5</value>
         <object_component_ref idref="oc-3c"/>
      </symbol>
      <symbol id="sm-1ff">
         <name>vPortYieldFromISR</name>
         <value>0x3b29</value>
         <object_component_ref idref="oc-a3"/>
      </symbol>
      <symbol id="sm-200">
         <name>pxPortInitialiseStack</name>
         <value>0x38f1</value>
         <object_component_ref idref="oc-2ee"/>
      </symbol>
      <symbol id="sm-201">
         <name>vPortExitCritical</name>
         <value>0x3abd</value>
         <object_component_ref idref="oc-2fd"/>
      </symbol>
      <symbol id="sm-202">
         <name>xPortStartScheduler</name>
         <value>0x3609</value>
         <object_component_ref idref="oc-318"/>
      </symbol>
      <symbol id="sm-203">
         <name>vPortEnterCritical</name>
         <value>0x3aa9</value>
         <object_component_ref idref="oc-2f3"/>
      </symbol>
      <symbol id="sm-24e">
         <name>pvPortMalloc</name>
         <value>0x2761</value>
         <object_component_ref idref="oc-308"/>
      </symbol>
      <symbol id="sm-24f">
         <name>vPortFree</name>
         <value>0x353d</value>
         <object_component_ref idref="oc-30d"/>
      </symbol>
      <symbol id="sm-3ee">
         <name>vTaskDelay</name>
         <value>0x375d</value>
         <object_component_ref idref="oc-371"/>
      </symbol>
      <symbol id="sm-3ef">
         <name>vTaskSuspendAll</name>
         <value>0x3b39</value>
         <object_component_ref idref="oc-437"/>
      </symbol>
      <symbol id="sm-3f0">
         <name>vTaskPriorityInherit</name>
         <value>0x2cc9</value>
         <object_component_ref idref="oc-4a7"/>
      </symbol>
      <symbol id="sm-3f1">
         <name>vTaskPlaceOnEventList</name>
         <value>0x3581</value>
         <object_component_ref idref="oc-48e"/>
      </symbol>
      <symbol id="sm-3f2">
         <name>xTaskCheckForTimeOut</name>
         <value>0x31c5</value>
         <object_component_ref idref="oc-47f"/>
      </symbol>
      <symbol id="sm-3f3">
         <name>vTaskStartScheduler</name>
         <value>0x346d</value>
         <object_component_ref idref="oc-1fc"/>
      </symbol>
      <symbol id="sm-3f4">
         <name>vTaskPriorityDisinherit</name>
         <value>0x3425</value>
         <object_component_ref idref="oc-265"/>
      </symbol>
      <symbol id="sm-3f5">
         <name>vTaskMissedYield</name>
         <value>0x3b95</value>
         <object_component_ref idref="oc-50e"/>
      </symbol>
      <symbol id="sm-3f6">
         <name>xTaskResumeAll</name>
         <value>0x23a1</value>
         <object_component_ref idref="oc-441"/>
      </symbol>
      <symbol id="sm-3f7">
         <name>xTaskGenericCreate</name>
         <value>0x22c1</value>
         <object_component_ref idref="oc-1f2"/>
      </symbol>
      <symbol id="sm-3f8">
         <name>pxCurrentTCB</name>
         <value>0x2000614c</value>
         <object_component_ref idref="oc-81"/>
      </symbol>
      <symbol id="sm-3f9">
         <name>vTaskSuspend</name>
         <value>0x2e09</value>
         <object_component_ref idref="oc-367"/>
      </symbol>
      <symbol id="sm-3fa">
         <name>vTaskResume</name>
         <value>0x2ff9</value>
         <object_component_ref idref="oc-36c"/>
      </symbol>
      <symbol id="sm-3fb">
         <name>vTaskSetTimeOutState</name>
         <value>0x3a3d</value>
         <object_component_ref idref="oc-47a"/>
      </symbol>
      <symbol id="sm-3fc">
         <name>xTaskIncrementTick</name>
         <value>0x20ad</value>
         <object_component_ref idref="oc-89"/>
      </symbol>
      <symbol id="sm-3fd">
         <name>vTaskSwitchContext</name>
         <value>0x2951</value>
         <object_component_ref idref="oc-83"/>
      </symbol>
      <symbol id="sm-3fe">
         <name>xTaskGetCurrentTaskHandle</name>
         <value>0x3ba1</value>
         <object_component_ref idref="oc-4b1"/>
      </symbol>
      <symbol id="sm-3ff">
         <name>xTaskRemoveFromEventList</name>
         <value>0x2c59</value>
         <object_component_ref idref="oc-128"/>
      </symbol>
      <symbol id="sm-400">
         <name>xTaskIsTaskSuspended</name>
         <value>0x3889</value>
         <object_component_ref idref="oc-496"/>
      </symbol>
      <symbol id="sm-480">
         <name>xQueueGenericSendFromISR</name>
         <value>0x316d</value>
         <object_component_ref idref="oc-9e"/>
      </symbol>
      <symbol id="sm-481">
         <name>xQueueGenericCreate</name>
         <value>0x32b5</value>
         <object_component_ref idref="oc-1f7"/>
      </symbol>
      <symbol id="sm-482">
         <name>xQueueGenericSend</name>
         <value>0x253b</value>
         <object_component_ref idref="oc-362"/>
      </symbol>
      <symbol id="sm-483">
         <name>xQueueGenericReset</name>
         <value>0x2be9</value>
         <object_component_ref idref="oc-312"/>
      </symbol>
      <symbol id="sm-484">
         <name>xQueueGenericReceive</name>
         <value>0x21c1</value>
         <object_component_ref idref="oc-379"/>
      </symbol>
      <symbol id="sm-4af">
         <name>uxListRemove</name>
         <value>0x3957</value>
         <object_component_ref idref="oc-f5"/>
      </symbol>
      <symbol id="sm-4b0">
         <name>vListInsert</name>
         <value>0x3683</value>
         <object_component_ref idref="oc-515"/>
      </symbol>
      <symbol id="sm-4b1">
         <name>vListInitialiseItem</name>
         <value>0x3bd9</value>
         <object_component_ref idref="oc-41e"/>
      </symbol>
      <symbol id="sm-4b2">
         <name>vListInsertEnd</name>
         <value>0x3a25</value>
         <object_component_ref idref="oc-fa"/>
      </symbol>
      <symbol id="sm-4b3">
         <name>vListInitialise</name>
         <value>0x3a6b</value>
         <object_component_ref idref="oc-428"/>
      </symbol>
      <symbol id="sm-553">
         <name>uvsnprintf</name>
         <value>0x13e5</value>
         <object_component_ref idref="oc-4b7"/>
      </symbol>
      <symbol id="sm-554">
         <name>ustrncpy</name>
         <value>0x3935</value>
         <object_component_ref idref="oc-526"/>
      </symbol>
      <symbol id="sm-555">
         <name>usprintf</name>
         <value>0x3979</value>
         <object_component_ref idref="oc-37e"/>
      </symbol>
      <symbol id="sm-5ca">
         <name>g_pfnTimerHandler</name>
         <value>0x2000512c</value>
      </symbol>
      <symbol id="sm-5cb">
         <name>lwIPEthernetIntHandler</name>
         <value>0x2af9</value>
         <object_component_ref idref="oc-46"/>
      </symbol>
      <symbol id="sm-600">
         <name>ResetISR</name>
         <value>0x3bc7</value>
         <object_component_ref idref="oc-24"/>
      </symbol>
      <symbol id="sm-601">
         <name>g_pfnVectors</name>
         <value>0x0</value>
         <object_component_ref idref="oc-e"/>
      </symbol>
      <symbol id="sm-615">
         <name>vApplicationStackOverflowHook</name>
         <value>0x334b</value>
         <object_component_ref idref="oc-e7"/>
      </symbol>
      <symbol id="sm-616">
         <name>vApplicationIdleHook</name>
         <value>0x3267</value>
         <object_component_ref idref="oc-459"/>
      </symbol>
      <symbol id="sm-650">
         <name>g_ui32SysClock</name>
         <value>0x20005130</value>
      </symbol>
      <symbol id="sm-651">
         <name>xQueue1</name>
         <value>0x20005144</value>
      </symbol>
      <symbol id="sm-652">
         <name>xHandle</name>
         <value>0x20005140</value>
      </symbol>
      <symbol id="sm-653">
         <name>displayTask</name>
         <value>0x334d</value>
         <object_component_ref idref="oc-219"/>
      </symbol>
      <symbol id="sm-654">
         <name>main</name>
         <value>0x1cf1</value>
         <object_component_ref idref="oc-c3"/>
      </symbol>
      <symbol id="sm-655">
         <name>g_sContext</name>
         <value>0x20005050</value>
         <object_component_ref idref="oc-21e"/>
      </symbol>
      <symbol id="sm-656">
         <name>time_task</name>
         <value>0x33dd</value>
         <object_component_ref idref="oc-214"/>
      </symbol>
      <symbol id="sm-665">
         <name>_c_int00</name>
         <value>0x3395</value>
         <object_component_ref idref="oc-10"/>
      </symbol>
      <symbol id="sm-666">
         <name>__stack</name>
         <value>0x2000514c</value>
         <object_component_ref idref="oc-23"/>
      </symbol>
      <symbol id="sm-67c">
         <name>__TI_decompress_none</name>
         <value>0x3b57</value>
         <object_component_ref idref="oc-14"/>
      </symbol>
      <symbol id="sm-69e">
         <name>__TI_decompress_rle24</name>
         <value>0x3bd3</value>
         <object_component_ref idref="oc-1e"/>
      </symbol>
      <symbol id="sm-6b1">
         <name>__TI_zero_init</name>
         <value>0x3af5</value>
         <object_component_ref idref="oc-19"/>
      </symbol>
      <symbol id="sm-6cd">
         <name>C$$EXIT</name>
         <value>0x34f9</value>
         <object_component_ref idref="oc-57"/>
      </symbol>
      <symbol id="sm-6ce">
         <name>abort</name>
         <value>0x34fd</value>
         <object_component_ref idref="oc-57"/>
      </symbol>
      <symbol id="sm-6cf">
         <name>exit</name>
         <value>0x3505</value>
         <object_component_ref idref="oc-57"/>
      </symbol>
      <symbol id="sm-6d0">
         <name>__TI_dtors_ptr</name>
         <value>0x20006190</value>
         <object_component_ref idref="oc-cc"/>
      </symbol>
      <symbol id="sm-6d1">
         <name>__TI_cleanup_ptr</name>
         <value>0x2000618c</value>
         <object_component_ref idref="oc-cc"/>
      </symbol>
      <symbol id="sm-6e0">
         <name>memcmp</name>
         <value>0x3913</value>
         <object_component_ref idref="oc-ec"/>
      </symbol>
      <symbol id="sm-6fa">
         <name>memcpy</name>
         <value>0x28b3</value>
         <object_component_ref idref="oc-5f"/>
      </symbol>
      <symbol id="sm-6fb">
         <name>__aeabi_memcpy</name>
         <value>0x28b3</value>
         <object_component_ref idref="oc-5f"/>
      </symbol>
      <symbol id="sm-6fc">
         <name>__aeabi_memcpy8</name>
         <value>0x28b3</value>
         <object_component_ref idref="oc-5f"/>
      </symbol>
      <symbol id="sm-6fd">
         <name>__aeabi_memcpy4</name>
         <value>0x28b3</value>
         <object_component_ref idref="oc-5f"/>
      </symbol>
      <symbol id="sm-70b">
         <name>__aeabi_memset</name>
         <value>0x2b73</value>
         <object_component_ref idref="oc-419"/>
      </symbol>
      <symbol id="sm-70c">
         <name>memset</name>
         <value>0x2b79</value>
         <object_component_ref idref="oc-419"/>
      </symbol>
      <symbol id="sm-70d">
         <name>__aeabi_memset8</name>
         <value>0x2b73</value>
         <object_component_ref idref="oc-419"/>
      </symbol>
      <symbol id="sm-70e">
         <name>__aeabi_memset4</name>
         <value>0x2b73</value>
         <object_component_ref idref="oc-419"/>
      </symbol>
      <symbol id="sm-70f">
         <name>__aeabi_memclr8</name>
         <value>0x2b71</value>
         <object_component_ref idref="oc-419"/>
      </symbol>
      <symbol id="sm-710">
         <name>__aeabi_memclr4</name>
         <value>0x2b71</value>
         <object_component_ref idref="oc-419"/>
      </symbol>
      <symbol id="sm-711">
         <name>__aeabi_memclr</name>
         <value>0x2b71</value>
         <object_component_ref idref="oc-419"/>
      </symbol>
      <symbol id="sm-718">
         <name>main_func_sp</name>
         <value>0x20006198</value>
         <object_component_ref idref="oc-5c"/>
      </symbol>
      <symbol id="sm-72c">
         <name>__aeabi_uidivmod</name>
         <value>0x35c5</value>
         <object_component_ref idref="oc-52b"/>
      </symbol>
      <symbol id="sm-742">
         <name>_nop</name>
         <value>0x3aa3</value>
         <object_component_ref idref="oc-22a"/>
      </symbol>
      <symbol id="sm-743">
         <name>_lock</name>
         <value>0x20006184</value>
         <object_component_ref idref="oc-ca"/>
      </symbol>
      <symbol id="sm-744">
         <name>_unlock</name>
         <value>0x20006188</value>
         <object_component_ref idref="oc-ca"/>
      </symbol>
      <symbol id="sm-745">
         <name>_register_lock</name>
         <value>0x3a9b</value>
         <object_component_ref idref="oc-22a"/>
      </symbol>
      <symbol id="sm-746">
         <name>_register_unlock</name>
         <value>0x3a95</value>
         <object_component_ref idref="oc-22a"/>
      </symbol>
      <symbol id="sm-759">
         <name>_args_main</name>
         <value>0x3a0d</value>
         <object_component_ref idref="oc-52"/>
      </symbol>
      <symbol id="sm-775">
         <name>__TI_auto_init</name>
         <value>0x29ed</value>
         <object_component_ref idref="oc-4e"/>
      </symbol>
      <symbol id="sm-78d">
         <name>copy_in</name>
         <value>0x34b5</value>
         <object_component_ref idref="oc-bd"/>
      </symbol>
      <symbol id="sm-7b6">
         <name>SysCtlDelay</name>
         <value>0x3bcd</value>
         <object_component_ref idref="oc-28e"/>
      </symbol>
      <symbol id="sm-7b7">
         <name>SysCtlMOSCConfigSet</name>
         <value>0x3b7d</value>
         <object_component_ref idref="oc-1ed"/>
      </symbol>
      <symbol id="sm-7b8">
         <name>SysCtlPeripheralEnable</name>
         <value>0x3729</value>
         <object_component_ref idref="oc-284"/>
      </symbol>
      <symbol id="sm-7ed">
         <name>LCDIDDConfigSet</name>
         <value>0x3be3</value>
         <object_component_ref idref="oc-299"/>
      </symbol>
      <symbol id="sm-7ee">
         <name>LCDDMAConfigSet</name>
         <value>0x3bdf</value>
         <object_component_ref idref="oc-294"/>
      </symbol>
      <symbol id="sm-7ef">
         <name>LCDIDDDataWrite</name>
         <value>0x3b71</value>
         <object_component_ref idref="oc-2a8"/>
      </symbol>
      <symbol id="sm-7f0">
         <name>LCDIDDCommandWrite</name>
         <value>0x3b65</value>
         <object_component_ref idref="oc-2a3"/>
      </symbol>
      <symbol id="sm-7f1">
         <name>LCDIDDTimingSet</name>
         <value>0x36bb</value>
         <object_component_ref idref="oc-29e"/>
      </symbol>
      <symbol id="sm-7f2">
         <name>LCDModeSet</name>
         <value>0x38cf</value>
         <object_component_ref idref="oc-28f"/>
      </symbol>
      <symbol id="sm-81c">
         <name>GPIODirModeSet</name>
         <value>0x37c1</value>
         <object_component_ref idref="oc-3bb"/>
      </symbol>
      <symbol id="sm-81d">
         <name>GPIOPinWrite</name>
         <value>0x3bbb</value>
         <object_component_ref idref="oc-289"/>
      </symbol>
      <symbol id="sm-81e">
         <name>GPIOPadConfigSet</name>
         <value>0x1f7d</value>
         <object_component_ref idref="oc-3c0"/>
      </symbol>
      <symbol id="sm-81f">
         <name>GPIOPinTypeEthernetLED</name>
         <value>0x3ad1</value>
         <object_component_ref idref="oc-27e"/>
      </symbol>
      <symbol id="sm-835">
         <name>EMACTimestampIntStatus</name>
         <value>0x3bb5</value>
         <object_component_ref idref="oc-99"/>
      </symbol>
      <symbol id="sm-856">
         <name>g_sFontCmss18b</name>
         <value>0x7384</value>
         <object_component_ref idref="oc-2de"/>
      </symbol>
      <symbol id="sm-973">
         <name>GrFontInfoGet</name>
         <value>0x383f</value>
         <object_component_ref idref="oc-32d"/>
      </symbol>
      <symbol id="sm-974">
         <name>GrDefaultStringRenderer</name>
         <value>0x2471</value>
         <object_component_ref idref="oc-2b4"/>
      </symbol>
      <symbol id="sm-975">
         <name>GrFontGlyphRender</name>
         <value>0x117f</value>
         <object_component_ref idref="oc-3d2"/>
      </symbol>
      <symbol id="sm-976">
         <name>GrContextFontSet</name>
         <value>0x3bc1</value>
         <object_component_ref idref="oc-2c9"/>
      </symbol>
      <symbol id="sm-977">
         <name>GrFontGlyphDataGet</name>
         <value>0x38ad</value>
         <object_component_ref idref="oc-328"/>
      </symbol>
      <symbol id="sm-978">
         <name>GrStringDraw</name>
         <value>0x3ae3</value>
         <object_component_ref idref="oc-20b"/>
      </symbol>
      <symbol id="sm-979">
         <name>GrFontCodepageGet</name>
         <value>0x3999</value>
         <object_component_ref idref="oc-4e3"/>
      </symbol>
      <symbol id="sm-97a">
         <name>GrStringNextCharGet</name>
         <value>0x3815</value>
         <object_component_ref idref="oc-323"/>
      </symbol>
      <symbol id="sm-97b">
         <name>GrStringWidthGet</name>
         <value>0x2d35</value>
         <object_component_ref idref="oc-201"/>
      </symbol>
      <symbol id="sm-97c">
         <name>GrFontBaselineGet</name>
         <value>0x37eb</value>
         <object_component_ref idref="oc-206"/>
      </symbol>
      <symbol id="sm-a64">
         <name>GrImageDraw</name>
         <value>0x3b49</value>
         <object_component_ref idref="oc-2c4"/>
      </symbol>
      <symbol id="sm-a8f">
         <name>GrContextInit</name>
         <value>0x2e71</value>
         <object_component_ref idref="oc-1e3"/>
      </symbol>
      <symbol id="sm-a90">
         <name>GrContextClipRegionSet</name>
         <value>0x2ed5</value>
         <object_component_ref idref="oc-2bf"/>
      </symbol>
      <symbol id="sm-a91">
         <name>g_psDefaultCodePointMapTable</name>
         <value>0x7568</value>
         <object_component_ref idref="oc-2b9"/>
      </symbol>
      <symbol id="sm-a9d">
         <name>GrMapISO8859_1_Unicode</name>
         <value>0x3bad</value>
         <object_component_ref idref="oc-3dd"/>
      </symbol>
      <symbol id="sm-a9e">
         <name>__TI_static_base__</name>
         <value>0x0</value>
      </symbol>
      <symbol id="sm-a9f">
         <name>__TI_args_main</name>
         <value>0x1</value>
      </symbol>
      <symbol id="sm-aa0">
         <name>SHT$$INIT_ARRAY$$Limit</name>
         <value>0x0</value>
      </symbol>
      <symbol id="sm-aa1">
         <name>SHT$$INIT_ARRAY$$Base</name>
         <value>0x0</value>
      </symbol>
   </symbol_table>
   <title>Link successful</title>
</link_info>
