<?xml version="1.0"?>
<link_info>
   <banner>TI ARM Linker PC v5.1.5</banner>
   <copyright>Copyright (c) 1996-2014 Texas Instruments Incorporated</copyright>
   <link_time>0x66504e8f</link_time>
   <link_errors>0x0</link_errors>
   <output_file>basic_freertos_demo_time.out</output_file>
   <entry_point>
      <name>_c_int00</name>
      <address>0x3419</address>
   </entry_point>
   <input_file_list>
      <input_file id="fl-2">
         <path>.\drivers\</path>
         <kind>object</kind>
         <file>touch.obj</file>
         <name>touch.obj</name>
      </input_file>
      <input_file id="fl-3">
         <path>.\drivers\</path>
         <kind>object</kind>
         <file>pinout.obj</file>
         <name>pinout.obj</name>
      </input_file>
      <input_file id="fl-4">
         <path>.\drivers\</path>
         <kind>object</kind>
         <file>kentec320x240x16_ssd2119.obj</file>
         <name>kentec320x240x16_ssd2119.obj</name>
      </input_file>
      <input_file id="fl-5">
         <path>.\drivers\</path>
         <kind>object</kind>
         <file>frame.obj</file>
         <name>frame.obj</name>
      </input_file>
      <input_file id="fl-6">
         <path>.\third_party\FreeRTOS\Source\portable\CCS\ARM_CM4F\</path>
         <kind>object</kind>
         <file>portasm.obj</file>
         <name>portasm.obj</name>
      </input_file>
      <input_file id="fl-7">
         <path>.\third_party\FreeRTOS\Source\portable\CCS\ARM_CM4F\</path>
         <kind>object</kind>
         <file>port.obj</file>
         <name>port.obj</name>
      </input_file>
      <input_file id="fl-8">
         <path>.\third_party\FreeRTOS\Source\portable\MemMang\</path>
         <kind>object</kind>
         <file>heap_2.obj</file>
         <name>heap_2.obj</name>
      </input_file>
      <input_file id="fl-9">
         <path>.\third_party\FreeRTOS\Source\</path>
         <kind>object</kind>
         <file>timers.obj</file>
         <name>timers.obj</name>
      </input_file>
      <input_file id="fl-a">
         <path>.\third_party\FreeRTOS\Source\</path>
         <kind>object</kind>
         <file>tasks.obj</file>
         <name>tasks.obj</name>
      </input_file>
      <input_file id="fl-b">
         <path>.\third_party\FreeRTOS\Source\</path>
         <kind>object</kind>
         <file>queue.obj</file>
         <name>queue.obj</name>
      </input_file>
      <input_file id="fl-c">
         <path>.\third_party\FreeRTOS\Source\</path>
         <kind>object</kind>
         <file>list.obj</file>
         <name>list.obj</name>
      </input_file>
      <input_file id="fl-d">
         <path>.\third_party\FreeRTOS\Source\</path>
         <kind>object</kind>
         <file>croutine.obj</file>
         <name>croutine.obj</name>
      </input_file>
      <input_file id="fl-e">
         <path>.\third_party\lwip-1.4.1\apps\httpserver_raw\</path>
         <kind>object</kind>
         <file>httpd.obj</file>
         <name>httpd.obj</name>
      </input_file>
      <input_file id="fl-f">
         <path>.\utils\</path>
         <kind>object</kind>
         <file>ustdlib.obj</file>
         <name>ustdlib.obj</name>
      </input_file>
      <input_file id="fl-10">
         <path>.\utils\</path>
         <kind>object</kind>
         <file>lwiplib.obj</file>
         <name>lwiplib.obj</name>
      </input_file>
      <input_file id="fl-11">
         <path>.\utils\</path>
         <kind>object</kind>
         <file>locator.obj</file>
         <name>locator.obj</name>
      </input_file>
      <input_file id="fl-12">
         <path>.\</path>
         <kind>object</kind>
         <file>startup_ccs.obj</file>
         <name>startup_ccs.obj</name>
      </input_file>
      <input_file id="fl-13">
         <path>.\</path>
         <kind>object</kind>
         <file>lwip_task.obj</file>
         <name>lwip_task.obj</name>
      </input_file>
      <input_file id="fl-14">
         <path>.\</path>
         <kind>object</kind>
         <file>fs.obj</file>
         <name>fs.obj</name>
      </input_file>
      <input_file id="fl-15">
         <path>.\</path>
         <kind>object</kind>
         <file>freertos_demo.obj</file>
         <name>freertos_demo.obj</name>
      </input_file>
      <input_file id="fl-144">
         <path>c:\ti\ccsv6\tools\compiler\arm_5.1.5\lib\</path>
         <kind>archive</kind>
         <file>rtsv7M4_T_le_v4SPD16_eabi.lib</file>
         <name>boot.obj</name>
      </input_file>
      <input_file id="fl-145">
         <path>c:\ti\ccsv6\tools\compiler\arm_5.1.5\lib\</path>
         <kind>archive</kind>
         <file>rtsv7M4_T_le_v4SPD16_eabi.lib</file>
         <name>copy_decompress_none.obj</name>
      </input_file>
      <input_file id="fl-146">
         <path>c:\ti\ccsv6\tools\compiler\arm_5.1.5\lib\</path>
         <kind>archive</kind>
         <file>rtsv7M4_T_le_v4SPD16_eabi.lib</file>
         <name>copy_decompress_rle.obj</name>
      </input_file>
      <input_file id="fl-147">
         <path>c:\ti\ccsv6\tools\compiler\arm_5.1.5\lib\</path>
         <kind>archive</kind>
         <file>rtsv7M4_T_le_v4SPD16_eabi.lib</file>
         <name>copy_zero_init.obj</name>
      </input_file>
      <input_file id="fl-148">
         <path>c:\ti\ccsv6\tools\compiler\arm_5.1.5\lib\</path>
         <kind>archive</kind>
         <file>rtsv7M4_T_le_v4SPD16_eabi.lib</file>
         <name>exit.obj</name>
      </input_file>
      <input_file id="fl-149">
         <path>c:\ti\ccsv6\tools\compiler\arm_5.1.5\lib\</path>
         <kind>archive</kind>
         <file>rtsv7M4_T_le_v4SPD16_eabi.lib</file>
         <name>memcmp.obj</name>
      </input_file>
      <input_file id="fl-14a">
         <path>c:\ti\ccsv6\tools\compiler\arm_5.1.5\lib\</path>
         <kind>archive</kind>
         <file>rtsv7M4_T_le_v4SPD16_eabi.lib</file>
         <name>memcpy_t2.obj</name>
      </input_file>
      <input_file id="fl-14b">
         <path>c:\ti\ccsv6\tools\compiler\arm_5.1.5\lib\</path>
         <kind>archive</kind>
         <file>rtsv7M4_T_le_v4SPD16_eabi.lib</file>
         <name>memset_t2.obj</name>
      </input_file>
      <input_file id="fl-14c">
         <path>c:\ti\ccsv6\tools\compiler\arm_5.1.5\lib\</path>
         <kind>archive</kind>
         <file>rtsv7M4_T_le_v4SPD16_eabi.lib</file>
         <name>stkdepth_vars.obj</name>
      </input_file>
      <input_file id="fl-14d">
         <path>c:\ti\ccsv6\tools\compiler\arm_5.1.5\lib\</path>
         <kind>archive</kind>
         <file>rtsv7M4_T_le_v4SPD16_eabi.lib</file>
         <name>strchr.obj</name>
      </input_file>
      <input_file id="fl-14e">
         <path>c:\ti\ccsv6\tools\compiler\arm_5.1.5\lib\</path>
         <kind>archive</kind>
         <file>rtsv7M4_T_le_v4SPD16_eabi.lib</file>
         <name>strcmp.obj</name>
      </input_file>
      <input_file id="fl-14f">
         <path>c:\ti\ccsv6\tools\compiler\arm_5.1.5\lib\</path>
         <kind>archive</kind>
         <file>rtsv7M4_T_le_v4SPD16_eabi.lib</file>
         <name>strlen.obj</name>
      </input_file>
      <input_file id="fl-150">
         <path>c:\ti\ccsv6\tools\compiler\arm_5.1.5\lib\</path>
         <kind>archive</kind>
         <file>rtsv7M4_T_le_v4SPD16_eabi.lib</file>
         <name>strncmp.obj</name>
      </input_file>
      <input_file id="fl-151">
         <path>c:\ti\ccsv6\tools\compiler\arm_5.1.5\lib\</path>
         <kind>archive</kind>
         <file>rtsv7M4_T_le_v4SPD16_eabi.lib</file>
         <name>strstr.obj</name>
      </input_file>
      <input_file id="fl-152">
         <path>c:\ti\ccsv6\tools\compiler\arm_5.1.5\lib\</path>
         <kind>archive</kind>
         <file>rtsv7M4_T_le_v4SPD16_eabi.lib</file>
         <name>u_divt2.obj</name>
      </input_file>
      <input_file id="fl-153">
         <path>c:\ti\ccsv6\tools\compiler\arm_5.1.5\lib\</path>
         <kind>archive</kind>
         <file>rtsv7M4_T_le_v4SPD16_eabi.lib</file>
         <name>_lock.obj</name>
      </input_file>
      <input_file id="fl-154">
         <path>c:\ti\ccsv6\tools\compiler\arm_5.1.5\lib\</path>
         <kind>archive</kind>
         <file>rtsv7M4_T_le_v4SPD16_eabi.lib</file>
         <name>args_main.obj</name>
      </input_file>
      <input_file id="fl-155">
         <path>c:\ti\ccsv6\tools\compiler\arm_5.1.5\lib\</path>
         <kind>archive</kind>
         <file>rtsv7M4_T_le_v4SPD16_eabi.lib</file>
         <name>auto_init.obj</name>
      </input_file>
      <input_file id="fl-156">
         <path>c:\ti\ccsv6\tools\compiler\arm_5.1.5\lib\</path>
         <kind>archive</kind>
         <file>rtsv7M4_T_le_v4SPD16_eabi.lib</file>
         <name>cpy_tbl.obj</name>
      </input_file>
      <input_file id="fl-157">
         <path>C:\ti\TivaWare_C_Series-2.0.1.11577\driverlib\ccs\Debug\</path>
         <kind>archive</kind>
         <file>driverlib.lib</file>
         <name>timer.obj</name>
      </input_file>
      <input_file id="fl-158">
         <path>C:\ti\TivaWare_C_Series-2.0.1.11577\driverlib\ccs\Debug\</path>
         <kind>archive</kind>
         <file>driverlib.lib</file>
         <name>sysctl.obj</name>
      </input_file>
      <input_file id="fl-159">
         <path>C:\ti\TivaWare_C_Series-2.0.1.11577\driverlib\ccs\Debug\</path>
         <kind>archive</kind>
         <file>driverlib.lib</file>
         <name>lcd.obj</name>
      </input_file>
      <input_file id="fl-15a">
         <path>C:\ti\TivaWare_C_Series-2.0.1.11577\driverlib\ccs\Debug\</path>
         <kind>archive</kind>
         <file>driverlib.lib</file>
         <name>interrupt.obj</name>
      </input_file>
      <input_file id="fl-15b">
         <path>C:\ti\TivaWare_C_Series-2.0.1.11577\driverlib\ccs\Debug\</path>
         <kind>archive</kind>
         <file>driverlib.lib</file>
         <name>gpio.obj</name>
      </input_file>
      <input_file id="fl-15c">
         <path>C:\ti\TivaWare_C_Series-2.0.1.11577\driverlib\ccs\Debug\</path>
         <kind>archive</kind>
         <file>driverlib.lib</file>
         <name>emac.obj</name>
      </input_file>
      <input_file id="fl-15d">
         <path>C:\ti\TivaWare_C_Series-2.0.1.11577\driverlib\ccs\Debug\</path>
         <kind>archive</kind>
         <file>driverlib.lib</file>
         <name>cpu.obj</name>
      </input_file>
      <input_file id="fl-15e">
         <path>C:\ti\TivaWare_C_Series-2.0.1.11577\driverlib\ccs\Debug\</path>
         <kind>archive</kind>
         <file>driverlib.lib</file>
         <name>sw_crc.obj</name>
      </input_file>
      <input_file id="fl-15f">
         <path>C:\ti\TivaWare_C_Series-2.0.1.11577\grlib\ccs\Debug\</path>
         <kind>archive</kind>
         <file>grlib.lib</file>
         <name>fontcmss18b.obj</name>
      </input_file>
      <input_file id="fl-160">
         <path>C:\ti\TivaWare_C_Series-2.0.1.11577\grlib\ccs\Debug\</path>
         <kind>archive</kind>
         <file>grlib.lib</file>
         <name>string.obj</name>
      </input_file>
      <input_file id="fl-161">
         <path>C:\ti\TivaWare_C_Series-2.0.1.11577\grlib\ccs\Debug\</path>
         <kind>archive</kind>
         <file>grlib.lib</file>
         <name>image.obj</name>
      </input_file>
      <input_file id="fl-162">
         <path>C:\ti\TivaWare_C_Series-2.0.1.11577\grlib\ccs\Debug\</path>
         <kind>archive</kind>
         <file>grlib.lib</file>
         <name>context.obj</name>
      </input_file>
      <input_file id="fl-163">
         <path>C:\ti\TivaWare_C_Series-2.0.1.11577\grlib\ccs\Debug\</path>
         <kind>archive</kind>
         <file>grlib.lib</file>
         <name>charmap.obj</name>
      </input_file>
   </input_file_list>
   <object_component_list>
      <object_component id="oc-e">
         <name>.intvecs</name>
         <load_address>0x0</load_address>
         <run_address>0x0</run_address>
         <size>0x200</size>
         <input_file_ref idref="fl-12"/>
      </object_component>
      <object_component id="oc-1d9">
         <name>.text:PinoutSet</name>
         <load_address>0x200</load_address>
         <run_address>0x200</run_address>
         <size>0x4c8</size>
         <input_file_ref idref="fl-3"/>
      </object_component>
      <object_component id="oc-1de">
         <name>.text:Kentec320x240x16_SSD2119Init</name>
         <load_address>0x6c8</load_address>
         <run_address>0x6c8</run_address>
         <size>0x488</size>
         <input_file_ref idref="fl-4"/>
      </object_component>
      <object_component id="oc-3ee">
         <name>.text:InternalImageDraw</name>
         <load_address>0xb50</load_address>
         <run_address>0xb50</run_address>
         <size>0x374</size>
         <input_file_ref idref="fl-161"/>
      </object_component>
      <object_component id="oc-4d9">
         <name>.text:PixelTransparentDraw</name>
         <load_address>0xec4</load_address>
         <run_address>0xec4</run_address>
         <size>0x2ba</size>
         <input_file_ref idref="fl-161"/>
      </object_component>
      <object_component id="oc-3d2">
         <name>.text:GrFontGlyphRender</name>
         <load_address>0x117e</load_address>
         <run_address>0x117e</run_address>
         <size>0x266</size>
         <input_file_ref idref="fl-160"/>
      </object_component>
      <object_component id="oc-4b7">
         <name>.text:uvsnprintf</name>
         <load_address>0x13e4</load_address>
         <run_address>0x13e4</run_address>
         <size>0x245</size>
         <input_file_ref idref="fl-f"/>
      </object_component>
      <object_component id="oc-2e">
         <name>.text:FaultISR</name>
         <load_address>0x162a</load_address>
         <run_address>0x162a</run_address>
         <size>0x2</size>
         <input_file_ref idref="fl-12"/>
      </object_component>
      <object_component id="oc-1e8">
         <name>.text:FrameDraw</name>
         <load_address>0x162c</load_address>
         <run_address>0x162c</run_address>
         <size>0x200</size>
         <input_file_ref idref="fl-5"/>
      </object_component>
      <object_component id="oc-342">
         <name>.text:Kentec320x240x16_SSD2119PixelDrawMultiple</name>
         <load_address>0x182c</load_address>
         <run_address>0x182c</run_address>
         <size>0x1c4</size>
         <input_file_ref idref="fl-4"/>
      </object_component>
      <object_component id="oc-351">
         <name>.text:Kentec320x240x16_SSD2119RectFill</name>
         <load_address>0x19f0</load_address>
         <run_address>0x19f0</run_address>
         <size>0x184</size>
         <input_file_ref idref="fl-4"/>
      </object_component>
      <object_component id="oc-8f">
         <name>.text:TouchScreenDebouncer</name>
         <load_address>0x1b74</load_address>
         <run_address>0x1b74</run_address>
         <size>0x17c</size>
         <input_file_ref idref="fl-2"/>
      </object_component>
      <object_component id="oc-c3">
         <name>.text:main</name>
         <load_address>0x1cf0</load_address>
         <run_address>0x1cf0</run_address>
         <size>0x178</size>
         <input_file_ref idref="fl-15"/>
      </object_component>
      <object_component id="oc-41">
         <name>.text:TouchScreenIntHandler</name>
         <load_address>0x1e68</load_address>
         <run_address>0x1e68</run_address>
         <size>0x140</size>
         <input_file_ref idref="fl-2"/>
      </object_component>
      <object_component id="oc-3c0">
         <name>.text:GPIOPadConfigSet</name>
         <load_address>0x1fa8</load_address>
         <run_address>0x1fa8</run_address>
         <size>0x130</size>
         <input_file_ref idref="fl-15b"/>
      </object_component>
      <object_component id="oc-89">
         <name>.text:xTaskIncrementTick</name>
         <load_address>0x20d8</load_address>
         <run_address>0x20d8</run_address>
         <size>0x114</size>
         <input_file_ref idref="fl-a"/>
      </object_component>
      <object_component id="oc-379">
         <name>.text:xQueueGenericReceive</name>
         <load_address>0x21ec</load_address>
         <run_address>0x21ec</run_address>
         <size>0x100</size>
         <input_file_ref idref="fl-b"/>
      </object_component>
      <object_component id="oc-1f7">
         <name>.text:xTaskGenericCreate</name>
         <load_address>0x22ec</load_address>
         <run_address>0x22ec</run_address>
         <size>0xe0</size>
         <input_file_ref idref="fl-a"/>
      </object_component>
      <object_component id="oc-448">
         <name>.text:xTaskResumeAll</name>
         <load_address>0x23cc</load_address>
         <run_address>0x23cc</run_address>
         <size>0xd0</size>
         <input_file_ref idref="fl-a"/>
      </object_component>
      <object_component id="oc-2b4">
         <name>.text:GrDefaultStringRenderer</name>
         <load_address>0x249c</load_address>
         <run_address>0x249c</run_address>
         <size>0xca</size>
         <input_file_ref idref="fl-160"/>
      </object_component>
      <object_component id="oc-36c">
         <name>.text:xQueueGenericSend</name>
         <load_address>0x2566</load_address>
         <run_address>0x2566</run_address>
         <size>0xc6</size>
         <input_file_ref idref="fl-b"/>
      </object_component>
      <object_component id="oc-347">
         <name>.text:Kentec320x240x16_SSD2119LineDrawH</name>
         <load_address>0x262c</load_address>
         <run_address>0x262c</run_address>
         <size>0xb0</size>
         <input_file_ref idref="fl-4"/>
      </object_component>
      <object_component id="oc-34c">
         <name>.text:Kentec320x240x16_SSD2119LineDrawV</name>
         <load_address>0x26dc</load_address>
         <run_address>0x26dc</run_address>
         <size>0xb0</size>
         <input_file_ref idref="fl-4"/>
      </object_component>
      <object_component id="oc-30f">
         <name>.text:pvPortMalloc</name>
         <load_address>0x278c</load_address>
         <run_address>0x278c</run_address>
         <size>0xac</size>
         <input_file_ref idref="fl-8"/>
      </object_component>
      <object_component id="oc-38">
         <name>.text</name>
         <load_address>0x2838</load_address>
         <run_address>0x2838</run_address>
         <size>0xa6</size>
         <input_file_ref idref="fl-6"/>
      </object_component>
      <object_component id="oc-5f">
         <name>.text</name>
         <load_address>0x28de</load_address>
         <run_address>0x28de</run_address>
         <size>0x9c</size>
         <input_file_ref idref="fl-14a"/>
      </object_component>
      <object_component id="oc-33">
         <name>.text:IntDefaultHandler</name>
         <load_address>0x297a</load_address>
         <run_address>0x297a</run_address>
         <size>0x2</size>
         <input_file_ref idref="fl-12"/>
      </object_component>
      <object_component id="oc-83">
         <name>.text:vTaskSwitchContext</name>
         <load_address>0x297c</load_address>
         <run_address>0x297c</run_address>
         <size>0x9c</size>
         <input_file_ref idref="fl-a"/>
      </object_component>
      <object_component id="oc-4e">
         <name>.text</name>
         <load_address>0x2a18</load_address>
         <run_address>0x2a18</run_address>
         <size>0x94</size>
         <input_file_ref idref="fl-155"/>
      </object_component>
      <object_component id="oc-33d">
         <name>.text:Kentec320x240x16_SSD2119PixelDraw</name>
         <load_address>0x2aac</load_address>
         <run_address>0x2aac</run_address>
         <size>0x78</size>
         <input_file_ref idref="fl-4"/>
      </object_component>
      <object_component id="oc-46">
         <name>.text:lwIPEthernetIntHandler</name>
         <load_address>0x2b24</load_address>
         <run_address>0x2b24</run_address>
         <size>0x78</size>
         <input_file_ref idref="fl-10"/>
      </object_component>
      <object_component id="oc-420">
         <name>.text</name>
         <load_address>0x2b9c</load_address>
         <run_address>0x2b9c</run_address>
         <size>0x78</size>
         <input_file_ref idref="fl-14b"/>
      </object_component>
      <object_component id="oc-319">
         <name>.text:xQueueGenericReset</name>
         <load_address>0x2c14</load_address>
         <run_address>0x2c14</run_address>
         <size>0x70</size>
         <input_file_ref idref="fl-b"/>
      </object_component>
      <object_component id="oc-128">
         <name>.text:xTaskRemoveFromEventList</name>
         <load_address>0x2c84</load_address>
         <run_address>0x2c84</run_address>
         <size>0x70</size>
         <input_file_ref idref="fl-a"/>
      </object_component>
      <object_component id="oc-4a7">
         <name>.text:vTaskPriorityInherit</name>
         <load_address>0x2cf4</load_address>
         <run_address>0x2cf4</run_address>
         <size>0x6c</size>
         <input_file_ref idref="fl-a"/>
      </object_component>
      <object_component id="oc-206">
         <name>.text:GrStringWidthGet</name>
         <load_address>0x2d60</load_address>
         <run_address>0x2d60</run_address>
         <size>0x6a</size>
         <input_file_ref idref="fl-160"/>
      </object_component>
      <object_component id="oc-123">
         <name>.text:prvCopyDataToQueue</name>
         <load_address>0x2dca</load_address>
         <run_address>0x2dca</run_address>
         <size>0x6a</size>
         <input_file_ref idref="fl-b"/>
      </object_component>
      <object_component id="oc-362">
         <name>.text:vTaskSuspend</name>
         <load_address>0x2e34</load_address>
         <run_address>0x2e34</run_address>
         <size>0x68</size>
         <input_file_ref idref="fl-a"/>
      </object_component>
      <object_component id="oc-1e3">
         <name>.text:GrContextInit</name>
         <load_address>0x2e9c</load_address>
         <run_address>0x2e9c</run_address>
         <size>0x64</size>
         <input_file_ref idref="fl-162"/>
      </object_component>
      <object_component id="oc-2bf">
         <name>.text:GrContextClipRegionSet</name>
         <load_address>0x2f00</load_address>
         <run_address>0x2f00</run_address>
         <size>0x62</size>
         <input_file_ref idref="fl-162"/>
      </object_component>
      <object_component id="oc-48c">
         <name>.text:prvUnlockQueue</name>
         <load_address>0x2f62</load_address>
         <run_address>0x2f62</run_address>
         <size>0x62</size>
         <input_file_ref idref="fl-b"/>
      </object_component>
      <object_component id="oc-2ff">
         <name>.text:prvInitialiseTaskLists</name>
         <load_address>0x2fc4</load_address>
         <run_address>0x2fc4</run_address>
         <size>0x60</size>
         <input_file_ref idref="fl-a"/>
      </object_component>
      <object_component id="oc-367">
         <name>.text:vTaskResume</name>
         <load_address>0x3024</load_address>
         <run_address>0x3024</run_address>
         <size>0x60</size>
         <input_file_ref idref="fl-a"/>
      </object_component>
      <object_component id="oc-71">
         <name>.text</name>
         <load_address>0x3084</load_address>
         <run_address>0x3084</run_address>
         <size>0x5e</size>
         <input_file_ref idref="fl-146"/>
      </object_component>
      <object_component id="oc-467">
         <name>.text:FontWideGlyphDataGet</name>
         <load_address>0x30e2</load_address>
         <run_address>0x30e2</run_address>
         <size>0x5c</size>
         <input_file_ref idref="fl-160"/>
      </object_component>
      <object_component id="oc-35b">
         <name>.text:Kentec320x240x16_SSD2119Flush</name>
         <load_address>0x313e</load_address>
         <run_address>0x313e</run_address>
         <size>0x2</size>
         <input_file_ref idref="fl-4"/>
      </object_component>
      <object_component id="oc-45b">
         <name>.text:prvCheckTasksWaitingTermination</name>
         <load_address>0x3140</load_address>
         <run_address>0x3140</run_address>
         <size>0x58</size>
         <input_file_ref idref="fl-a"/>
      </object_component>
      <object_component id="oc-9e">
         <name>.text:xQueueGenericSendFromISR</name>
         <load_address>0x3198</load_address>
         <run_address>0x3198</run_address>
         <size>0x56</size>
         <input_file_ref idref="fl-b"/>
      </object_component>
      <object_component id="oc-29">
         <name>.text:NmiSR</name>
         <load_address>0x31ee</load_address>
         <run_address>0x31ee</run_address>
         <size>0x2</size>
         <input_file_ref idref="fl-12"/>
      </object_component>
      <object_component id="oc-487">
         <name>.text:xTaskCheckForTimeOut</name>
         <load_address>0x31f0</load_address>
         <run_address>0x31f0</run_address>
         <size>0x54</size>
         <input_file_ref idref="fl-a"/>
      </object_component>
      <object_component id="oc-219">
         <name>.text:displayTask</name>
         <load_address>0x3244</load_address>
         <run_address>0x3244</run_address>
         <size>0x50</size>
         <input_file_ref idref="fl-15"/>
      </object_component>
      <object_component id="oc-214">
         <name>.text:time_task</name>
         <load_address>0x3294</load_address>
         <run_address>0x3294</run_address>
         <size>0x50</size>
         <input_file_ref idref="fl-15"/>
      </object_component>
      <object_component id="oc-2f0">
         <name>.text:prvInitialiseTCBVariables</name>
         <load_address>0x32e4</load_address>
         <run_address>0x32e4</run_address>
         <size>0x4e</size>
         <input_file_ref idref="fl-a"/>
      </object_component>
      <object_component id="oc-460">
         <name>.text:vApplicationIdleHook</name>
         <load_address>0x3332</load_address>
         <run_address>0x3332</run_address>
         <size>0x2</size>
         <input_file_ref idref="fl-13"/>
      </object_component>
      <object_component id="oc-49c">
         <name>.text:prvAddCurrentTaskToDelayedList</name>
         <load_address>0x3334</load_address>
         <run_address>0x3334</run_address>
         <size>0x4c</size>
         <input_file_ref idref="fl-a"/>
      </object_component>
      <object_component id="oc-1fc">
         <name>.text:xQueueGenericCreate</name>
         <load_address>0x3380</load_address>
         <run_address>0x3380</run_address>
         <size>0x4c</size>
         <input_file_ref idref="fl-b"/>
      </object_component>
      <object_component id="oc-3f5">
         <name>.text:UpdateContextCharMapping</name>
         <load_address>0x33cc</load_address>
         <run_address>0x33cc</run_address>
         <size>0x4a</size>
         <input_file_ref idref="fl-160"/>
      </object_component>
      <object_component id="oc-e7">
         <name>.text:vApplicationStackOverflowHook</name>
         <load_address>0x3416</load_address>
         <run_address>0x3416</run_address>
         <size>0x2</size>
         <input_file_ref idref="fl-13"/>
      </object_component>
      <object_component id="oc-10">
         <name>.text</name>
         <load_address>0x3418</load_address>
         <run_address>0x3418</run_address>
         <size>0x48</size>
         <input_file_ref idref="fl-144"/>
      </object_component>
      <object_component id="oc-265">
         <name>.text:vTaskPriorityDisinherit</name>
         <load_address>0x3460</load_address>
         <run_address>0x3460</run_address>
         <size>0x48</size>
         <input_file_ref idref="fl-a"/>
      </object_component>
      <object_component id="oc-201">
         <name>.text:vTaskStartScheduler</name>
         <load_address>0x34a8</load_address>
         <run_address>0x34a8</run_address>
         <size>0x48</size>
         <input_file_ref idref="fl-a"/>
      </object_component>
      <object_component id="oc-bd">
         <name>.text</name>
         <load_address>0x34f0</load_address>
         <run_address>0x34f0</run_address>
         <size>0x44</size>
         <input_file_ref idref="fl-156"/>
      </object_component>
      <object_component id="oc-57">
         <name>.text</name>
         <load_address>0x3534</load_address>
         <run_address>0x3534</run_address>
         <size>0x44</size>
         <input_file_ref idref="fl-148"/>
      </object_component>
      <object_component id="oc-314">
         <name>.text:vPortFree</name>
         <load_address>0x3578</load_address>
         <run_address>0x3578</run_address>
         <size>0x44</size>
         <input_file_ref idref="fl-8"/>
      </object_component>
      <object_component id="oc-496">
         <name>.text:vTaskPlaceOnEventList</name>
         <load_address>0x35bc</load_address>
         <run_address>0x35bc</run_address>
         <size>0x44</size>
         <input_file_ref idref="fl-a"/>
      </object_component>
      <object_component id="oc-52b">
         <name>.text</name>
         <load_address>0x3600</load_address>
         <run_address>0x3600</run_address>
         <size>0x42</size>
         <input_file_ref idref="fl-152"/>
      </object_component>
      <object_component id="oc-31f">
         <name>.text:xPortStartScheduler</name>
         <load_address>0x3644</load_address>
         <run_address>0x3644</run_address>
         <size>0x40</size>
         <input_file_ref idref="fl-7"/>
      </object_component>
      <object_component id="oc-46c">
         <name>.text:FontGlyphDataGet</name>
         <load_address>0x3684</load_address>
         <run_address>0x3684</run_address>
         <size>0x3a</size>
         <input_file_ref idref="fl-160"/>
      </object_component>
      <object_component id="oc-518">
         <name>.text:vListInsert</name>
         <load_address>0x36be</load_address>
         <run_address>0x36be</run_address>
         <size>0x38</size>
         <input_file_ref idref="fl-c"/>
      </object_component>
      <object_component id="oc-29e">
         <name>.text:LCDIDDTimingSet</name>
         <load_address>0x36f6</load_address>
         <run_address>0x36f6</run_address>
         <size>0x36</size>
         <input_file_ref idref="fl-159"/>
      </object_component>
      <object_component id="oc-2eb">
         <name>.text:prvAllocateTCBAndStack</name>
         <load_address>0x372c</load_address>
         <run_address>0x372c</run_address>
         <size>0x36</size>
         <input_file_ref idref="fl-a"/>
      </object_component>
      <object_component id="oc-284">
         <name>.text:SysCtlPeripheralEnable</name>
         <load_address>0x3764</load_address>
         <run_address>0x3764</run_address>
         <size>0x34</size>
         <input_file_ref idref="fl-158"/>
      </object_component>
      <object_component id="oc-371">
         <name>.text:vTaskDelay</name>
         <load_address>0x3798</load_address>
         <run_address>0x3798</run_address>
         <size>0x34</size>
         <input_file_ref idref="fl-a"/>
      </object_component>
      <object_component id="oc-443">
         <name>.text:prvHeapInit</name>
         <load_address>0x37cc</load_address>
         <run_address>0x37cc</run_address>
         <size>0x30</size>
         <input_file_ref idref="fl-8"/>
      </object_component>
      <object_component id="oc-3bb">
         <name>.text:GPIODirModeSet</name>
         <load_address>0x37fc</load_address>
         <run_address>0x37fc</run_address>
         <size>0x2a</size>
         <input_file_ref idref="fl-15b"/>
      </object_component>
      <object_component id="oc-20b">
         <name>.text:GrFontBaselineGet</name>
         <load_address>0x3826</load_address>
         <run_address>0x3826</run_address>
         <size>0x2a</size>
         <input_file_ref idref="fl-160"/>
      </object_component>
      <object_component id="oc-32a">
         <name>.text:GrStringNextCharGet</name>
         <load_address>0x3850</load_address>
         <run_address>0x3850</run_address>
         <size>0x2a</size>
         <input_file_ref idref="fl-160"/>
      </object_component>
      <object_component id="oc-334">
         <name>.text:GrFontInfoGet</name>
         <load_address>0x387a</load_address>
         <run_address>0x387a</run_address>
         <size>0x26</size>
         <input_file_ref idref="fl-160"/>
      </object_component>
      <object_component id="oc-4ac">
         <name>.text:prvCopyDataFromQueue</name>
         <load_address>0x38a0</load_address>
         <run_address>0x38a0</run_address>
         <size>0x24</size>
         <input_file_ref idref="fl-b"/>
      </object_component>
      <object_component id="oc-47c">
         <name>.text:xTaskIsTaskSuspended</name>
         <load_address>0x38c4</load_address>
         <run_address>0x38c4</run_address>
         <size>0x24</size>
         <input_file_ref idref="fl-a"/>
      </object_component>
      <object_component id="oc-32f">
         <name>.text:GrFontGlyphDataGet</name>
         <load_address>0x38e8</load_address>
         <run_address>0x38e8</run_address>
         <size>0x22</size>
         <input_file_ref idref="fl-160"/>
      </object_component>
      <object_component id="oc-28f">
         <name>.text:LCDModeSet</name>
         <load_address>0x390a</load_address>
         <run_address>0x390a</run_address>
         <size>0x22</size>
         <input_file_ref idref="fl-159"/>
      </object_component>
      <object_component id="oc-2f5">
         <name>.text:pxPortInitialiseStack</name>
         <load_address>0x392c</load_address>
         <run_address>0x392c</run_address>
         <size>0x22</size>
         <input_file_ref idref="fl-7"/>
      </object_component>
      <object_component id="oc-ec">
         <name>.text</name>
         <load_address>0x394e</load_address>
         <run_address>0x394e</run_address>
         <size>0x22</size>
         <input_file_ref idref="fl-149"/>
      </object_component>
      <object_component id="oc-526">
         <name>.text:ustrncpy</name>
         <load_address>0x3970</load_address>
         <run_address>0x3970</run_address>
         <size>0x22</size>
         <input_file_ref idref="fl-f"/>
      </object_component>
      <object_component id="oc-f5">
         <name>.text:uxListRemove</name>
         <load_address>0x3992</load_address>
         <run_address>0x3992</run_address>
         <size>0x22</size>
         <input_file_ref idref="fl-c"/>
      </object_component>
      <object_component id="oc-37e">
         <name>.text:usprintf</name>
         <load_address>0x39b4</load_address>
         <run_address>0x39b4</run_address>
         <size>0x20</size>
         <input_file_ref idref="fl-f"/>
      </object_component>
      <object_component id="oc-4e3">
         <name>.text:GrFontCodepageGet</name>
         <load_address>0x39d4</load_address>
         <run_address>0x39d4</run_address>
         <size>0x1e</size>
         <input_file_ref idref="fl-160"/>
      </object_component>
      <object_component id="oc-491">
         <name>.text:prvIsQueueFull</name>
         <load_address>0x39f2</load_address>
         <run_address>0x39f2</run_address>
         <size>0x1c</size>
         <input_file_ref idref="fl-b"/>
      </object_component>
      <object_component id="oc-3c">
         <name>.text:xPortSysTickHandler</name>
         <load_address>0x3a10</load_address>
         <run_address>0x3a10</run_address>
         <size>0x1c</size>
         <input_file_ref idref="fl-7"/>
      </object_component>
      <object_component id="oc-4a2">
         <name>.text:prvIsQueueEmpty</name>
         <load_address>0x3a2c</load_address>
         <run_address>0x3a2c</run_address>
         <size>0x1a</size>
         <input_file_ref idref="fl-b"/>
      </object_component>
      <object_component id="oc-52">
         <name>.text</name>
         <load_address>0x3a48</load_address>
         <run_address>0x3a48</run_address>
         <size>0x18</size>
         <input_file_ref idref="fl-154"/>
      </object_component>
      <object_component id="oc-fa">
         <name>.text:vListInsertEnd</name>
         <load_address>0x3a60</load_address>
         <run_address>0x3a60</run_address>
         <size>0x18</size>
         <input_file_ref idref="fl-c"/>
      </object_component>
      <object_component id="oc-482">
         <name>.text:vTaskSetTimeOutState</name>
         <load_address>0x3a78</load_address>
         <run_address>0x3a78</run_address>
         <size>0x18</size>
         <input_file_ref idref="fl-a"/>
      </object_component>
      <object_component id="oc-356">
         <name>.text:Kentec320x240x16_SSD2119ColorTranslate</name>
         <load_address>0x3a90</load_address>
         <run_address>0x3a90</run_address>
         <size>0x16</size>
         <input_file_ref idref="fl-4"/>
      </object_component>
      <object_component id="oc-42f">
         <name>.text:vListInitialise</name>
         <load_address>0x3aa6</load_address>
         <run_address>0x3aa6</run_address>
         <size>0x16</size>
         <input_file_ref idref="fl-c"/>
      </object_component>
      <object_component id="oc-455">
         <name>.text:prvSetupTimerInterrupt</name>
         <load_address>0x3abc</load_address>
         <run_address>0x3abc</run_address>
         <size>0x14</size>
         <input_file_ref idref="fl-7"/>
      </object_component>
      <object_component id="oc-22a">
         <name>.text</name>
         <load_address>0x3ad0</load_address>
         <run_address>0x3ad0</run_address>
         <size>0x14</size>
         <input_file_ref idref="fl-153"/>
      </object_component>
      <object_component id="oc-2fa">
         <name>.text:vPortEnterCritical</name>
         <load_address>0x3ae4</load_address>
         <run_address>0x3ae4</run_address>
         <size>0x14</size>
         <input_file_ref idref="fl-7"/>
      </object_component>
      <object_component id="oc-304">
         <name>.text:vPortExitCritical</name>
         <load_address>0x3af8</load_address>
         <run_address>0x3af8</run_address>
         <size>0x14</size>
         <input_file_ref idref="fl-7"/>
      </object_component>
      <object_component id="oc-27e">
         <name>.text:GPIOPinTypeEthernetLED</name>
         <load_address>0x3b0c</load_address>
         <run_address>0x3b0c</run_address>
         <size>0x12</size>
         <input_file_ref idref="fl-15b"/>
      </object_component>
      <object_component id="oc-1f2">
         <name>.text:GrStringDraw</name>
         <load_address>0x3b1e</load_address>
         <run_address>0x3b1e</run_address>
         <size>0x12</size>
         <input_file_ref idref="fl-160"/>
      </object_component>
      <object_component id="oc-19">
         <name>.text:decompress:ZI</name>
         <load_address>0x3b30</load_address>
         <run_address>0x3b30</run_address>
         <size>0x12</size>
         <input_file_ref idref="fl-147"/>
      </object_component>
      <object_component id="oc-502">
         <name>.text:prvDeleteTCB</name>
         <load_address>0x3b42</load_address>
         <run_address>0x3b42</run_address>
         <size>0x12</size>
         <input_file_ref idref="fl-a"/>
      </object_component>
      <object_component id="oc-309">
         <name>.text:vPortYield</name>
         <load_address>0x3b54</load_address>
         <run_address>0x3b54</run_address>
         <size>0x10</size>
         <input_file_ref idref="fl-7"/>
      </object_component>
      <object_component id="oc-a3">
         <name>.text:vPortYieldFromISR</name>
         <load_address>0x3b64</load_address>
         <run_address>0x3b64</run_address>
         <size>0x10</size>
         <input_file_ref idref="fl-7"/>
      </object_component>
      <object_component id="oc-43e">
         <name>.text:vTaskSuspendAll</name>
         <load_address>0x3b74</load_address>
         <run_address>0x3b74</run_address>
         <size>0x10</size>
         <input_file_ref idref="fl-a"/>
      </object_component>
      <object_component id="oc-2c4">
         <name>.text:GrImageDraw</name>
         <load_address>0x3b84</load_address>
         <run_address>0x3b84</run_address>
         <size>0xe</size>
         <input_file_ref idref="fl-161"/>
      </object_component>
      <object_component id="oc-14">
         <name>.text:decompress:none</name>
         <load_address>0x3b92</load_address>
         <run_address>0x3b92</run_address>
         <size>0xe</size>
         <input_file_ref idref="fl-145"/>
      </object_component>
      <object_component id="oc-2a3">
         <name>.text:LCDIDDCommandWrite</name>
         <load_address>0x3ba0</load_address>
         <run_address>0x3ba0</run_address>
         <size>0xc</size>
         <input_file_ref idref="fl-159"/>
      </object_component>
      <object_component id="oc-2a8">
         <name>.text:LCDIDDDataWrite</name>
         <load_address>0x3bac</load_address>
         <run_address>0x3bac</run_address>
         <size>0xc</size>
         <input_file_ref idref="fl-159"/>
      </object_component>
      <object_component id="oc-1ed">
         <name>.text:SysCtlMOSCConfigSet</name>
         <load_address>0x3bb8</load_address>
         <run_address>0x3bb8</run_address>
         <size>0xc</size>
         <input_file_ref idref="fl-158"/>
      </object_component>
      <object_component id="oc-324">
         <name>.text:prvIdleTask</name>
         <load_address>0x3bc4</load_address>
         <run_address>0x3bc4</run_address>
         <size>0xc</size>
         <input_file_ref idref="fl-a"/>
      </object_component>
      <object_component id="oc-511">
         <name>.text:vTaskMissedYield</name>
         <load_address>0x3bd0</load_address>
         <run_address>0x3bd0</run_address>
         <size>0xc</size>
         <input_file_ref idref="fl-a"/>
      </object_component>
      <object_component id="oc-4b1">
         <name>.text:xTaskGetCurrentTaskHandle</name>
         <load_address>0x3bdc</load_address>
         <run_address>0x3bdc</run_address>
         <size>0xc</size>
         <input_file_ref idref="fl-a"/>
      </object_component>
      <object_component id="oc-3dd">
         <name>.text:GrMapISO8859_1_Unicode</name>
         <load_address>0x3be8</load_address>
         <run_address>0x3be8</run_address>
         <size>0x8</size>
         <input_file_ref idref="fl-163"/>
      </object_component>
      <object_component id="oc-99">
         <name>.text:EMACTimestampIntStatus</name>
         <load_address>0x3bf0</load_address>
         <run_address>0x3bf0</run_address>
         <size>0x6</size>
         <input_file_ref idref="fl-15c"/>
      </object_component>
      <object_component id="oc-289">
         <name>.text:GPIOPinWrite</name>
         <load_address>0x3bf6</load_address>
         <run_address>0x3bf6</run_address>
         <size>0x6</size>
         <input_file_ref idref="fl-15b"/>
      </object_component>
      <object_component id="oc-2c9">
         <name>.text:GrContextFontSet</name>
         <load_address>0x3bfc</load_address>
         <run_address>0x3bfc</run_address>
         <size>0x6</size>
         <input_file_ref idref="fl-160"/>
      </object_component>
      <object_component id="oc-24">
         <name>.text:ResetISR</name>
         <load_address>0x3c02</load_address>
         <run_address>0x3c02</run_address>
         <size>0x6</size>
         <input_file_ref idref="fl-12"/>
      </object_component>
      <object_component id="oc-28e">
         <name>.text:SysCtlDelay</name>
         <load_address>0x3c08</load_address>
         <run_address>0x3c08</run_address>
         <size>0x6</size>
         <input_file_ref idref="fl-158"/>
      </object_component>
      <object_component id="oc-1e">
         <name>.text:decompress:rle24</name>
         <load_address>0x3c0e</load_address>
         <run_address>0x3c0e</run_address>
         <size>0x6</size>
         <input_file_ref idref="fl-146"/>
      </object_component>
      <object_component id="oc-425">
         <name>.text:vListInitialiseItem</name>
         <load_address>0x3c14</load_address>
         <run_address>0x3c14</run_address>
         <size>0x6</size>
         <input_file_ref idref="fl-c"/>
      </object_component>
      <object_component id="oc-294">
         <name>.text:LCDDMAConfigSet</name>
         <load_address>0x3c1a</load_address>
         <run_address>0x3c1a</run_address>
         <size>0x4</size>
         <input_file_ref idref="fl-159"/>
      </object_component>
      <object_component id="oc-299">
         <name>.text:LCDIDDConfigSet</name>
         <load_address>0x3c1e</load_address>
         <run_address>0x3c1e</run_address>
         <size>0x4</size>
         <input_file_ref idref="fl-159"/>
      </object_component>
      <object_component id="oc-2d0">
         <name>.const:.string:g_pui8Top</name>
         <load_address>0x3c24</load_address>
         <run_address>0x3c24</run_address>
         <size>0x1a46</size>
         <input_file_ref idref="fl-5"/>
      </object_component>
      <object_component id="oc-2da">
         <name>.const:.string:g_pui8Bottom</name>
         <load_address>0x566a</load_address>
         <run_address>0x566a</run_address>
         <size>0x786</size>
         <input_file_ref idref="fl-5"/>
      </object_component>
      <object_component id="oc-40b">
         <name>.const:.string:g_pui8Cmss18bData</name>
         <load_address>0x5df0</load_address>
         <run_address>0x5df0</run_address>
         <size>0x782</size>
         <input_file_ref idref="fl-15f"/>
      </object_component>
      <object_component id="oc-2d4">
         <name>.const:.string:g_pui8Left</name>
         <load_address>0x6572</load_address>
         <run_address>0x6572</run_address>
         <size>0x546</size>
         <input_file_ref idref="fl-5"/>
      </object_component>
      <object_component id="oc-2d6">
         <name>.const:.string:g_pui8Right</name>
         <load_address>0x6ab8</load_address>
         <run_address>0x6ab8</run_address>
         <size>0x546</size>
         <input_file_ref idref="fl-5"/>
      </object_component>
      <object_component id="oc-2ce">
         <name>.const:.string:g_pui8TopLeft</name>
         <load_address>0x6ffe</load_address>
         <run_address>0x6ffe</run_address>
         <size>0x17c</size>
         <input_file_ref idref="fl-5"/>
      </object_component>
      <object_component id="oc-2d2">
         <name>.const:.string:g_pui8TopRight</name>
         <load_address>0x717a</load_address>
         <run_address>0x717a</run_address>
         <size>0x173</size>
         <input_file_ref idref="fl-5"/>
      </object_component>
      <object_component id="oc-2d8">
         <name>.const:.string:g_pui8BottomLeft</name>
         <load_address>0x72ed</load_address>
         <run_address>0x72ed</run_address>
         <size>0xd0</size>
         <input_file_ref idref="fl-5"/>
      </object_component>
      <object_component id="oc-2de">
         <name>.const:g_sFontCmss18b</name>
         <load_address>0x73c0</load_address>
         <run_address>0x73c0</run_address>
         <size>0xc8</size>
         <input_file_ref idref="fl-15f"/>
      </object_component>
      <object_component id="oc-2dc">
         <name>.const:.string:g_pui8BottomRight</name>
         <load_address>0x7488</load_address>
         <run_address>0x7488</run_address>
         <size>0xc4</size>
         <input_file_ref idref="fl-5"/>
      </object_component>
      <object_component id="oc-212">
         <name>.const:g_sKentec320x240x16_SSD2119</name>
         <load_address>0x754c</load_address>
         <run_address>0x754c</run_address>
         <size>0x28</size>
         <input_file_ref idref="fl-4"/>
      </object_component>
      <object_component id="oc-109">
         <name>.const</name>
         <load_address>0x7574</load_address>
         <run_address>0x7574</run_address>
         <size>0x1c</size>
         <input_file_ref idref="fl-2"/>
      </object_component>
      <object_component id="oc-f1">
         <name>.const:.string</name>
         <load_address>0x7590</load_address>
         <run_address>0x7590</run_address>
         <size>0x14</size>
         <input_file_ref idref="fl-a"/>
      </object_component>
      <object_component id="oc-2b9">
         <name>.const</name>
         <load_address>0x75a4</load_address>
         <run_address>0x75a4</run_address>
         <size>0x10</size>
         <input_file_ref idref="fl-162"/>
      </object_component>
      <object_component id="oc-562">
         <name>.cinit..data.load</name>
         <load_address>0x75b8</load_address>
         <run_address>0x75b8</run_address>
         <size>0x24</size>
      </object_component>
      <object_component id="oc-560">
         <name>__TI_handler_table</name>
         <load_address>0x75dc</load_address>
         <run_address>0x75dc</run_address>
         <size>0xc</size>
      </object_component>
      <object_component id="oc-563">
         <name>.cinit..bss.load</name>
         <load_address>0x75e8</load_address>
         <run_address>0x75e8</run_address>
         <size>0x8</size>
      </object_component>
      <object_component id="oc-561">
         <name>__TI_cinit_table</name>
         <load_address>0x75f0</load_address>
         <run_address>0x75f0</run_address>
         <size>0x10</size>
      </object_component>
      <object_component id="oc-5c">
         <name>.data</name>
         <load_address>0x20006198</load_address>
         <run_address>0x20006198</run_address>
         <size>0x4</size>
         <input_file_ref idref="fl-14c"/>
      </object_component>
      <object_component id="oc-81">
         <name>.data</name>
         <load_address>0x2000614c</load_address>
         <run_address>0x2000614c</run_address>
         <size>0x30</size>
         <input_file_ref idref="fl-a"/>
      </object_component>
      <object_component id="oc-ca">
         <name>.data</name>
         <load_address>0x20006184</load_address>
         <run_address>0x20006184</run_address>
         <size>0x8</size>
         <input_file_ref idref="fl-153"/>
      </object_component>
      <object_component id="oc-cc">
         <name>.data</name>
         <load_address>0x2000618c</load_address>
         <run_address>0x2000618c</run_address>
         <size>0x8</size>
         <input_file_ref idref="fl-148"/>
      </object_component>
      <object_component id="oc-10b">
         <name>.data</name>
         <load_address>0x2000619c</load_address>
         <run_address>0x2000619c</run_address>
         <size>0x4</size>
         <input_file_ref idref="fl-2"/>
      </object_component>
      <object_component id="oc-42c">
         <name>.data</name>
         <load_address>0x20006194</load_address>
         <run_address>0x20006194</run_address>
         <size>0x4</size>
         <input_file_ref idref="fl-7"/>
      </object_component>
      <object_component id="oc-44d">
         <name>.data</name>
         <load_address>0x2000617c</load_address>
         <run_address>0x2000617c</run_address>
         <size>0x8</size>
         <input_file_ref idref="fl-8"/>
      </object_component>
      <object_component id="oc-f2">
         <name>.bss:pxReadyTasksLists</name>
         <uninitialized>true</uninitialized>
         <run_address>0x20004f10</run_address>
         <size>0x140</size>
         <input_file_ref idref="fl-a"/>
      </object_component>
      <object_component id="oc-21e">
         <name>.bss:g_sContext</name>
         <uninitialized>true</uninitialized>
         <run_address>0x20005050</run_address>
         <size>0x2c</size>
         <input_file_ref idref="fl-15"/>
      </object_component>
      <object_component id="oc-2bb">
         <name>.bss</name>
         <uninitialized>true</uninitialized>
         <run_address>0x20005120</run_address>
         <size>0x4</size>
         <input_file_ref idref="fl-162"/>
      </object_component>
      <object_component id="oc-4de">
         <name>.bss</name>
         <uninitialized>true</uninitialized>
         <run_address>0x2000507c</run_address>
         <size>0x20</size>
         <input_file_ref idref="fl-161"/>
      </object_component>
      <object_component id="oc-4f8">
         <name>.bss:ucHeap</name>
         <uninitialized>true</uninitialized>
         <run_address>0x20000000</run_address>
         <size>0x4f10</size>
         <input_file_ref idref="fl-8"/>
      </object_component>
      <object_component id="oc-94">
         <name>.common:g_ui32TSState</name>
         <uninitialized>true</uninitialized>
         <run_address>0x20005134</run_address>
         <size>0x4</size>
      </object_component>
      <object_component id="oc-10e">
         <name>.common:g_pfnTSHandler</name>
         <uninitialized>true</uninitialized>
         <run_address>0x20005128</run_address>
         <size>0x4</size>
      </object_component>
      <object_component id="oc-10d">
         <name>.common:g_pi16Samples</name>
         <uninitialized>true</uninitialized>
         <run_address>0x20005100</run_address>
         <size>0x10</size>
      </object_component>
      <object_component id="oc-107">
         <name>.common:g_i16TouchX</name>
         <uninitialized>true</uninitialized>
         <run_address>0x20005148</run_address>
         <size>0x2</size>
      </object_component>
      <object_component id="oc-108">
         <name>.common:g_i16TouchY</name>
         <uninitialized>true</uninitialized>
         <run_address>0x2000514a</run_address>
         <size>0x2</size>
      </object_component>
      <object_component id="oc-4fb">
         <name>.common:xStart</name>
         <uninitialized>true</uninitialized>
         <run_address>0x20005118</run_address>
         <size>0x8</size>
      </object_component>
      <object_component id="oc-4fa">
         <name>.common:xEnd</name>
         <uninitialized>true</uninitialized>
         <run_address>0x20005110</run_address>
         <size>0x8</size>
      </object_component>
      <object_component id="oc-434">
         <name>.common:xDelayedTaskList1</name>
         <uninitialized>true</uninitialized>
         <run_address>0x2000509c</run_address>
         <size>0x14</size>
      </object_component>
      <object_component id="oc-435">
         <name>.common:xDelayedTaskList2</name>
         <uninitialized>true</uninitialized>
         <run_address>0x200050b0</run_address>
         <size>0x14</size>
      </object_component>
      <object_component id="oc-51f">
         <name>.common:pxDelayedTaskList</name>
         <uninitialized>true</uninitialized>
         <run_address>0x20005138</run_address>
         <size>0x4</size>
      </object_component>
      <object_component id="oc-520">
         <name>.common:pxOverflowDelayedTaskList</name>
         <uninitialized>true</uninitialized>
         <run_address>0x2000513c</run_address>
         <size>0x4</size>
      </object_component>
      <object_component id="oc-50d">
         <name>.common:xPendingReadyList</name>
         <uninitialized>true</uninitialized>
         <run_address>0x200050c4</run_address>
         <size>0x14</size>
      </object_component>
      <object_component id="oc-507">
         <name>.common:xTasksWaitingTermination</name>
         <uninitialized>true</uninitialized>
         <run_address>0x200050ec</run_address>
         <size>0x14</size>
      </object_component>
      <object_component id="oc-51d">
         <name>.common:xSuspendedTaskList</name>
         <uninitialized>true</uninitialized>
         <run_address>0x200050d8</run_address>
         <size>0x14</size>
      </object_component>
      <object_component id="oc-a8">
         <name>.common:g_pInterrupt</name>
         <uninitialized>true</uninitialized>
         <run_address>0x20005124</run_address>
         <size>0x4</size>
      </object_component>
      <object_component id="oc-aa">
         <name>.common:g_pfnTimerHandler</name>
         <uninitialized>true</uninitialized>
         <run_address>0x2000512c</run_address>
         <size>0x4</size>
      </object_component>
      <object_component id="oc-210">
         <name>.common:g_ui32SysClock</name>
         <uninitialized>true</uninitialized>
         <run_address>0x20005130</run_address>
         <size>0x4</size>
      </object_component>
      <object_component id="oc-383">
         <name>.common:xQueue1</name>
         <uninitialized>true</uninitialized>
         <run_address>0x20005144</run_address>
         <size>0x4</size>
      </object_component>
      <object_component id="oc-376">
         <name>.common:xHandle</name>
         <uninitialized>true</uninitialized>
         <run_address>0x20005140</run_address>
         <size>0x4</size>
      </object_component>
      <object_component id="oc-23">
         <name>.stack</name>
         <uninitialized>true</uninitialized>
         <run_address>0x2000514c</run_address>
         <size>0x0</size>
         <input_file_ref idref="fl-144"/>
      </object_component>
      <object_component id="oc-564">
         <name>.stack</name>
         <uninitialized>true</uninitialized>
         <run_address>0x2000514c</run_address>
         <size>0x0</size>
      </object_component>
      <object_component id="oc-f">
         <name>.debug_info</name>
         <load_address>0x0</load_address>
         <run_address>0x0</run_address>
         <size>0xeb</size>
         <input_file_ref idref="fl-12"/>
      </object_component>
      <object_component id="oc-12">
         <name>.debug_info</name>
         <load_address>0xeb</load_address>
         <run_address>0xeb</run_address>
         <size>0xf3</size>
         <input_file_ref idref="fl-144"/>
      </object_component>
      <object_component id="oc-16">
         <name>.debug_info</name>
         <load_address>0x1de</load_address>
         <run_address>0x1de</run_address>
         <size>0x194</size>
         <input_file_ref idref="fl-145"/>
      </object_component>
      <object_component id="oc-1b">
         <name>.debug_info</name>
         <load_address>0x372</load_address>
         <run_address>0x372</run_address>
         <size>0x16a</size>
         <input_file_ref idref="fl-147"/>
      </object_component>
      <object_component id="oc-1f">
         <name>.debug_info</name>
         <load_address>0x4dc</load_address>
         <run_address>0x4dc</run_address>
         <size>0x18e</size>
         <input_file_ref idref="fl-146"/>
      </object_component>
      <object_component id="oc-27">
         <name>.debug_info</name>
         <load_address>0x66a</load_address>
         <run_address>0x66a</run_address>
         <size>0x11b</size>
         <input_file_ref idref="fl-12"/>
      </object_component>
      <object_component id="oc-2b">
         <name>.debug_info</name>
         <load_address>0x785</load_address>
         <run_address>0x785</run_address>
         <size>0x109</size>
         <input_file_ref idref="fl-12"/>
      </object_component>
      <object_component id="oc-2f">
         <name>.debug_info</name>
         <load_address>0x88e</load_address>
         <run_address>0x88e</run_address>
         <size>0x110</size>
         <input_file_ref idref="fl-12"/>
      </object_component>
      <object_component id="oc-35">
         <name>.debug_info</name>
         <load_address>0x99e</load_address>
         <run_address>0x99e</run_address>
         <size>0x124</size>
         <input_file_ref idref="fl-12"/>
      </object_component>
      <object_component id="oc-39">
         <name>.debug_info</name>
         <load_address>0xac2</load_address>
         <run_address>0xac2</run_address>
         <size>0x19b</size>
         <input_file_ref idref="fl-6"/>
      </object_component>
      <object_component id="oc-3f">
         <name>.debug_info</name>
         <load_address>0xc5d</load_address>
         <run_address>0xc5d</run_address>
         <size>0x205</size>
         <input_file_ref idref="fl-7"/>
      </object_component>
      <object_component id="oc-43">
         <name>.debug_info</name>
         <load_address>0xe62</load_address>
         <run_address>0xe62</run_address>
         <size>0x159</size>
         <input_file_ref idref="fl-2"/>
      </object_component>
      <object_component id="oc-47">
         <name>.debug_info</name>
         <load_address>0xfbb</load_address>
         <run_address>0xfbb</run_address>
         <size>0x209</size>
         <input_file_ref idref="fl-10"/>
      </object_component>
      <object_component id="oc-4d">
         <name>.debug_info</name>
         <load_address>0x11c4</load_address>
         <run_address>0x11c4</run_address>
         <size>0x1ec</size>
         <input_file_ref idref="fl-12"/>
      </object_component>
      <object_component id="oc-51">
         <name>.debug_info</name>
         <load_address>0x13b0</load_address>
         <run_address>0x13b0</run_address>
         <size>0x13d</size>
         <input_file_ref idref="fl-155"/>
      </object_component>
      <object_component id="oc-53">
         <name>.debug_info</name>
         <load_address>0x14ed</load_address>
         <run_address>0x14ed</run_address>
         <size>0x11c</size>
         <input_file_ref idref="fl-154"/>
      </object_component>
      <object_component id="oc-5a">
         <name>.debug_info</name>
         <load_address>0x1609</load_address>
         <run_address>0x1609</run_address>
         <size>0x1c2</size>
         <input_file_ref idref="fl-148"/>
      </object_component>
      <object_component id="oc-5d">
         <name>.debug_info</name>
         <load_address>0x17cb</load_address>
         <run_address>0x17cb</run_address>
         <size>0xbe</size>
         <input_file_ref idref="fl-14c"/>
      </object_component>
      <object_component id="oc-60">
         <name>.debug_info</name>
         <load_address>0x1889</load_address>
         <run_address>0x1889</run_address>
         <size>0xcc</size>
         <input_file_ref idref="fl-14a"/>
      </object_component>
      <object_component id="oc-64">
         <name>.debug_info</name>
         <load_address>0x1955</load_address>
         <run_address>0x1955</run_address>
         <size>0x46</size>
         <input_file_ref idref="fl-145"/>
      </object_component>
      <object_component id="oc-69">
         <name>.debug_info</name>
         <load_address>0x199b</load_address>
         <run_address>0x199b</run_address>
         <size>0xf2</size>
         <input_file_ref idref="fl-145"/>
      </object_component>
      <object_component id="oc-6b">
         <name>.debug_info</name>
         <load_address>0x1a8d</load_address>
         <run_address>0x1a8d</run_address>
         <size>0x46</size>
         <input_file_ref idref="fl-147"/>
      </object_component>
      <object_component id="oc-70">
         <name>.debug_info</name>
         <load_address>0x1ad3</load_address>
         <run_address>0x1ad3</run_address>
         <size>0xad</size>
         <input_file_ref idref="fl-147"/>
      </object_component>
      <object_component id="oc-73">
         <name>.debug_info</name>
         <load_address>0x1b80</load_address>
         <run_address>0x1b80</run_address>
         <size>0x1ef</size>
         <input_file_ref idref="fl-146"/>
      </object_component>
      <object_component id="oc-77">
         <name>.debug_info</name>
         <load_address>0x1d6f</load_address>
         <run_address>0x1d6f</run_address>
         <size>0xb7</size>
         <input_file_ref idref="fl-146"/>
      </object_component>
      <object_component id="oc-78">
         <name>.debug_info</name>
         <load_address>0x1e26</load_address>
         <run_address>0x1e26</run_address>
         <size>0x39</size>
         <input_file_ref idref="fl-146"/>
      </object_component>
      <object_component id="oc-82">
         <name>.debug_info</name>
         <load_address>0x1e5f</load_address>
         <run_address>0x1e5f</run_address>
         <size>0x30d</size>
         <input_file_ref idref="fl-a"/>
      </object_component>
      <object_component id="oc-86">
         <name>.debug_info</name>
         <load_address>0x216c</load_address>
         <run_address>0x216c</run_address>
         <size>0x225</size>
         <input_file_ref idref="fl-a"/>
      </object_component>
      <object_component id="oc-8b">
         <name>.debug_info</name>
         <load_address>0x2391</load_address>
         <run_address>0x2391</run_address>
         <size>0x259</size>
         <input_file_ref idref="fl-a"/>
      </object_component>
      <object_component id="oc-91">
         <name>.debug_info</name>
         <load_address>0x25ea</load_address>
         <run_address>0x25ea</run_address>
         <size>0x1a5</size>
         <input_file_ref idref="fl-2"/>
      </object_component>
      <object_component id="oc-95">
         <name>.debug_info</name>
         <load_address>0x278f</load_address>
         <run_address>0x278f</run_address>
         <size>0x478</size>
         <input_file_ref idref="fl-2"/>
      </object_component>
      <object_component id="oc-9a">
         <name>.debug_info</name>
         <load_address>0x2c07</load_address>
         <run_address>0x2c07</run_address>
         <size>0x1c7</size>
         <input_file_ref idref="fl-15c"/>
      </object_component>
      <object_component id="oc-9f">
         <name>.debug_info</name>
         <load_address>0x2dce</load_address>
         <run_address>0x2dce</run_address>
         <size>0x350</size>
         <input_file_ref idref="fl-b"/>
      </object_component>
      <object_component id="oc-a6">
         <name>.debug_info</name>
         <load_address>0x311e</load_address>
         <run_address>0x311e</run_address>
         <size>0x1ae</size>
         <input_file_ref idref="fl-7"/>
      </object_component>
      <object_component id="oc-a9">
         <name>.debug_info</name>
         <load_address>0x32cc</load_address>
         <run_address>0x32cc</run_address>
         <size>0x15e0</size>
         <input_file_ref idref="fl-10"/>
      </object_component>
      <object_component id="oc-ac">
         <name>.debug_info</name>
         <load_address>0x48ac</load_address>
         <run_address>0x48ac</run_address>
         <size>0x8b</size>
         <input_file_ref idref="fl-2"/>
      </object_component>
      <object_component id="oc-b1">
         <name>.debug_info</name>
         <load_address>0x4937</load_address>
         <run_address>0x4937</run_address>
         <size>0x18b</size>
         <input_file_ref idref="fl-2"/>
      </object_component>
      <object_component id="oc-b8">
         <name>.debug_info</name>
         <load_address>0x4ac2</load_address>
         <run_address>0x4ac2</run_address>
         <size>0x84</size>
         <input_file_ref idref="fl-3"/>
      </object_component>
      <object_component id="oc-be">
         <name>.debug_info</name>
         <load_address>0x4b46</load_address>
         <run_address>0x4b46</run_address>
         <size>0x14b</size>
         <input_file_ref idref="fl-156"/>
      </object_component>
      <object_component id="oc-c4">
         <name>.debug_info</name>
         <load_address>0x4c91</load_address>
         <run_address>0x4c91</run_address>
         <size>0x251</size>
         <input_file_ref idref="fl-15"/>
      </object_component>
      <object_component id="oc-c9">
         <name>.debug_info</name>
         <load_address>0x4ee2</load_address>
         <run_address>0x4ee2</run_address>
         <size>0x11b</size>
         <input_file_ref idref="fl-154"/>
      </object_component>
      <object_component id="oc-cb">
         <name>.debug_info</name>
         <load_address>0x4ffd</load_address>
         <run_address>0x4ffd</run_address>
         <size>0xc8</size>
         <input_file_ref idref="fl-153"/>
      </object_component>
      <object_component id="oc-cd">
         <name>.debug_info</name>
         <load_address>0x50c5</load_address>
         <run_address>0x50c5</run_address>
         <size>0xeb</size>
         <input_file_ref idref="fl-148"/>
      </object_component>
      <object_component id="oc-cf">
         <name>.debug_info</name>
         <load_address>0x51b0</load_address>
         <run_address>0x51b0</run_address>
         <size>0x146</size>
         <input_file_ref idref="fl-148"/>
      </object_component>
      <object_component id="oc-d3">
         <name>.debug_info</name>
         <load_address>0x52f6</load_address>
         <run_address>0x52f6</run_address>
         <size>0x2c</size>
         <input_file_ref idref="fl-145"/>
      </object_component>
      <object_component id="oc-da">
         <name>.debug_info</name>
         <load_address>0x5322</load_address>
         <run_address>0x5322</run_address>
         <size>0x2c</size>
         <input_file_ref idref="fl-e"/>
      </object_component>
      <object_component id="oc-e6">
         <name>.debug_info</name>
         <load_address>0x534e</load_address>
         <run_address>0x534e</run_address>
         <size>0x79c</size>
         <input_file_ref idref="fl-a"/>
      </object_component>
      <object_component id="oc-e8">
         <name>.debug_info</name>
         <load_address>0x5aea</load_address>
         <run_address>0x5aea</run_address>
         <size>0x16b</size>
         <input_file_ref idref="fl-13"/>
      </object_component>
      <object_component id="oc-ed">
         <name>.debug_info</name>
         <load_address>0x5c55</load_address>
         <run_address>0x5c55</run_address>
         <size>0x1a0</size>
         <input_file_ref idref="fl-149"/>
      </object_component>
      <object_component id="oc-f3">
         <name>.debug_info</name>
         <load_address>0x5df5</load_address>
         <run_address>0x5df5</run_address>
         <size>0x10a</size>
         <input_file_ref idref="fl-a"/>
      </object_component>
      <object_component id="oc-f6">
         <name>.debug_info</name>
         <load_address>0x5eff</load_address>
         <run_address>0x5eff</run_address>
         <size>0x1c5</size>
         <input_file_ref idref="fl-c"/>
      </object_component>
      <object_component id="oc-fb">
         <name>.debug_info</name>
         <load_address>0x60c4</load_address>
         <run_address>0x60c4</run_address>
         <size>0x1ed</size>
         <input_file_ref idref="fl-c"/>
      </object_component>
      <object_component id="oc-102">
         <name>.debug_info</name>
         <load_address>0x62b1</load_address>
         <run_address>0x62b1</run_address>
         <size>0x2c</size>
         <input_file_ref idref="fl-7"/>
      </object_component>
      <object_component id="oc-10a">
         <name>.debug_info</name>
         <load_address>0x62dd</load_address>
         <run_address>0x62dd</run_address>
         <size>0xff</size>
         <input_file_ref idref="fl-2"/>
      </object_component>
      <object_component id="oc-10c">
         <name>.debug_info</name>
         <load_address>0x63dc</load_address>
         <run_address>0x63dc</run_address>
         <size>0x135</size>
         <input_file_ref idref="fl-2"/>
      </object_component>
      <object_component id="oc-112">
         <name>.debug_info</name>
         <load_address>0x6511</load_address>
         <run_address>0x6511</run_address>
         <size>0x6bd</size>
         <input_file_ref idref="fl-2"/>
      </object_component>
      <object_component id="oc-117">
         <name>.debug_info</name>
         <load_address>0x6bce</load_address>
         <run_address>0x6bce</run_address>
         <size>0xc6</size>
         <input_file_ref idref="fl-2"/>
      </object_component>
      <object_component id="oc-11d">
         <name>.debug_info</name>
         <load_address>0x6c94</load_address>
         <run_address>0x6c94</run_address>
         <size>0x18b</size>
         <input_file_ref idref="fl-157"/>
      </object_component>
      <object_component id="oc-122">
         <name>.debug_info</name>
         <load_address>0x6e1f</load_address>
         <run_address>0x6e1f</run_address>
         <size>0x2f0</size>
         <input_file_ref idref="fl-15c"/>
      </object_component>
      <object_component id="oc-124">
         <name>.debug_info</name>
         <load_address>0x710f</load_address>
         <run_address>0x710f</run_address>
         <size>0x255</size>
         <input_file_ref idref="fl-b"/>
      </object_component>
      <object_component id="oc-12a">
         <name>.debug_info</name>
         <load_address>0x7364</load_address>
         <run_address>0x7364</run_address>
         <size>0x239</size>
         <input_file_ref idref="fl-a"/>
      </object_component>
      <object_component id="oc-12e">
         <name>.debug_info</name>
         <load_address>0x759d</load_address>
         <run_address>0x759d</run_address>
         <size>0x46</size>
         <input_file_ref idref="fl-9"/>
      </object_component>
      <object_component id="oc-133">
         <name>.debug_info</name>
         <load_address>0x75e3</load_address>
         <run_address>0x75e3</run_address>
         <size>0x5d3</size>
         <input_file_ref idref="fl-b"/>
      </object_component>
      <object_component id="oc-137">
         <name>.debug_info</name>
         <load_address>0x7bb6</load_address>
         <run_address>0x7bb6</run_address>
         <size>0x99</size>
         <input_file_ref idref="fl-e"/>
      </object_component>
      <object_component id="oc-13c">
         <name>.debug_info</name>
         <load_address>0x7c4f</load_address>
         <run_address>0x7c4f</run_address>
         <size>0x12f</size>
         <input_file_ref idref="fl-e"/>
      </object_component>
      <object_component id="oc-141">
         <name>.debug_info</name>
         <load_address>0x7d7e</load_address>
         <run_address>0x7d7e</run_address>
         <size>0xc4</size>
         <input_file_ref idref="fl-10"/>
      </object_component>
      <object_component id="oc-146">
         <name>.debug_info</name>
         <load_address>0x7e42</load_address>
         <run_address>0x7e42</run_address>
         <size>0x20b</size>
         <input_file_ref idref="fl-10"/>
      </object_component>
      <object_component id="oc-14b">
         <name>.debug_info</name>
         <load_address>0x804d</load_address>
         <run_address>0x804d</run_address>
         <size>0x9a</size>
         <input_file_ref idref="fl-10"/>
      </object_component>
      <object_component id="oc-150">
         <name>.debug_info</name>
         <load_address>0x80e7</load_address>
         <run_address>0x80e7</run_address>
         <size>0x29e</size>
         <input_file_ref idref="fl-7"/>
      </object_component>
      <object_component id="oc-155">
         <name>.debug_info</name>
         <load_address>0x8385</load_address>
         <run_address>0x8385</run_address>
         <size>0x2c</size>
         <input_file_ref idref="fl-10"/>
      </object_component>
      <object_component id="oc-15a">
         <name>.debug_info</name>
         <load_address>0x83b1</load_address>
         <run_address>0x83b1</run_address>
         <size>0x8a</size>
         <input_file_ref idref="fl-10"/>
      </object_component>
      <object_component id="oc-15f">
         <name>.debug_info</name>
         <load_address>0x843b</load_address>
         <run_address>0x843b</run_address>
         <size>0x1b7</size>
         <input_file_ref idref="fl-10"/>
      </object_component>
      <object_component id="oc-164">
         <name>.debug_info</name>
         <load_address>0x85f2</load_address>
         <run_address>0x85f2</run_address>
         <size>0x2c</size>
         <input_file_ref idref="fl-e"/>
      </object_component>
      <object_component id="oc-169">
         <name>.debug_info</name>
         <load_address>0x861e</load_address>
         <run_address>0x861e</run_address>
         <size>0x651</size>
         <input_file_ref idref="fl-10"/>
      </object_component>
      <object_component id="oc-16e">
         <name>.debug_info</name>
         <load_address>0x8c6f</load_address>
         <run_address>0x8c6f</run_address>
         <size>0x87</size>
         <input_file_ref idref="fl-e"/>
      </object_component>
      <object_component id="oc-173">
         <name>.debug_info</name>
         <load_address>0x8cf6</load_address>
         <run_address>0x8cf6</run_address>
         <size>0x174</size>
         <input_file_ref idref="fl-10"/>
      </object_component>
      <object_component id="oc-178">
         <name>.debug_info</name>
         <load_address>0x8e6a</load_address>
         <run_address>0x8e6a</run_address>
         <size>0x2c</size>
         <input_file_ref idref="fl-10"/>
      </object_component>
      <object_component id="oc-17d">
         <name>.debug_info</name>
         <load_address>0x8e96</load_address>
         <run_address>0x8e96</run_address>
         <size>0xee</size>
         <input_file_ref idref="fl-10"/>
      </object_component>
      <object_component id="oc-182">
         <name>.debug_info</name>
         <load_address>0x8f84</load_address>
         <run_address>0x8f84</run_address>
         <size>0x2c</size>
         <input_file_ref idref="fl-e"/>
      </object_component>
      <object_component id="oc-187">
         <name>.debug_info</name>
         <load_address>0x8fb0</load_address>
         <run_address>0x8fb0</run_address>
         <size>0xa5</size>
         <input_file_ref idref="fl-10"/>
      </object_component>
      <object_component id="oc-18c">
         <name>.debug_info</name>
         <load_address>0x9055</load_address>
         <run_address>0x9055</run_address>
         <size>0x30e</size>
         <input_file_ref idref="fl-10"/>
      </object_component>
      <object_component id="oc-191">
         <name>.debug_info</name>
         <load_address>0x9363</load_address>
         <run_address>0x9363</run_address>
         <size>0x14d</size>
         <input_file_ref idref="fl-10"/>
      </object_component>
      <object_component id="oc-196">
         <name>.debug_info</name>
         <load_address>0x94b0</load_address>
         <run_address>0x94b0</run_address>
         <size>0xd7</size>
         <input_file_ref idref="fl-10"/>
      </object_component>
      <object_component id="oc-19b">
         <name>.debug_info</name>
         <load_address>0x9587</load_address>
         <run_address>0x9587</run_address>
         <size>0xf5</size>
         <input_file_ref idref="fl-e"/>
      </object_component>
      <object_component id="oc-1a0">
         <name>.debug_info</name>
         <load_address>0x967c</load_address>
         <run_address>0x967c</run_address>
         <size>0x9f</size>
         <input_file_ref idref="fl-e"/>
      </object_component>
      <object_component id="oc-1a5">
         <name>.debug_info</name>
         <load_address>0x971b</load_address>
         <run_address>0x971b</run_address>
         <size>0x167</size>
         <input_file_ref idref="fl-e"/>
      </object_component>
      <object_component id="oc-1aa">
         <name>.debug_info</name>
         <load_address>0x9882</load_address>
         <run_address>0x9882</run_address>
         <size>0x69</size>
         <input_file_ref idref="fl-10"/>
      </object_component>
      <object_component id="oc-1af">
         <name>.debug_info</name>
         <load_address>0x98eb</load_address>
         <run_address>0x98eb</run_address>
         <size>0x41</size>
         <input_file_ref idref="fl-10"/>
      </object_component>
      <object_component id="oc-1b4">
         <name>.debug_info</name>
         <load_address>0x992c</load_address>
         <run_address>0x992c</run_address>
         <size>0x1bb</size>
         <input_file_ref idref="fl-10"/>
      </object_component>
      <object_component id="oc-1b9">
         <name>.debug_info</name>
         <load_address>0x9ae7</load_address>
         <run_address>0x9ae7</run_address>
         <size>0x412</size>
         <input_file_ref idref="fl-e"/>
      </object_component>
      <object_component id="oc-1be">
         <name>.debug_info</name>
         <load_address>0x9ef9</load_address>
         <run_address>0x9ef9</run_address>
         <size>0x186</size>
         <input_file_ref idref="fl-10"/>
      </object_component>
      <object_component id="oc-1c3">
         <name>.debug_info</name>
[...]
         <name>FrameDraw</name>
         <value>0x162d</value>
         <object_component_ref idref="oc-1e8"/>
      </symbol>
      <symbol id="sm-188">
         <name>vPortStartFirstTask</name>
         <value>0x28b9</value>
         <object_component_ref idref="oc-38"/>
      </symbol>
      <symbol id="sm-189">
         <name>vPortEnableVFP</name>
         <value>0x28cd</value>
         <object_component_ref idref="oc-38"/>
      </symbol>
      <symbol id="sm-18a">
         <name>xPortPendSVHandler</name>
         <value>0x283d</value>
         <object_component_ref idref="oc-38"/>
      </symbol>
      <symbol id="sm-18b">
         <name>vPortClearInterruptMask</name>
         <value>0x2895</value>
         <object_component_ref idref="oc-38"/>
      </symbol>
      <symbol id="sm-18c">
         <name>vPortSetInterruptMask</name>
         <value>0x288b</value>
         <object_component_ref idref="oc-38"/>
      </symbol>
      <symbol id="sm-18d">
         <name>vPortSVCHandler</name>
         <value>0x289f</value>
         <object_component_ref idref="oc-38"/>
      </symbol>
      <symbol id="sm-1fd">
         <name>vPortYield</name>
         <value>0x3b55</value>
         <object_component_ref idref="oc-309"/>
      </symbol>
      <symbol id="sm-1fe">
         <name>xPortSysTickHandler</name>
         <value>0x3a11</value>
         <object_component_ref idref="oc-3c"/>
      </symbol>
      <symbol id="sm-1ff">
         <name>vPortYieldFromISR</name>
         <value>0x3b65</value>
         <object_component_ref idref="oc-a3"/>
      </symbol>
      <symbol id="sm-200">
         <name>pxPortInitialiseStack</name>
         <value>0x392d</value>
         <object_component_ref idref="oc-2f5"/>
      </symbol>
      <symbol id="sm-201">
         <name>vPortExitCritical</name>
         <value>0x3af9</value>
         <object_component_ref idref="oc-304"/>
      </symbol>
      <symbol id="sm-202">
         <name>xPortStartScheduler</name>
         <value>0x3645</value>
         <object_component_ref idref="oc-31f"/>
      </symbol>
      <symbol id="sm-203">
         <name>vPortEnterCritical</name>
         <value>0x3ae5</value>
         <object_component_ref idref="oc-2fa"/>
      </symbol>
      <symbol id="sm-24e">
         <name>pvPortMalloc</name>
         <value>0x278d</value>
         <object_component_ref idref="oc-30f"/>
      </symbol>
      <symbol id="sm-24f">
         <name>vPortFree</name>
         <value>0x3579</value>
         <object_component_ref idref="oc-314"/>
      </symbol>
      <symbol id="sm-3ee">
         <name>vTaskDelay</name>
         <value>0x3799</value>
         <object_component_ref idref="oc-371"/>
      </symbol>
      <symbol id="sm-3ef">
         <name>vTaskSuspendAll</name>
         <value>0x3b75</value>
         <object_component_ref idref="oc-43e"/>
      </symbol>
      <symbol id="sm-3f0">
         <name>vTaskPriorityInherit</name>
         <value>0x2cf5</value>
         <object_component_ref idref="oc-4a7"/>
      </symbol>
      <symbol id="sm-3f1">
         <name>vTaskPlaceOnEventList</name>
         <value>0x35bd</value>
         <object_component_ref idref="oc-496"/>
      </symbol>
      <symbol id="sm-3f2">
         <name>xTaskCheckForTimeOut</name>
         <value>0x31f1</value>
         <object_component_ref idref="oc-487"/>
      </symbol>
      <symbol id="sm-3f3">
         <name>vTaskStartScheduler</name>
         <value>0x34a9</value>
         <object_component_ref idref="oc-201"/>
      </symbol>
      <symbol id="sm-3f4">
         <name>vTaskPriorityDisinherit</name>
         <value>0x3461</value>
         <object_component_ref idref="oc-265"/>
      </symbol>
      <symbol id="sm-3f5">
         <name>vTaskMissedYield</name>
         <value>0x3bd1</value>
         <object_component_ref idref="oc-511"/>
      </symbol>
      <symbol id="sm-3f6">
         <name>xTaskResumeAll</name>
         <value>0x23cd</value>
         <object_component_ref idref="oc-448"/>
      </symbol>
      <symbol id="sm-3f7">
         <name>xTaskGenericCreate</name>
         <value>0x22ed</value>
         <object_component_ref idref="oc-1f7"/>
      </symbol>
      <symbol id="sm-3f8">
         <name>pxCurrentTCB</name>
         <value>0x2000614c</value>
         <object_component_ref idref="oc-81"/>
      </symbol>
      <symbol id="sm-3f9">
         <name>vTaskSuspend</name>
         <value>0x2e35</value>
         <object_component_ref idref="oc-362"/>
      </symbol>
      <symbol id="sm-3fa">
         <name>vTaskResume</name>
         <value>0x3025</value>
         <object_component_ref idref="oc-367"/>
      </symbol>
      <symbol id="sm-3fb">
         <name>vTaskSetTimeOutState</name>
         <value>0x3a79</value>
         <object_component_ref idref="oc-482"/>
      </symbol>
      <symbol id="sm-3fc">
         <name>xTaskIncrementTick</name>
         <value>0x20d9</value>
         <object_component_ref idref="oc-89"/>
      </symbol>
      <symbol id="sm-3fd">
         <name>vTaskSwitchContext</name>
         <value>0x297d</value>
         <object_component_ref idref="oc-83"/>
      </symbol>
      <symbol id="sm-3fe">
         <name>xTaskGetCurrentTaskHandle</name>
         <value>0x3bdd</value>
         <object_component_ref idref="oc-4b1"/>
      </symbol>
      <symbol id="sm-3ff">
         <name>xTaskRemoveFromEventList</name>
         <value>0x2c85</value>
         <object_component_ref idref="oc-128"/>
      </symbol>
      <symbol id="sm-400">
         <name>xTaskIsTaskSuspended</name>
         <value>0x38c5</value>
         <object_component_ref idref="oc-47c"/>
      </symbol>
      <symbol id="sm-480">
         <name>xQueueGenericSendFromISR</name>
         <value>0x3199</value>
         <object_component_ref idref="oc-9e"/>
      </symbol>
      <symbol id="sm-481">
         <name>xQueueGenericCreate</name>
         <value>0x3381</value>
         <object_component_ref idref="oc-1fc"/>
      </symbol>
      <symbol id="sm-482">
         <name>xQueueGenericSend</name>
         <value>0x2567</value>
         <object_component_ref idref="oc-36c"/>
      </symbol>
      <symbol id="sm-483">
         <name>xQueueGenericReset</name>
         <value>0x2c15</value>
         <object_component_ref idref="oc-319"/>
      </symbol>
      <symbol id="sm-484">
         <name>xQueueGenericReceive</name>
         <value>0x21ed</value>
         <object_component_ref idref="oc-379"/>
      </symbol>
      <symbol id="sm-4af">
         <name>uxListRemove</name>
         <value>0x3993</value>
         <object_component_ref idref="oc-f5"/>
      </symbol>
      <symbol id="sm-4b0">
         <name>vListInsert</name>
         <value>0x36bf</value>
         <object_component_ref idref="oc-518"/>
      </symbol>
      <symbol id="sm-4b1">
         <name>vListInitialiseItem</name>
         <value>0x3c15</value>
         <object_component_ref idref="oc-425"/>
      </symbol>
      <symbol id="sm-4b2">
         <name>vListInsertEnd</name>
         <value>0x3a61</value>
         <object_component_ref idref="oc-fa"/>
      </symbol>
      <symbol id="sm-4b3">
         <name>vListInitialise</name>
         <value>0x3aa7</value>
         <object_component_ref idref="oc-42f"/>
      </symbol>
      <symbol id="sm-553">
         <name>uvsnprintf</name>
         <value>0x13e5</value>
         <object_component_ref idref="oc-4b7"/>
      </symbol>
      <symbol id="sm-554">
         <name>ustrncpy</name>
         <value>0x3971</value>
         <object_component_ref idref="oc-526"/>
      </symbol>
      <symbol id="sm-555">
         <name>usprintf</name>
         <value>0x39b5</value>
         <object_component_ref idref="oc-37e"/>
      </symbol>
      <symbol id="sm-5ca">
         <name>g_pfnTimerHandler</name>
         <value>0x2000512c</value>
      </symbol>
      <symbol id="sm-5cb">
         <name>lwIPEthernetIntHandler</name>
         <value>0x2b25</value>
         <object_component_ref idref="oc-46"/>
      </symbol>
      <symbol id="sm-600">
         <name>ResetISR</name>
         <value>0x3c03</value>
         <object_component_ref idref="oc-24"/>
      </symbol>
      <symbol id="sm-601">
         <name>g_pfnVectors</name>
         <value>0x0</value>
         <object_component_ref idref="oc-e"/>
      </symbol>
      <symbol id="sm-615">
         <name>vApplicationStackOverflowHook</name>
         <value>0x3417</value>
         <object_component_ref idref="oc-e7"/>
      </symbol>
      <symbol id="sm-616">
         <name>vApplicationIdleHook</name>
         <value>0x3333</value>
         <object_component_ref idref="oc-460"/>
      </symbol>
      <symbol id="sm-655">
         <name>g_ui32SysClock</name>
         <value>0x20005130</value>
      </symbol>
      <symbol id="sm-656">
         <name>xQueue1</name>
         <value>0x20005144</value>
      </symbol>
      <symbol id="sm-657">
         <name>xHandle</name>
         <value>0x20005140</value>
      </symbol>
      <symbol id="sm-658">
         <name>displayTask</name>
         <value>0x3245</value>
         <object_component_ref idref="oc-219"/>
      </symbol>
      <symbol id="sm-659">
         <name>main</name>
         <value>0x1cf1</value>
         <object_component_ref idref="oc-c3"/>
      </symbol>
      <symbol id="sm-65a">
         <name>g_sContext</name>
         <value>0x20005050</value>
         <object_component_ref idref="oc-21e"/>
      </symbol>
      <symbol id="sm-65b">
         <name>time_task</name>
         <value>0x3295</value>
         <object_component_ref idref="oc-214"/>
      </symbol>
      <symbol id="sm-66a">
         <name>_c_int00</name>
         <value>0x3419</value>
         <object_component_ref idref="oc-10"/>
      </symbol>
      <symbol id="sm-66b">
         <name>__stack</name>
         <value>0x2000514c</value>
         <object_component_ref idref="oc-23"/>
      </symbol>
      <symbol id="sm-681">
         <name>__TI_decompress_none</name>
         <value>0x3b93</value>
         <object_component_ref idref="oc-14"/>
      </symbol>
      <symbol id="sm-6a3">
         <name>__TI_decompress_rle24</name>
         <value>0x3c0f</value>
         <object_component_ref idref="oc-1e"/>
      </symbol>
      <symbol id="sm-6b6">
         <name>__TI_zero_init</name>
         <value>0x3b31</value>
         <object_component_ref idref="oc-19"/>
      </symbol>
      <symbol id="sm-6d2">
         <name>C$$EXIT</name>
         <value>0x3535</value>
         <object_component_ref idref="oc-57"/>
      </symbol>
      <symbol id="sm-6d3">
         <name>abort</name>
         <value>0x3539</value>
         <object_component_ref idref="oc-57"/>
      </symbol>
      <symbol id="sm-6d4">
         <name>exit</name>
         <value>0x3541</value>
         <object_component_ref idref="oc-57"/>
      </symbol>
      <symbol id="sm-6d5">
         <name>__TI_dtors_ptr</name>
         <value>0x20006190</value>
         <object_component_ref idref="oc-cc"/>
      </symbol>
      <symbol id="sm-6d6">
         <name>__TI_cleanup_ptr</name>
         <value>0x2000618c</value>
         <object_component_ref idref="oc-cc"/>
      </symbol>
      <symbol id="sm-6e5">
         <name>memcmp</name>
         <value>0x394f</value>
         <object_component_ref idref="oc-ec"/>
      </symbol>
      <symbol id="sm-6ff">
         <name>memcpy</name>
         <value>0x28df</value>
         <object_component_ref idref="oc-5f"/>
      </symbol>
      <symbol id="sm-700">
         <name>__aeabi_memcpy</name>
         <value>0x28df</value>
         <object_component_ref idref="oc-5f"/>
      </symbol>
      <symbol id="sm-701">
         <name>__aeabi_memcpy8</name>
         <value>0x28df</value>
         <object_component_ref idref="oc-5f"/>
      </symbol>
      <symbol id="sm-702">
         <name>__aeabi_memcpy4</name>
         <value>0x28df</value>
         <object_component_ref idref="oc-5f"/>
      </symbol>
      <symbol id="sm-710">
         <name>__aeabi_memset</name>
         <value>0x2b9f</value>
         <object_component_ref idref="oc-420"/>
      </symbol>
      <symbol id="sm-711">
         <name>memset</name>
         <value>0x2ba5</value>
         <object_component_ref idref="oc-420"/>
      </symbol>
      <symbol id="sm-712">
         <name>__aeabi_memset8</name>
         <value>0x2b9f</value>
         <object_component_ref idref="oc-420"/>
      </symbol>
      <symbol id="sm-713">
         <name>__aeabi_memset4</name>
         <value>0x2b9f</value>
         <object_component_ref idref="oc-420"/>
      </symbol>
      <symbol id="sm-714">
         <name>__aeabi_memclr8</name>
         <value>0x2b9d</value>
         <object_component_ref idref="oc-420"/>
      </symbol>
      <symbol id="sm-715">
         <name>__aeabi_memclr4</name>
         <value>0x2b9d</value>
         <object_component_ref idref="oc-420"/>
      </symbol>
      <symbol id="sm-716">
         <name>__aeabi_memclr</name>
         <value>0x2b9d</value>
         <object_component_ref idref="oc-420"/>
      </symbol>
      <symbol id="sm-71d">
         <name>main_func_sp</name>
         <value>0x20006198</value>
         <object_component_ref idref="oc-5c"/>
      </symbol>
      <symbol id="sm-731">
         <name>__aeabi_uidivmod</name>
         <value>0x3601</value>
         <object_component_ref idref="oc-52b"/>
      </symbol>
      <symbol id="sm-747">
         <name>_nop</name>
         <value>0x3adf</value>
         <object_component_ref idref="oc-22a"/>
      </symbol>
      <symbol id="sm-748">
         <name>_lock</name>
         <value>0x20006184</value>
         <object_component_ref idref="oc-ca"/>
      </symbol>
      <symbol id="sm-749">
         <name>_unlock</name>
         <value>0x20006188</value>
         <object_component_ref idref="oc-ca"/>
      </symbol>
      <symbol id="sm-74a">
         <name>_register_lock</name>
         <value>0x3ad7</value>
         <object_component_ref idref="oc-22a"/>
      </symbol>
      <symbol id="sm-74b">
         <name>_register_unlock</name>
         <value>0x3ad1</value>
         <object_component_ref idref="oc-22a"/>
      </symbol>
      <symbol id="sm-75e">
         <name>_args_main</name>
         <value>0x3a49</value>
         <object_component_ref idref="oc-52"/>
      </symbol>
      <symbol id="sm-77a">
         <name>__TI_auto_init</name>
         <value>0x2a19</value>
         <object_component_ref idref="oc-4e"/>
      </symbol>
      <symbol id="sm-792">
         <name>copy_in</name>
         <value>0x34f1</value>
         <object_component_ref idref="oc-bd"/>
      </symbol>
      <symbol id="sm-7bb">
         <name>SysCtlDelay</name>
         <value>0x3c09</value>
         <object_component_ref idref="oc-28e"/>
      </symbol>
      <symbol id="sm-7bc">
         <name>SysCtlMOSCConfigSet</name>
         <value>0x3bb9</value>
         <object_component_ref idref="oc-1ed"/>
      </symbol>
      <symbol id="sm-7bd">
         <name>SysCtlPeripheralEnable</name>
         <value>0x3765</value>
         <object_component_ref idref="oc-284"/>
      </symbol>
      <symbol id="sm-7f2">
         <name>LCDIDDConfigSet</name>
         <value>0x3c1f</value>
         <object_component_ref idref="oc-299"/>
      </symbol>
      <symbol id="sm-7f3">
         <name>LCDDMAConfigSet</name>
         <value>0x3c1b</value>
         <object_component_ref idref="oc-294"/>
      </symbol>
      <symbol id="sm-7f4">
         <name>LCDIDDDataWrite</name>
         <value>0x3bad</value>
         <object_component_ref idref="oc-2a8"/>
      </symbol>
      <symbol id="sm-7f5">
         <name>LCDIDDCommandWrite</name>
         <value>0x3ba1</value>
         <object_component_ref idref="oc-2a3"/>
      </symbol>
      <symbol id="sm-7f6">
         <name>LCDIDDTimingSet</name>
         <value>0x36f7</value>
         <object_component_ref idref="oc-29e"/>
      </symbol>
      <symbol id="sm-7f7">
         <name>LCDModeSet</name>
         <value>0x390b</value>
         <object_component_ref idref="oc-28f"/>
      </symbol>
      <symbol id="sm-821">
         <name>GPIODirModeSet</name>
         <value>0x37fd</value>
         <object_component_ref idref="oc-3bb"/>
      </symbol>
      <symbol id="sm-822">
         <name>GPIOPinWrite</name>
         <value>0x3bf7</value>
         <object_component_ref idref="oc-289"/>
      </symbol>
      <symbol id="sm-823">
         <name>GPIOPadConfigSet</name>
         <value>0x1fa9</value>
         <object_component_ref idref="oc-3c0"/>
      </symbol>
      <symbol id="sm-824">
         <name>GPIOPinTypeEthernetLED</name>
         <value>0x3b0d</value>
         <object_component_ref idref="oc-27e"/>
      </symbol>
      <symbol id="sm-83a">
         <name>EMACTimestampIntStatus</name>
         <value>0x3bf1</value>
         <object_component_ref idref="oc-99"/>
      </symbol>
      <symbol id="sm-85b">
         <name>g_sFontCmss18b</name>
         <value>0x73c0</value>
         <object_component_ref idref="oc-2de"/>
      </symbol>
      <symbol id="sm-978">
         <name>GrFontInfoGet</name>
         <value>0x387b</value>
         <object_component_ref idref="oc-334"/>
      </symbol>
      <symbol id="sm-979">
         <name>GrDefaultStringRenderer</name>
         <value>0x249d</value>
         <object_component_ref idref="oc-2b4"/>
      </symbol>
      <symbol id="sm-97a">
         <name>GrFontGlyphRender</name>
         <value>0x117f</value>
         <object_component_ref idref="oc-3d2"/>
      </symbol>
      <symbol id="sm-97b">
         <name>GrContextFontSet</name>
         <value>0x3bfd</value>
         <object_component_ref idref="oc-2c9"/>
      </symbol>
      <symbol id="sm-97c">
         <name>GrFontGlyphDataGet</name>
         <value>0x38e9</value>
         <object_component_ref idref="oc-32f"/>
      </symbol>
      <symbol id="sm-97d">
         <name>GrStringDraw</name>
         <value>0x3b1f</value>
         <object_component_ref idref="oc-1f2"/>
      </symbol>
      <symbol id="sm-97e">
         <name>GrFontCodepageGet</name>
         <value>0x39d5</value>
         <object_component_ref idref="oc-4e3"/>
      </symbol>
      <symbol id="sm-97f">
         <name>GrStringNextCharGet</name>
         <value>0x3851</value>
         <object_component_ref idref="oc-32a"/>
      </symbol>
      <symbol id="sm-980">
         <name>GrStringWidthGet</name>
         <value>0x2d61</value>
         <object_component_ref idref="oc-206"/>
      </symbol>
      <symbol id="sm-981">
         <name>GrFontBaselineGet</name>
         <value>0x3827</value>
         <object_component_ref idref="oc-20b"/>
      </symbol>
      <symbol id="sm-a69">
         <name>GrImageDraw</name>
         <value>0x3b85</value>
         <object_component_ref idref="oc-2c4"/>
      </symbol>
      <symbol id="sm-a94">
         <name>GrContextInit</name>
         <value>0x2e9d</value>
         <object_component_ref idref="oc-1e3"/>
      </symbol>
      <symbol id="sm-a95">
         <name>GrContextClipRegionSet</name>
         <value>0x2f01</value>
         <object_component_ref idref="oc-2bf"/>
      </symbol>
      <symbol id="sm-a96">
         <name>g_psDefaultCodePointMapTable</name>
         <value>0x75a4</value>
         <object_component_ref idref="oc-2b9"/>
      </symbol>
      <symbol id="sm-aa2">
         <name>GrMapISO8859_1_Unicode</name>
         <value>0x3be9</value>
         <object_component_ref idref="oc-3dd"/>
      </symbol>
      <symbol id="sm-aa3">
         <name>__TI_static_base__</name>
         <value>0x0</value>
      </symbol>
      <symbol id="sm-aa4">
         <name>__TI_args_main</name>
         <value>0x1</value>
      </symbol>
      <symbol id="sm-aa5">
         <name>SHT$$INIT_ARRAY$$Limit</name>
         <value>0x0</value>
      </symbol>
      <symbol id="sm-aa6">
         <name>SHT$$INIT_ARRAY$$Base</name>
         <value>0x0</value>
      </symbol>
   </symbol_table>
   <title>Link successful</title>
</link_info>
