<?xml version="1.0"?>
<link_info>
   <banner>TI ARM Linker PC v5.1.5</banner>
   <copyright>Copyright (c) 1996-2014 Texas Instruments Incorporated</copyright>
   <link_time>0x6655c9fa</link_time>
   <link_errors>0x0</link_errors>
   <output_file>basic_freertos_demo_temp.out</output_file>
   <entry_point>
      <name>_c_int00</name>
      <address>0x3cd5</address>
   </entry_point>
   <input_file_list>
      <input_file id="fl-2">
         <path>.\drivers\</path>
         <kind>object</kind>
         <file>touch.obj</file>
         <name>touch.obj</name>
      </input_file>
      <input_file id="fl-3">
         <path>.\drivers\</path>
         <kind>object</kind>
         <file>pinout.obj</file>
         <name>pinout.obj</name>
      </input_file>
      <input_file id="fl-4">
         <path>.\drivers\</path>
         <kind>object</kind>
         <file>kentec320x240x16_ssd2119.obj</file>
         <name>kentec320x240x16_ssd2119.obj</name>
      </input_file>
      <input_file id="fl-5">
         <path>.\drivers\</path>
         <kind>object</kind>
         <file>frame.obj</file>
         <name>frame.obj</name>
      </input_file>
      <input_file id="fl-6">
         <path>.\third_party\FreeRTOS\Source\portable\CCS\ARM_CM4F\</path>
         <kind>object</kind>
         <file>portasm.obj</file>
         <name>portasm.obj</name>
      </input_file>
      <input_file id="fl-7">
         <path>.\third_party\FreeRTOS\Source\portable\CCS\ARM_CM4F\</path>
         <kind>object</kind>
         <file>port.obj</file>
         <name>port.obj</name>
      </input_file>
      <input_file id="fl-8">
         <path>.\third_party\FreeRTOS\Source\portable\MemMang\</path>
         <kind>object</kind>
         <file>heap_2.obj</file>
         <name>heap_2.obj</name>
      </input_file>
      <input_file id="fl-9">
         <path>.\third_party\FreeRTOS\Source\</path>
         <kind>object</kind>
         <file>timers.obj</file>
         <name>timers.obj</name>
      </input_file>
      <input_file id="fl-a">
         <path>.\third_party\FreeRTOS\Source\</path>
         <kind>object</kind>
         <file>tasks.obj</file>
         <name>tasks.obj</name>
      </input_file>
      <input_file id="fl-b">
         <path>.\third_party\FreeRTOS\Source\</path>
         <kind>object</kind>
         <file>queue.obj</file>
         <name>queue.obj</name>
      </input_file>
      <input_file id="fl-c">
         <path>.\third_party\FreeRTOS\Source\</path>
         <kind>object</kind>
         <file>list.obj</file>
         <name>list.obj</name>
      </input_file>
      <input_file id="fl-d">
         <path>.\third_party\FreeRTOS\Source\</path>
         <kind>object</kind>
         <file>croutine.obj</file>
         <name>croutine.obj</name>
      </input_file>
      <input_file id="fl-e">
         <path>.\third_party\lwip-1.4.1\apps\httpserver_raw\</path>
         <kind>object</kind>
         <file>httpd.obj</file>
         <name>httpd.obj</name>
      </input_file>
      <input_file id="fl-f">
         <path>.\utils\</path>
         <kind>object</kind>
         <file>ustdlib.obj</file>
         <name>ustdlib.obj</name>
      </input_file>
      <input_file id="fl-10">
         <path>.\utils\</path>
         <kind>object</kind>
         <file>lwiplib.obj</file>
         <name>lwiplib.obj</name>
      </input_file>
      <input_file id="fl-11">
         <path>.\utils\</path>
         <kind>object</kind>
         <file>locator.obj</file>
         <name>locator.obj</name>
      </input_file>
      <input_file id="fl-12">
         <path>.\</path>
         <kind>object</kind>
         <file>startup_ccs.obj</file>
         <name>startup_ccs.obj</name>
      </input_file>
      <input_file id="fl-13">
         <path>.\</path>
         <kind>object</kind>
         <file>lwip_task.obj</file>
         <name>lwip_task.obj</name>
      </input_file>
      <input_file id="fl-14">
         <path>.\</path>
         <kind>object</kind>
         <file>fs.obj</file>
         <name>fs.obj</name>
      </input_file>
      <input_file id="fl-15">
         <path>.\</path>
         <kind>object</kind>
         <file>freertos_demo.obj</file>
         <name>freertos_demo.obj</name>
      </input_file>
      <input_file id="fl-145">
         <path>c:\ti\ccsv6\tools\compiler\arm_5.1.5\lib\</path>
         <kind>archive</kind>
         <file>rtsv7M4_T_le_v4SPD16_eabi.lib</file>
         <name>boot.obj</name>
      </input_file>
      <input_file id="fl-146">
         <path>c:\ti\ccsv6\tools\compiler\arm_5.1.5\lib\</path>
         <kind>archive</kind>
         <file>rtsv7M4_T_le_v4SPD16_eabi.lib</file>
         <name>copy_decompress_none.obj</name>
      </input_file>
      <input_file id="fl-147">
         <path>c:\ti\ccsv6\tools\compiler\arm_5.1.5\lib\</path>
         <kind>archive</kind>
         <file>rtsv7M4_T_le_v4SPD16_eabi.lib</file>
         <name>copy_decompress_rle.obj</name>
      </input_file>
      <input_file id="fl-148">
         <path>c:\ti\ccsv6\tools\compiler\arm_5.1.5\lib\</path>
         <kind>archive</kind>
         <file>rtsv7M4_T_le_v4SPD16_eabi.lib</file>
         <name>copy_zero_init.obj</name>
      </input_file>
      <input_file id="fl-149">
         <path>c:\ti\ccsv6\tools\compiler\arm_5.1.5\lib\</path>
         <kind>archive</kind>
         <file>rtsv7M4_T_le_v4SPD16_eabi.lib</file>
         <name>exit.obj</name>
      </input_file>
      <input_file id="fl-14a">
         <path>c:\ti\ccsv6\tools\compiler\arm_5.1.5\lib\</path>
         <kind>archive</kind>
         <file>rtsv7M4_T_le_v4SPD16_eabi.lib</file>
         <name>memcmp.obj</name>
      </input_file>
      <input_file id="fl-14b">
         <path>c:\ti\ccsv6\tools\compiler\arm_5.1.5\lib\</path>
         <kind>archive</kind>
         <file>rtsv7M4_T_le_v4SPD16_eabi.lib</file>
         <name>memcpy_t2.obj</name>
      </input_file>
      <input_file id="fl-14c">
         <path>c:\ti\ccsv6\tools\compiler\arm_5.1.5\lib\</path>
         <kind>archive</kind>
         <file>rtsv7M4_T_le_v4SPD16_eabi.lib</file>
         <name>memset_t2.obj</name>
      </input_file>
      <input_file id="fl-14d">
         <path>c:\ti\ccsv6\tools\compiler\arm_5.1.5\lib\</path>
         <kind>archive</kind>
         <file>rtsv7M4_T_le_v4SPD16_eabi.lib</file>
         <name>stkdepth_vars.obj</name>
      </input_file>
      <input_file id="fl-14e">
         <path>c:\ti\ccsv6\tools\compiler\arm_5.1.5\lib\</path>
         <kind>archive</kind>
         <file>rtsv7M4_T_le_v4SPD16_eabi.lib</file>
         <name>strchr.obj</name>
      </input_file>
      <input_file id="fl-14f">
         <path>c:\ti\ccsv6\tools\compiler\arm_5.1.5\lib\</path>
         <kind>archive</kind>
         <file>rtsv7M4_T_le_v4SPD16_eabi.lib</file>
         <name>strcmp.obj</name>
      </input_file>
      <input_file id="fl-150">
         <path>c:\ti\ccsv6\tools\compiler\arm_5.1.5\lib\</path>
         <kind>archive</kind>
         <file>rtsv7M4_T_le_v4SPD16_eabi.lib</file>
         <name>strlen.obj</name>
      </input_file>
      <input_file id="fl-151">
         <path>c:\ti\ccsv6\tools\compiler\arm_5.1.5\lib\</path>
         <kind>archive</kind>
         <file>rtsv7M4_T_le_v4SPD16_eabi.lib</file>
         <name>strncmp.obj</name>
      </input_file>
      <input_file id="fl-152">
         <path>c:\ti\ccsv6\tools\compiler\arm_5.1.5\lib\</path>
         <kind>archive</kind>
         <file>rtsv7M4_T_le_v4SPD16_eabi.lib</file>
         <name>strstr.obj</name>
      </input_file>
      <input_file id="fl-153">
         <path>c:\ti\ccsv6\tools\compiler\arm_5.1.5\lib\</path>
         <kind>archive</kind>
         <file>rtsv7M4_T_le_v4SPD16_eabi.lib</file>
         <name>u_divt2.obj</name>
      </input_file>
      <input_file id="fl-154">
         <path>c:\ti\ccsv6\tools\compiler\arm_5.1.5\lib\</path>
         <kind>archive</kind>
         <file>rtsv7M4_T_le_v4SPD16_eabi.lib</file>
         <name>_lock.obj</name>
      </input_file>
      <input_file id="fl-155">
         <path>c:\ti\ccsv6\tools\compiler\arm_5.1.5\lib\</path>
         <kind>archive</kind>
         <file>rtsv7M4_T_le_v4SPD16_eabi.lib</file>
         <name>args_main.obj</name>
      </input_file>
      <input_file id="fl-156">
         <path>c:\ti\ccsv6\tools\compiler\arm_5.1.5\lib\</path>
         <kind>archive</kind>
         <file>rtsv7M4_T_le_v4SPD16_eabi.lib</file>
         <name>auto_init.obj</name>
      </input_file>
      <input_file id="fl-157">
         <path>c:\ti\ccsv6\tools\compiler\arm_5.1.5\lib\</path>
         <kind>archive</kind>
         <file>rtsv7M4_T_le_v4SPD16_eabi.lib</file>
         <name>cpy_tbl.obj</name>
      </input_file>
      <input_file id="fl-158">
         <path>C:\ti\TivaWare_C_Series-2.0.1.11577\sensorlib\ccs\Debug\</path>
         <kind>archive</kind>
         <file>sensorlib.lib</file>
         <name>tmp100.obj</name>
      </input_file>
      <input_file id="fl-159">
         <path>C:\ti\TivaWare_C_Series-2.0.1.11577\sensorlib\ccs\Debug\</path>
         <kind>archive</kind>
         <file>sensorlib.lib</file>
         <name>i2cm_drv.obj</name>
      </input_file>
      <input_file id="fl-15a">
         <path>C:\ti\TivaWare_C_Series-2.0.1.11577\driverlib\ccs\Debug\</path>
         <kind>archive</kind>
         <file>driverlib.lib</file>
         <name>timer.obj</name>
      </input_file>
      <input_file id="fl-15b">
         <path>C:\ti\TivaWare_C_Series-2.0.1.11577\driverlib\ccs\Debug\</path>
         <kind>archive</kind>
         <file>driverlib.lib</file>
         <name>sysctl.obj</name>
      </input_file>
      <input_file id="fl-15c">
         <path>C:\ti\TivaWare_C_Series-2.0.1.11577\driverlib\ccs\Debug\</path>
         <kind>archive</kind>
         <file>driverlib.lib</file>
         <name>lcd.obj</name>
      </input_file>
      <input_file id="fl-15d">
         <path>C:\ti\TivaWare_C_Series-2.0.1.11577\driverlib\ccs\Debug\</path>
         <kind>archive</kind>
         <file>driverlib.lib</file>
         <name>interrupt.obj</name>
      </input_file>
      <input_file id="fl-15e">
         <path>C:\ti\TivaWare_C_Series-2.0.1.11577\driverlib\ccs\Debug\</path>
         <kind>archive</kind>
         <file>driverlib.lib</file>
         <name>i2c.obj</name>
      </input_file>
      <input_file id="fl-15f">
         <path>C:\ti\TivaWare_C_Series-2.0.1.11577\driverlib\ccs\Debug\</path>
         <kind>archive</kind>
         <file>driverlib.lib</file>
         <name>gpio.obj</name>
      </input_file>
      <input_file id="fl-160">
         <path>C:\ti\TivaWare_C_Series-2.0.1.11577\driverlib\ccs\Debug\</path>
         <kind>archive</kind>
         <file>driverlib.lib</file>
         <name>emac.obj</name>
      </input_file>
      <input_file id="fl-161">
         <path>C:\ti\TivaWare_C_Series-2.0.1.11577\driverlib\ccs\Debug\</path>
         <kind>archive</kind>
         <file>driverlib.lib</file>
         <name>cpu.obj</name>
      </input_file>
      <input_file id="fl-162">
         <path>C:\ti\TivaWare_C_Series-2.0.1.11577\driverlib\ccs\Debug\</path>
         <kind>archive</kind>
         <file>driverlib.lib</file>
         <name>sw_crc.obj</name>
      </input_file>
      <input_file id="fl-163">
         <path>C:\ti\TivaWare_C_Series-2.0.1.11577\grlib\ccs\Debug\</path>
         <kind>archive</kind>
         <file>grlib.lib</file>
         <name>fontcmss18b.obj</name>
      </input_file>
      <input_file id="fl-164">
         <path>C:\ti\TivaWare_C_Series-2.0.1.11577\grlib\ccs\Debug\</path>
         <kind>archive</kind>
         <file>grlib.lib</file>
         <name>string.obj</name>
      </input_file>
      <input_file id="fl-165">
         <path>C:\ti\TivaWare_C_Series-2.0.1.11577\grlib\ccs\Debug\</path>
         <kind>archive</kind>
         <file>grlib.lib</file>
         <name>image.obj</name>
      </input_file>
      <input_file id="fl-166">
         <path>C:\ti\TivaWare_C_Series-2.0.1.11577\grlib\ccs\Debug\</path>
         <kind>archive</kind>
         <file>grlib.lib</file>
         <name>context.obj</name>
      </input_file>
      <input_file id="fl-167">
         <path>C:\ti\TivaWare_C_Series-2.0.1.11577\grlib\ccs\Debug\</path>
         <kind>archive</kind>
         <file>grlib.lib</file>
         <name>charmap.obj</name>
      </input_file>
   </input_file_list>
   <object_component_list>
      <object_component id="oc-e">
         <name>.intvecs</name>
         <load_address>0x0</load_address>
         <run_address>0x0</run_address>
         <size>0x200</size>
         <input_file_ref idref="fl-12"/>
      </object_component>
      <object_component id="oc-235">
         <name>.text:PinoutSet</name>
         <load_address>0x200</load_address>
         <run_address>0x200</run_address>
         <size>0x4c8</size>
         <input_file_ref idref="fl-3"/>
      </object_component>
      <object_component id="oc-23a">
         <name>.text:Kentec320x240x16_SSD2119Init</name>
         <load_address>0x6c8</load_address>
         <run_address>0x6c8</run_address>
         <size>0x488</size>
         <input_file_ref idref="fl-4"/>
      </object_component>
      <object_component id="oc-4b7">
         <name>.text:InternalImageDraw</name>
         <load_address>0xb50</load_address>
         <run_address>0xb50</run_address>
         <size>0x374</size>
         <input_file_ref idref="fl-165"/>
      </object_component>
      <object_component id="oc-5ca">
         <name>.text:PixelTransparentDraw</name>
         <load_address>0xec4</load_address>
         <run_address>0xec4</run_address>
         <size>0x2ba</size>
         <input_file_ref idref="fl-165"/>
      </object_component>
      <object_component id="oc-49b">
         <name>.text:GrFontGlyphRender</name>
         <load_address>0x117e</load_address>
         <run_address>0x117e</run_address>
         <size>0x266</size>
         <input_file_ref idref="fl-164"/>
      </object_component>
      <object_component id="oc-58b">
         <name>.text:uvsnprintf</name>
         <load_address>0x13e4</load_address>
         <run_address>0x13e4</run_address>
         <size>0x245</size>
         <input_file_ref idref="fl-f"/>
      </object_component>
      <object_component id="oc-2e">
         <name>.text:FaultISR</name>
         <load_address>0x162a</load_address>
         <run_address>0x162a</run_address>
         <size>0x2</size>
         <input_file_ref idref="fl-12"/>
      </object_component>
      <object_component id="oc-244">
         <name>.text:FrameDraw</name>
         <load_address>0x162c</load_address>
         <run_address>0x162c</run_address>
         <size>0x200</size>
         <input_file_ref idref="fl-5"/>
      </object_component>
      <object_component id="oc-d0">
         <name>.text:main</name>
         <load_address>0x182c</load_address>
         <run_address>0x182c</run_address>
         <size>0x1f0</size>
         <input_file_ref idref="fl-15"/>
      </object_component>
      <object_component id="oc-3e8">
         <name>.text:Kentec320x240x16_SSD2119PixelDrawMultiple</name>
         <load_address>0x1a1c</load_address>
         <run_address>0x1a1c</run_address>
         <size>0x1c4</size>
         <input_file_ref idref="fl-4"/>
      </object_component>
      <object_component id="oc-3f7">
         <name>.text:Kentec320x240x16_SSD2119RectFill</name>
         <load_address>0x1be0</load_address>
         <run_address>0x1be0</run_address>
         <size>0x184</size>
         <input_file_ref idref="fl-4"/>
      </object_component>
      <object_component id="oc-94">
         <name>.text:TouchScreenDebouncer</name>
         <load_address>0x1d64</load_address>
         <run_address>0x1d64</run_address>
         <size>0x17c</size>
         <input_file_ref idref="fl-2"/>
      </object_component>
      <object_component id="oc-41">
         <name>.text:TouchScreenIntHandler</name>
         <load_address>0x1ee0</load_address>
         <run_address>0x1ee0</run_address>
         <size>0x140</size>
         <input_file_ref idref="fl-2"/>
      </object_component>
      <object_component id="oc-48a">
         <name>.text:GPIOPadConfigSet</name>
         <load_address>0x2020</load_address>
         <run_address>0x2020</run_address>
         <size>0x130</size>
         <input_file_ref idref="fl-15f"/>
      </object_component>
      <object_component id="oc-8e">
         <name>.text:xTaskIncrementTick</name>
         <load_address>0x2150</load_address>
         <run_address>0x2150</run_address>
         <size>0x114</size>
         <input_file_ref idref="fl-a"/>
      </object_component>
      <object_component id="oc-41f">
         <name>.text:xQueueGenericReceive</name>
         <load_address>0x2264</load_address>
         <run_address>0x2264</run_address>
         <size>0x100</size>
         <input_file_ref idref="fl-b"/>
      </object_component>
      <object_component id="oc-bb">
         <name>.text:I2CMIntHandler</name>
         <load_address>0x2364</load_address>
         <run_address>0x2364</run_address>
         <size>0xf2</size>
         <input_file_ref idref="fl-159"/>
      </object_component>
      <object_component id="oc-33">
         <name>.text:IntDefaultHandler</name>
         <load_address>0x2456</load_address>
         <run_address>0x2456</run_address>
         <size>0x2</size>
         <input_file_ref idref="fl-12"/>
      </object_component>
      <object_component id="oc-262">
         <name>.text:xTaskGenericCreate</name>
         <load_address>0x2458</load_address>
         <run_address>0x2458</run_address>
         <size>0xe0</size>
         <input_file_ref idref="fl-a"/>
      </object_component>
      <object_component id="oc-4fe">
         <name>.text:xTaskResumeAll</name>
         <load_address>0x2538</load_address>
         <run_address>0x2538</run_address>
         <size>0xd0</size>
         <input_file_ref idref="fl-a"/>
      </object_component>
      <object_component id="oc-344">
         <name>.text:GrDefaultStringRenderer</name>
         <load_address>0x2608</load_address>
         <run_address>0x2608</run_address>
         <size>0xca</size>
         <input_file_ref idref="fl-164"/>
      </object_component>
      <object_component id="oc-412">
         <name>.text:xQueueGenericSend</name>
         <load_address>0x26d2</load_address>
         <run_address>0x26d2</run_address>
         <size>0xc6</size>
         <input_file_ref idref="fl-b"/>
      </object_component>
      <object_component id="oc-281">
         <name>.text:displayTask</name>
         <load_address>0x2798</load_address>
         <run_address>0x2798</run_address>
         <size>0xc4</size>
         <input_file_ref idref="fl-15"/>
      </object_component>
      <object_component id="oc-3ed">
         <name>.text:Kentec320x240x16_SSD2119LineDrawH</name>
         <load_address>0x285c</load_address>
         <run_address>0x285c</run_address>
         <size>0xb0</size>
         <input_file_ref idref="fl-4"/>
      </object_component>
      <object_component id="oc-3f2">
         <name>.text:Kentec320x240x16_SSD2119LineDrawV</name>
         <load_address>0x290c</load_address>
         <run_address>0x290c</run_address>
         <size>0xb0</size>
         <input_file_ref idref="fl-4"/>
      </object_component>
      <object_component id="oc-38c">
         <name>.text:pvPortMalloc</name>
         <load_address>0x29bc</load_address>
         <run_address>0x29bc</run_address>
         <size>0xac</size>
         <input_file_ref idref="fl-8"/>
      </object_component>
      <object_component id="oc-38">
         <name>.text</name>
         <load_address>0x2a68</load_address>
         <run_address>0x2a68</run_address>
         <size>0xa6</size>
         <input_file_ref idref="fl-6"/>
      </object_component>
      <object_component id="oc-64">
         <name>.text</name>
         <load_address>0x2b0e</load_address>
         <run_address>0x2b0e</run_address>
         <size>0x9c</size>
         <input_file_ref idref="fl-14b"/>
      </object_component>
      <object_component id="oc-401">
         <name>.text:Kentec320x240x16_SSD2119Flush</name>
         <load_address>0x2baa</load_address>
         <run_address>0x2baa</run_address>
         <size>0x2</size>
         <input_file_ref idref="fl-4"/>
      </object_component>
      <object_component id="oc-88">
         <name>.text:vTaskSwitchContext</name>
         <load_address>0x2bac</load_address>
         <run_address>0x2bac</run_address>
         <size>0x9c</size>
         <input_file_ref idref="fl-a"/>
      </object_component>
      <object_component id="oc-220">
         <name>.text:I2CMStateIdle</name>
         <load_address>0x2c48</load_address>
         <run_address>0x2c48</run_address>
         <size>0x98</size>
         <input_file_ref idref="fl-159"/>
      </object_component>
      <object_component id="oc-53">
         <name>.text</name>
         <load_address>0x2ce0</load_address>
         <run_address>0x2ce0</run_address>
         <size>0x94</size>
         <input_file_ref idref="fl-156"/>
      </object_component>
      <object_component id="oc-286">
         <name>.text:temperatureTask</name>
         <load_address>0x2d74</load_address>
         <run_address>0x2d74</run_address>
         <size>0x94</size>
         <input_file_ref idref="fl-15"/>
      </object_component>
      <object_component id="oc-597">
         <name>.text:I2CMCommand</name>
         <load_address>0x2e08</load_address>
         <run_address>0x2e08</run_address>
         <size>0x84</size>
         <input_file_ref idref="fl-159"/>
      </object_component>
      <object_component id="oc-431">
         <name>.text:TMP100ReadModifyWrite</name>
         <load_address>0x2e8c</load_address>
         <run_address>0x2e8c</run_address>
         <size>0x80</size>
         <input_file_ref idref="fl-158"/>
      </object_component>
      <object_component id="oc-3e3">
         <name>.text:Kentec320x240x16_SSD2119PixelDraw</name>
         <load_address>0x2f0c</load_address>
         <run_address>0x2f0c</run_address>
         <size>0x78</size>
         <input_file_ref idref="fl-4"/>
      </object_component>
      <object_component id="oc-46">
         <name>.text:lwIPEthernetIntHandler</name>
         <load_address>0x2f84</load_address>
         <run_address>0x2f84</run_address>
         <size>0x78</size>
         <input_file_ref idref="fl-10"/>
      </object_component>
      <object_component id="oc-510">
         <name>.text</name>
         <load_address>0x2ffc</load_address>
         <run_address>0x2ffc</run_address>
         <size>0x78</size>
         <input_file_ref idref="fl-14c"/>
      </object_component>
      <object_component id="oc-5a3">
         <name>.text:I2CMReadModifyWrite16LE</name>
         <load_address>0x3074</load_address>
         <run_address>0x3074</run_address>
         <size>0x74</size>
         <input_file_ref idref="fl-159"/>
      </object_component>
      <object_component id="oc-5a8">
         <name>.text:I2CMReadModifyWrite8</name>
         <load_address>0x30e8</load_address>
         <run_address>0x30e8</run_address>
         <size>0x70</size>
         <input_file_ref idref="fl-159"/>
      </object_component>
      <object_component id="oc-396">
         <name>.text:xQueueGenericReset</name>
         <load_address>0x3158</load_address>
         <run_address>0x3158</run_address>
         <size>0x70</size>
         <input_file_ref idref="fl-b"/>
      </object_component>
      <object_component id="oc-135">
         <name>.text:xTaskRemoveFromEventList</name>
         <load_address>0x31c8</load_address>
         <run_address>0x31c8</run_address>
         <size>0x70</size>
         <input_file_ref idref="fl-a"/>
      </object_component>
      <object_component id="oc-64a">
         <name>.text:I2CMReadModifyWrite16LECallback</name>
         <load_address>0x3238</load_address>
         <run_address>0x3238</run_address>
         <size>0x6c</size>
         <input_file_ref idref="fl-159"/>
      </object_component>
      <object_component id="oc-57b">
         <name>.text:vTaskPriorityInherit</name>
         <load_address>0x32a4</load_address>
         <run_address>0x32a4</run_address>
         <size>0x6c</size>
         <input_file_ref idref="fl-a"/>
      </object_component>
      <object_component id="oc-26c">
         <name>.text:GrStringWidthGet</name>
         <load_address>0x3310</load_address>
         <run_address>0x3310</run_address>
         <size>0x6a</size>
         <input_file_ref idref="fl-164"/>
      </object_component>
      <object_component id="oc-130">
         <name>.text:prvCopyDataToQueue</name>
         <load_address>0x337a</load_address>
         <run_address>0x337a</run_address>
         <size>0x6a</size>
         <input_file_ref idref="fl-b"/>
      </object_component>
      <object_component id="oc-408">
         <name>.text:vTaskSuspend</name>
         <load_address>0x33e4</load_address>
         <run_address>0x33e4</run_address>
         <size>0x68</size>
         <input_file_ref idref="fl-a"/>
      </object_component>
      <object_component id="oc-23f">
         <name>.text:GrContextInit</name>
         <load_address>0x344c</load_address>
         <run_address>0x344c</run_address>
         <size>0x64</size>
         <input_file_ref idref="fl-166"/>
      </object_component>
      <object_component id="oc-62d">
         <name>.text:IntIsEnabled</name>
         <load_address>0x34b0</load_address>
         <run_address>0x34b0</run_address>
         <size>0x64</size>
         <input_file_ref idref="fl-15d"/>
      </object_component>
      <object_component id="oc-34f">
         <name>.text:GrContextClipRegionSet</name>
         <load_address>0x3514</load_address>
         <run_address>0x3514</run_address>
         <size>0x62</size>
         <input_file_ref idref="fl-166"/>
      </object_component>
      <object_component id="oc-560">
         <name>.text:prvUnlockQueue</name>
         <load_address>0x3576</load_address>
         <run_address>0x3576</run_address>
         <size>0x62</size>
         <input_file_ref idref="fl-b"/>
      </object_component>
      <object_component id="oc-650">
         <name>.text:I2CMReadModifyWrite8Callback</name>
         <load_address>0x35d8</load_address>
         <run_address>0x35d8</run_address>
         <size>0x60</size>
         <input_file_ref idref="fl-159"/>
      </object_component>
      <object_component id="oc-632">
         <name>.text:IntDisable</name>
         <load_address>0x3638</load_address>
         <run_address>0x3638</run_address>
         <size>0x60</size>
         <input_file_ref idref="fl-15d"/>
      </object_component>
      <object_component id="oc-381">
         <name>.text:IntEnable</name>
         <load_address>0x3698</load_address>
         <run_address>0x3698</run_address>
         <size>0x60</size>
         <input_file_ref idref="fl-15d"/>
      </object_component>
      <object_component id="oc-3b0">
         <name>.text:prvInitialiseTaskLists</name>
         <load_address>0x36f8</load_address>
         <run_address>0x36f8</run_address>
         <size>0x60</size>
         <input_file_ref idref="fl-a"/>
      </object_component>
      <object_component id="oc-40d">
         <name>.text:vTaskResume</name>
         <load_address>0x3758</load_address>
         <run_address>0x3758</run_address>
         <size>0x60</size>
         <input_file_ref idref="fl-a"/>
      </object_component>
      <object_component id="oc-211">
         <name>.text:I2CMStateWritePause</name>
         <load_address>0x37b8</load_address>
         <run_address>0x37b8</run_address>
         <size>0x5e</size>
         <input_file_ref idref="fl-159"/>
      </object_component>
      <object_component id="oc-76">
         <name>.text</name>
         <load_address>0x3816</load_address>
         <run_address>0x3816</run_address>
         <size>0x5e</size>
         <input_file_ref idref="fl-147"/>
      </object_component>
      <object_component id="oc-53b">
         <name>.text:FontWideGlyphDataGet</name>
         <load_address>0x3874</load_address>
         <run_address>0x3874</run_address>
         <size>0x5c</size>
         <input_file_ref idref="fl-164"/>
      </object_component>
      <object_component id="oc-52f">
         <name>.text:prvCheckTasksWaitingTermination</name>
         <load_address>0x38d0</load_address>
         <run_address>0x38d0</run_address>
         <size>0x58</size>
         <input_file_ref idref="fl-a"/>
      </object_component>
      <object_component id="oc-a3">
         <name>.text:xQueueGenericSendFromISR</name>
         <load_address>0x3928</load_address>
         <run_address>0x3928</run_address>
         <size>0x56</size>
         <input_file_ref idref="fl-b"/>
      </object_component>
      <object_component id="oc-29">
         <name>.text:NmiSR</name>
         <load_address>0x397e</load_address>
         <run_address>0x397e</run_address>
         <size>0x2</size>
         <input_file_ref idref="fl-12"/>
      </object_component>
      <object_component id="oc-55b">
         <name>.text:xTaskCheckForTimeOut</name>
         <load_address>0x3980</load_address>
         <run_address>0x3980</run_address>
         <size>0x54</size>
         <input_file_ref idref="fl-a"/>
      </object_component>
      <object_component id="oc-436">
         <name>.text:TMP100DataRead</name>
         <load_address>0x39d4</load_address>
         <run_address>0x39d4</run_address>
         <size>0x50</size>
         <input_file_ref idref="fl-158"/>
      </object_component>
      <object_component id="oc-42c">
         <name>.text:TMP100Init</name>
         <load_address>0x3a24</load_address>
         <run_address>0x3a24</run_address>
         <size>0x50</size>
         <input_file_ref idref="fl-158"/>
      </object_component>
      <object_component id="oc-27b">
         <name>.text:time_task</name>
         <load_address>0x3a74</load_address>
         <run_address>0x3a74</run_address>
         <size>0x50</size>
         <input_file_ref idref="fl-15"/>
      </object_component>
      <object_component id="oc-216">
         <name>.text:I2CMStateWriteFinal</name>
         <load_address>0x3ac4</load_address>
         <run_address>0x3ac4</run_address>
         <size>0x4e</size>
         <input_file_ref idref="fl-159"/>
      </object_component>
      <object_component id="oc-3a1">
         <name>.text:prvInitialiseTCBVariables</name>
         <load_address>0x3b12</load_address>
         <run_address>0x3b12</run_address>
         <size>0x4e</size>
         <input_file_ref idref="fl-a"/>
      </object_component>
      <object_component id="oc-570">
         <name>.text:prvAddCurrentTaskToDelayedList</name>
         <load_address>0x3b60</load_address>
         <run_address>0x3b60</run_address>
         <size>0x4c</size>
         <input_file_ref idref="fl-a"/>
      </object_component>
      <object_component id="oc-25d">
         <name>.text:xQueueGenericCreate</name>
         <load_address>0x3bac</load_address>
         <run_address>0x3bac</run_address>
         <size>0x4c</size>
         <input_file_ref idref="fl-b"/>
      </object_component>
      <object_component id="oc-4be">
         <name>.text:UpdateContextCharMapping</name>
         <load_address>0x3bf8</load_address>
         <run_address>0x3bf8</run_address>
         <size>0x4a</size>
         <input_file_ref idref="fl-164"/>
      </object_component>
      <object_component id="oc-202">
         <name>.text:I2CMStateReadNext</name>
         <load_address>0x3c42</load_address>
         <run_address>0x3c42</run_address>
         <size>0x48</size>
         <input_file_ref idref="fl-159"/>
      </object_component>
      <object_component id="oc-534">
         <name>.text:vApplicationIdleHook</name>
         <load_address>0x3c8a</load_address>
         <run_address>0x3c8a</run_address>
         <size>0x2</size>
         <input_file_ref idref="fl-13"/>
      </object_component>
      <object_component id="oc-37c">
         <name>.text:I2CMasterInitExpClk</name>
         <load_address>0x3c8c</load_address>
         <run_address>0x3c8c</run_address>
         <size>0x48</size>
         <input_file_ref idref="fl-15e"/>
      </object_component>
      <object_component id="oc-10">
         <name>.text</name>
         <load_address>0x3cd4</load_address>
         <run_address>0x3cd4</run_address>
         <size>0x48</size>
         <input_file_ref idref="fl-145"/>
      </object_component>
      <object_component id="oc-2d1">
         <name>.text:vTaskPriorityDisinherit</name>
         <load_address>0x3d1c</load_address>
         <run_address>0x3d1c</run_address>
         <size>0x48</size>
         <input_file_ref idref="fl-a"/>
      </object_component>
      <object_component id="oc-267">
         <name>.text:vTaskStartScheduler</name>
         <load_address>0x3d64</load_address>
         <run_address>0x3d64</run_address>
         <size>0x48</size>
         <input_file_ref idref="fl-a"/>
      </object_component>
      <object_component id="oc-21b">
         <name>.text:I2CMStateWriteNext</name>
         <load_address>0x3dac</load_address>
         <run_address>0x3dac</run_address>
         <size>0x46</size>
         <input_file_ref idref="fl-159"/>
      </object_component>
      <object_component id="oc-1ee">
         <name>.text:I2CMStateCallback</name>
         <load_address>0x3df2</load_address>
         <run_address>0x3df2</run_address>
         <size>0x44</size>
         <input_file_ref idref="fl-159"/>
      </object_component>
      <object_component id="oc-f4">
         <name>.text:vApplicationStackOverflowHook</name>
         <load_address>0x3e36</load_address>
         <run_address>0x3e36</run_address>
         <size>0x2</size>
         <input_file_ref idref="fl-13"/>
      </object_component>
      <object_component id="oc-ca">
         <name>.text</name>
         <load_address>0x3e38</load_address>
         <run_address>0x3e38</run_address>
         <size>0x44</size>
         <input_file_ref idref="fl-157"/>
      </object_component>
      <object_component id="oc-5c">
         <name>.text</name>
         <load_address>0x3e7c</load_address>
         <run_address>0x3e7c</run_address>
         <size>0x44</size>
         <input_file_ref idref="fl-149"/>
      </object_component>
      <object_component id="oc-391">
         <name>.text:vPortFree</name>
         <load_address>0x3ec0</load_address>
         <run_address>0x3ec0</run_address>
         <size>0x44</size>
         <input_file_ref idref="fl-8"/>
      </object_component>
      <object_component id="oc-56a">
         <name>.text:vTaskPlaceOnEventList</name>
         <load_address>0x3f04</load_address>
         <run_address>0x3f04</run_address>
         <size>0x44</size>
         <input_file_ref idref="fl-a"/>
      </object_component>
      <object_component id="oc-621">
         <name>.text</name>
         <load_address>0x3f48</load_address>
         <run_address>0x3f48</run_address>
         <size>0x42</size>
         <input_file_ref idref="fl-153"/>
      </object_component>
      <object_component id="oc-3c0">
         <name>.text:xPortStartScheduler</name>
         <load_address>0x3f8c</load_address>
         <run_address>0x3f8c</run_address>
         <size>0x40</size>
         <input_file_ref idref="fl-7"/>
      </object_component>
      <object_component id="oc-1fd">
         <name>.text:I2CMStateReadFinal</name>
         <load_address>0x3fcc</load_address>
         <run_address>0x3fcc</run_address>
         <size>0x3e</size>
         <input_file_ref idref="fl-159"/>
      </object_component>
      <object_component id="oc-1f8">
         <name>.text:I2CMStateReadPause</name>
         <load_address>0x400a</load_address>
         <run_address>0x400a</run_address>
         <size>0x3e</size>
         <input_file_ref idref="fl-159"/>
      </object_component>
      <object_component id="oc-540">
         <name>.text:FontGlyphDataGet</name>
         <load_address>0x4048</load_address>
         <run_address>0x4048</run_address>
         <size>0x3a</size>
         <input_file_ref idref="fl-164"/>
      </object_component>
      <object_component id="oc-60e">
         <name>.text:vListInsert</name>
         <load_address>0x4082</load_address>
         <run_address>0x4082</run_address>
         <size>0x38</size>
         <input_file_ref idref="fl-c"/>
      </object_component>
      <object_component id="oc-32e">
         <name>.text:LCDIDDTimingSet</name>
         <load_address>0x40ba</load_address>
         <run_address>0x40ba</run_address>
         <size>0x36</size>
         <input_file_ref idref="fl-15c"/>
      </object_component>
      <object_component id="oc-39c">
         <name>.text:prvAllocateTCBAndStack</name>
         <load_address>0x40f0</load_address>
         <run_address>0x40f0</run_address>
         <size>0x36</size>
         <input_file_ref idref="fl-a"/>
      </object_component>
      <object_component id="oc-258">
         <name>.text:I2CMInit</name>
         <load_address>0x4126</load_address>
         <run_address>0x4126</run_address>
         <size>0x34</size>
         <input_file_ref idref="fl-159"/>
      </object_component>
      <object_component id="oc-253">
         <name>.text:SysCtlPeripheralEnable</name>
         <load_address>0x415c</load_address>
         <run_address>0x415c</run_address>
         <size>0x34</size>
         <input_file_ref idref="fl-15b"/>
      </object_component>
      <object_component id="oc-417">
         <name>.text:vTaskDelay</name>
         <load_address>0x4190</load_address>
         <run_address>0x4190</run_address>
         <size>0x34</size>
         <input_file_ref idref="fl-a"/>
      </object_component>
      <object_component id="oc-4f9">
         <name>.text:prvHeapInit</name>
         <load_address>0x41c4</load_address>
         <run_address>0x41c4</run_address>
         <size>0x30</size>
         <input_file_ref idref="fl-8"/>
      </object_component>
      <object_component id="oc-485">
         <name>.text:GPIODirModeSet</name>
         <load_address>0x41f4</load_address>
         <run_address>0x41f4</run_address>
         <size>0x2a</size>
         <input_file_ref idref="fl-15f"/>
      </object_component>
      <object_component id="oc-271">
         <name>.text:GrFontBaselineGet</name>
         <load_address>0x421e</load_address>
         <run_address>0x421e</run_address>
         <size>0x2a</size>
         <input_file_ref idref="fl-164"/>
      </object_component>
      <object_component id="oc-3cb">
         <name>.text:GrStringNextCharGet</name>
         <load_address>0x4248</load_address>
         <run_address>0x4248</run_address>
         <size>0x2a</size>
         <input_file_ref idref="fl-164"/>
      </object_component>
      <object_component id="oc-207">
         <name>.text:I2CMStateReadFirst</name>
         <load_address>0x4272</load_address>
         <run_address>0x4272</run_address>
         <size>0x2a</size>
         <input_file_ref idref="fl-159"/>
      </object_component>
      <object_component id="oc-3d5">
         <name>.text:GrFontInfoGet</name>
         <load_address>0x429c</load_address>
         <run_address>0x429c</run_address>
         <size>0x26</size>
         <input_file_ref idref="fl-164"/>
      </object_component>
      <object_component id="oc-43b">
         <name>.text:TMP100DataTemperatureGetFloat</name>
         <load_address>0x42c4</load_address>
         <run_address>0x42c4</run_address>
         <size>0x24</size>
         <input_file_ref idref="fl-158"/>
      </object_component>
      <object_component id="oc-580">
         <name>.text:prvCopyDataFromQueue</name>
         <load_address>0x42e8</load_address>
         <run_address>0x42e8</run_address>
         <size>0x24</size>
         <input_file_ref idref="fl-b"/>
      </object_component>
      <object_component id="oc-550">
         <name>.text:xTaskIsTaskSuspended</name>
         <load_address>0x430c</load_address>
         <run_address>0x430c</run_address>
         <size>0x24</size>
         <input_file_ref idref="fl-a"/>
      </object_component>
      <object_component id="oc-3d0">
         <name>.text:GrFontGlyphDataGet</name>
         <load_address>0x4330</load_address>
         <run_address>0x4330</run_address>
         <size>0x22</size>
         <input_file_ref idref="fl-164"/>
      </object_component>
      <object_component id="oc-31f">
         <name>.text:LCDModeSet</name>
         <load_address>0x4352</load_address>
         <run_address>0x4352</run_address>
         <size>0x22</size>
         <input_file_ref idref="fl-15c"/>
      </object_component>
      <object_component id="oc-3a6">
         <name>.text:pxPortInitialiseStack</name>
         <load_address>0x4374</load_address>
         <run_address>0x4374</run_address>
         <size>0x22</size>
         <input_file_ref idref="fl-7"/>
      </object_component>
      <object_component id="oc-f9">
         <name>.text</name>
         <load_address>0x4396</load_address>
         <run_address>0x4396</run_address>
         <size>0x22</size>
         <input_file_ref idref="fl-14a"/>
      </object_component>
      <object_component id="oc-61c">
         <name>.text:ustrncpy</name>
         <load_address>0x43b8</load_address>
         <run_address>0x43b8</run_address>
         <size>0x22</size>
         <input_file_ref idref="fl-f"/>
      </object_component>
      <object_component id="oc-102">
         <name>.text:uxListRemove</name>
         <load_address>0x43da</load_address>
         <run_address>0x43da</run_address>
         <size>0x22</size>
         <input_file_ref idref="fl-c"/>
      </object_component>
      <object_component id="oc-20c">
         <name>.text:I2CMStateReadOne</name>
         <load_address>0x43fc</load_address>
         <run_address>0x43fc</run_address>
         <size>0x20</size>
         <input_file_ref idref="fl-159"/>
      </object_component>
      <object_component id="oc-424">
         <name>.text:usprintf</name>
         <load_address>0x441c</load_address>
         <run_address>0x441c</run_address>
         <size>0x20</size>
         <input_file_ref idref="fl-f"/>
      </object_component>
      <object_component id="oc-5d4">
         <name>.text:GrFontCodepageGet</name>
         <load_address>0x443c</load_address>
         <run_address>0x443c</run_address>
         <size>0x1e</size>
         <input_file_ref idref="fl-164"/>
      </object_component>
      <object_component id="oc-565">
         <name>.text:prvIsQueueFull</name>
         <load_address>0x445a</load_address>
         <run_address>0x445a</run_address>
         <size>0x1c</size>
         <input_file_ref idref="fl-b"/>
      </object_component>
      <object_component id="oc-3c">
         <name>.text:xPortSysTickHandler</name>
         <load_address>0x4478</load_address>
         <run_address>0x4478</run_address>
         <size>0x1c</size>
         <input_file_ref idref="fl-7"/>
      </object_component>
      <object_component id="oc-576">
         <name>.text:prvIsQueueEmpty</name>
         <load_address>0x4494</load_address>
         <run_address>0x4494</run_address>
         <size>0x1a</size>
         <input_file_ref idref="fl-b"/>
      </object_component>
      <object_component id="oc-1f3">
         <name>.text:I2CMStateReadWait</name>
         <load_address>0x44ae</load_address>
         <run_address>0x44ae</run_address>
         <size>0x18</size>
         <input_file_ref idref="fl-159"/>
      </object_component>
      <object_component id="oc-57">
         <name>.text</name>
         <load_address>0x44c8</load_address>
         <run_address>0x44c8</run_address>
         <size>0x18</size>
         <input_file_ref idref="fl-155"/>
      </object_component>
      <object_component id="oc-107">
         <name>.text:vListInsertEnd</name>
         <load_address>0x44e0</load_address>
         <run_address>0x44e0</run_address>
         <size>0x18</size>
         <input_file_ref idref="fl-c"/>
      </object_component>
      <object_component id="oc-556">
         <name>.text:vTaskSetTimeOutState</name>
         <load_address>0x44f8</load_address>
         <run_address>0x44f8</run_address>
         <size>0x18</size>
         <input_file_ref idref="fl-a"/>
      </object_component>
      <object_component id="oc-3fc">
         <name>.text:Kentec320x240x16_SSD2119ColorTranslate</name>
         <load_address>0x4510</load_address>
         <run_address>0x4510</run_address>
         <size>0x16</size>
         <input_file_ref idref="fl-4"/>
      </object_component>
      <object_component id="oc-59c">
         <name>.text:TMP100Callback</name>
         <load_address>0x4526</load_address>
         <run_address>0x4526</run_address>
         <size>0x16</size>
         <input_file_ref idref="fl-158"/>
      </object_component>
      <object_component id="oc-50a">
         <name>.text:vListInitialise</name>
         <load_address>0x453c</load_address>
         <run_address>0x453c</run_address>
         <size>0x16</size>
         <input_file_ref idref="fl-c"/>
      </object_component>
      <object_component id="oc-529">
         <name>.text:prvSetupTimerInterrupt</name>
         <load_address>0x4554</load_address>
         <run_address>0x4554</run_address>
         <size>0x14</size>
         <input_file_ref idref="fl-7"/>
      </object_component>
      <object_component id="oc-296">
         <name>.text</name>
         <load_address>0x4568</load_address>
         <run_address>0x4568</run_address>
         <size>0x14</size>
         <input_file_ref idref="fl-154"/>
      </object_component>
      <object_component id="oc-3ab">
         <name>.text:vPortEnterCritical</name>
         <load_address>0x457c</load_address>
         <run_address>0x457c</run_address>
         <size>0x14</size>
         <input_file_ref idref="fl-7"/>
      </object_component>
      <object_component id="oc-3b5">
         <name>.text:vPortExitCritical</name>
         <load_address>0x4590</load_address>
         <run_address>0x4590</run_address>
         <size>0x14</size>
         <input_file_ref idref="fl-7"/>
      </object_component>
      <object_component id="oc-313">
         <name>.text:GPIOPinTypeEthernetLED</name>
         <load_address>0x45a4</load_address>
         <run_address>0x45a4</run_address>
         <size>0x12</size>
         <input_file_ref idref="fl-15f"/>
      </object_component>
      <object_component id="oc-24e">
         <name>.text:GrStringDraw</name>
         <load_address>0x45b6</load_address>
         <run_address>0x45b6</run_address>
         <size>0x12</size>
         <input_file_ref idref="fl-164"/>
      </object_component>
      <object_component id="oc-19">
         <name>.text:decompress:ZI</name>
         <load_address>0x45c8</load_address>
         <run_address>0x45c8</run_address>
         <size>0x12</size>
         <input_file_ref idref="fl-148"/>
      </object_component>
      <object_component id="oc-5f8">
         <name>.text:prvDeleteTCB</name>
         <load_address>0x45da</load_address>
         <run_address>0x45da</run_address>
         <size>0x12</size>
         <input_file_ref idref="fl-a"/>
      </object_component>
      <object_component id="oc-3ba">
         <name>.text:vPortYield</name>
         <load_address>0x45ec</load_address>
         <run_address>0x45ec</run_address>
         <size>0x10</size>
         <input_file_ref idref="fl-7"/>
      </object_component>
      <object_component id="oc-a8">
         <name>.text:vPortYieldFromISR</name>
         <load_address>0x45fc</load_address>
         <run_address>0x45fc</run_address>
         <size>0x10</size>
         <input_file_ref idref="fl-7"/>
      </object_component>
      <object_component id="oc-4f4">
         <name>.text:vTaskSuspendAll</name>
         <load_address>0x460c</load_address>
         <run_address>0x460c</run_address>
         <size>0x10</size>
         <input_file_ref idref="fl-a"/>
      </object_component>
      <object_component id="oc-354">
         <name>.text:GrImageDraw</name>
         <load_address>0x461c</load_address>
         <run_address>0x461c</run_address>
         <size>0xe</size>
         <input_file_ref idref="fl-165"/>
      </object_component>
      <object_component id="oc-14">
         <name>.text:decompress:none</name>
         <load_address>0x462a</load_address>
         <run_address>0x462a</run_address>
         <size>0xe</size>
         <input_file_ref idref="fl-146"/>
      </object_component>
      <object_component id="oc-4b">
         <name>.text:I2CMSimpleIntHandler</name>
         <load_address>0x4638</load_address>
         <run_address>0x4638</run_address>
         <size>0xc</size>
         <input_file_ref idref="fl-15"/>
      </object_component>
      <object_component id="oc-637">
         <name>.text:IntTrigger</name>
         <load_address>0x4644</load_address>
         <run_address>0x4644</run_address>
         <size>0xc</size>
         <input_file_ref idref="fl-15d"/>
      </object_component>
      <object_component id="oc-333">
         <name>.text:LCDIDDCommandWrite</name>
         <load_address>0x4650</load_address>
         <run_address>0x4650</run_address>
         <size>0xc</size>
         <input_file_ref idref="fl-15c"/>
      </object_component>
      <object_component id="oc-338">
         <name>.text:LCDIDDDataWrite</name>
         <load_address>0x465c</load_address>
         <run_address>0x465c</run_address>
         <size>0xc</size>
         <input_file_ref idref="fl-15c"/>
      </object_component>
      <object_component id="oc-249">
         <name>.text:SysCtlMOSCConfigSet</name>
         <load_address>0x4668</load_address>
         <run_address>0x4668</run_address>
         <size>0xc</size>
         <input_file_ref idref="fl-15b"/>
      </object_component>
      <object_component id="oc-442">
         <name>.text:TMP100Callback</name>
         <load_address>0x4674</load_address>
         <run_address>0x4674</run_address>
         <size>0xc</size>
         <input_file_ref idref="fl-15"/>
      </object_component>
      <object_component id="oc-3c5">
         <name>.text:prvIdleTask</name>
         <load_address>0x4680</load_address>
         <run_address>0x4680</run_address>
         <size>0xc</size>
         <input_file_ref idref="fl-a"/>
      </object_component>
      <object_component id="oc-607">
         <name>.text:vTaskMissedYield</name>
         <load_address>0x468c</load_address>
         <run_address>0x468c</run_address>
         <size>0xc</size>
         <input_file_ref idref="fl-a"/>
      </object_component>
      <object_component id="oc-585">
         <name>.text:xTaskGetCurrentTaskHandle</name>
         <load_address>0x4698</load_address>
         <run_address>0x4698</run_address>
         <size>0xc</size>
         <input_file_ref idref="fl-a"/>
      </object_component>
      <object_component id="oc-4e9">
         <name>.text:I2CMasterEnable</name>
         <load_address>0x46a4</load_address>
         <run_address>0x46a4</run_address>
         <size>0xa</size>
         <input_file_ref idref="fl-15e"/>
      </object_component>
      <object_component id="oc-4a6">
         <name>.text:GrMapISO8859_1_Unicode</name>
         <load_address>0x46ae</load_address>
         <run_address>0x46ae</run_address>
         <size>0x8</size>
         <input_file_ref idref="fl-167"/>
      </object_component>
      <object_component id="oc-1e4">
         <name>.text:I2CMasterIntClear</name>
         <load_address>0x46b6</load_address>
         <run_address>0x46b6</run_address>
         <size>0x8</size>
         <input_file_ref idref="fl-15e"/>
      </object_component>
      <object_component id="oc-386">
         <name>.text:I2CMasterIntEnableEx</name>
         <load_address>0x46be</load_address>
         <run_address>0x46be</run_address>
         <size>0x8</size>
         <input_file_ref idref="fl-15e"/>
      </object_component>
      <object_component id="oc-2f0">
         <name>.text:I2CMasterSlaveAddrSet</name>
         <load_address>0x46c6</load_address>
         <run_address>0x46c6</run_address>
         <size>0x8</size>
         <input_file_ref idref="fl-15e"/>
      </object_component>
      <object_component id="oc-9e">
         <name>.text:EMACTimestampIntStatus</name>
         <load_address>0x46ce</load_address>
         <run_address>0x46ce</run_address>
         <size>0x6</size>
         <input_file_ref idref="fl-160"/>
      </object_component>
      <object_component id="oc-319">
         <name>.text:GPIOPinWrite</name>
         <load_address>0x46d4</load_address>
         <run_address>0x46d4</run_address>
         <size>0x6</size>
         <input_file_ref idref="fl-15f"/>
      </object_component>
      <object_component id="oc-359">
         <name>.text:GrContextFontSet</name>
         <load_address>0x46da</load_address>
         <run_address>0x46da</run_address>
         <size>0x6</size>
         <input_file_ref idref="fl-164"/>
      </object_component>
      <object_component id="oc-24">
         <name>.text:ResetISR</name>
         <load_address>0x46e0</load_address>
         <run_address>0x46e0</run_address>
         <size>0x6</size>
         <input_file_ref idref="fl-12"/>
      </object_component>
      <object_component id="oc-31e">
         <name>.text:SysCtlDelay</name>
         <load_address>0x46e6</load_address>
         <run_address>0x46e6</run_address>
         <size>0x6</size>
         <input_file_ref idref="fl-15b"/>
      </object_component>
      <object_component id="oc-1e">
         <name>.text:decompress:rle24</name>
         <load_address>0x46ec</load_address>
         <run_address>0x46ec</run_address>
         <size>0x6</size>
         <input_file_ref idref="fl-147"/>
      </object_component>
      <object_component id="oc-515">
         <name>.text:vListInitialiseItem</name>
         <load_address>0x46f2</load_address>
         <run_address>0x46f2</run_address>
         <size>0x6</size>
         <input_file_ref idref="fl-c"/>
      </object_component>
      <object_component id="oc-1e9">
         <name>.text:I2CMasterControl</name>
         <load_address>0x46f8</load_address>
         <run_address>0x46f8</run_address>
         <size>0x4</size>
         <input_file_ref idref="fl-15e"/>
      </object_component>
      <object_component id="oc-2e7">
         <name>.text:I2CMasterDataGet</name>
         <load_address>0x46fc</load_address>
         <run_address>0x46fc</run_address>
         <size>0x4</size>
         <input_file_ref idref="fl-15e"/>
      </object_component>
      <object_component id="oc-2f7">
         <name>.text:I2CMasterDataPut</name>
         <load_address>0x4700</load_address>
         <run_address>0x4700</run_address>
         <size>0x4</size>
         <input_file_ref idref="fl-15e"/>
      </object_component>
      <object_component id="oc-324">
         <name>.text:LCDDMAConfigSet</name>
         <load_address>0x4704</load_address>
         <run_address>0x4704</run_address>
         <size>0x4</size>
         <input_file_ref idref="fl-15c"/>
      </object_component>
      <object_component id="oc-329">
         <name>.text:LCDIDDConfigSet</name>
         <load_address>0x4708</load_address>
         <run_address>0x4708</run_address>
         <size>0x4</size>
         <input_file_ref idref="fl-15c"/>
      </object_component>
      <object_component id="oc-360">
         <name>.const:.string:g_pui8Top</name>
         <load_address>0x470c</load_address>
         <run_address>0x470c</run_address>
         <size>0x1a46</size>
         <input_file_ref idref="fl-5"/>
      </object_component>
      <object_component id="oc-36a">
         <name>.const:.string:g_pui8Bottom</name>
         <load_address>0x6152</load_address>
         <run_address>0x6152</run_address>
         <size>0x786</size>
         <input_file_ref idref="fl-5"/>
      </object_component>
      <object_component id="oc-4d4">
         <name>.const:.string:g_pui8Cmss18bData</name>
         <load_address>0x68d8</load_address>
         <run_address>0x68d8</run_address>
         <size>0x782</size>
         <input_file_ref idref="fl-163"/>
      </object_component>
      <object_component id="oc-364">
         <name>.const:.string:g_pui8Left</name>
         <load_address>0x705a</load_address>
         <run_address>0x705a</run_address>
         <size>0x546</size>
         <input_file_ref idref="fl-5"/>
      </object_component>
      <object_component id="oc-366">
         <name>.const:.string:g_pui8Right</name>
         <load_address>0x75a0</load_address>
         <run_address>0x75a0</run_address>
         <size>0x546</size>
         <input_file_ref idref="fl-5"/>
      </object_component>
      <object_component id="oc-35e">
         <name>.const:.string:g_pui8TopLeft</name>
         <load_address>0x7ae6</load_address>
         <run_address>0x7ae6</run_address>
         <size>0x17c</size>
         <input_file_ref idref="fl-5"/>
      </object_component>
      <object_component id="oc-362">
         <name>.const:.string:g_pui8TopRight</name>
         <load_address>0x7c62</load_address>
         <run_address>0x7c62</run_address>
         <size>0x173</size>
         <input_file_ref idref="fl-5"/>
      </object_component>
      <object_component id="oc-368">
         <name>.const:.string:g_pui8BottomLeft</name>
         <load_address>0x7dd5</load_address>
         <run_address>0x7dd5</run_address>
         <size>0xd0</size>
         <input_file_ref idref="fl-5"/>
      </object_component>
      <object_component id="oc-36e">
         <name>.const:g_sFontCmss18b</name>
         <load_address>0x7ea8</load_address>
         <run_address>0x7ea8</run_address>
         <size>0xc8</size>
         <input_file_ref idref="fl-163"/>
      </object_component>
      <object_component id="oc-36c">
         <name>.const:.string:g_pui8BottomRight</name>
         <load_address>0x7f70</load_address>
         <run_address>0x7f70</run_address>
         <size>0xc4</size>
         <input_file_ref idref="fl-5"/>
      </object_component>
      <object_component id="oc-4ef">
         <name>.const</name>
         <load_address>0x8034</load_address>
         <run_address>0x8034</run_address>
         <size>0x70</size>
         <input_file_ref idref="fl-15d"/>
      </object_component>
      <object_component id="oc-278">
         <name>.const:g_sKentec320x240x16_SSD2119</name>
         <load_address>0x80a4</load_address>
         <run_address>0x80a4</run_address>
         <size>0x28</size>
         <input_file_ref idref="fl-4"/>
      </object_component>
      <object_component id="oc-116">
         <name>.const</name>
         <load_address>0x80cc</load_address>
         <run_address>0x80cc</run_address>
         <size>0x1c</size>
         <input_file_ref idref="fl-2"/>
      </object_component>
      <object_component id="oc-fe">
         <name>.const:.string</name>
         <load_address>0x80e8</load_address>
         <run_address>0x80e8</run_address>
         <size>0x14</size>
         <input_file_ref idref="fl-a"/>
      </object_component>
      <object_component id="oc-349">
         <name>.const</name>
         <load_address>0x80fc</load_address>
         <run_address>0x80fc</run_address>
         <size>0x10</size>
         <input_file_ref idref="fl-166"/>
      </object_component>
      <object_component id="oc-686">
         <name>.cinit..data.load</name>
         <load_address>0x8110</load_address>
         <run_address>0x8110</run_address>
         <size>0x24</size>
      </object_component>
      <object_component id="oc-684">
         <name>__TI_handler_table</name>
         <load_address>0x8134</load_address>
         <run_address>0x8134</run_address>
         <size>0xc</size>
      </object_component>
      <object_component id="oc-687">
         <name>.cinit..bss.load</name>
         <load_address>0x8140</load_address>
         <run_address>0x8140</run_address>
         <size>0x8</size>
      </object_component>
      <object_component id="oc-685">
         <name>__TI_cinit_table</name>
         <load_address>0x8148</load_address>
         <run_address>0x8148</run_address>
         <size>0x10</size>
      </object_component>
      <object_component id="oc-61">
         <name>.data</name>
         <load_address>0x200062f0</load_address>
         <run_address>0x200062f0</run_address>
         <size>0x4</size>
         <input_file_ref idref="fl-14d"/>
      </object_component>
      <object_component id="oc-86">
         <name>.data</name>
         <load_address>0x200062a4</load_address>
         <run_address>0x200062a4</run_address>
         <size>0x30</size>
         <input_file_ref idref="fl-a"/>
      </object_component>
      <object_component id="oc-d7">
         <name>.data</name>
         <load_address>0x200062dc</load_address>
         <run_address>0x200062dc</run_address>
         <size>0x8</size>
         <input_file_ref idref="fl-154"/>
      </object_component>
      <object_component id="oc-d9">
         <name>.data</name>
         <load_address>0x200062e4</load_address>
         <run_address>0x200062e4</run_address>
         <size>0x8</size>
         <input_file_ref idref="fl-149"/>
      </object_component>
      <object_component id="oc-118">
         <name>.data</name>
         <load_address>0x200062f4</load_address>
         <run_address>0x200062f4</run_address>
         <size>0x4</size>
         <input_file_ref idref="fl-2"/>
      </object_component>
      <object_component id="oc-503">
         <name>.data</name>
         <load_address>0x200062d4</load_address>
         <run_address>0x200062d4</run_address>
         <size>0x8</size>
         <input_file_ref idref="fl-8"/>
      </object_component>
      <object_component id="oc-51c">
         <name>.data</name>
         <load_address>0x200062ec</load_address>
         <run_address>0x200062ec</run_address>
         <size>0x4</size>
         <input_file_ref idref="fl-7"/>
      </object_component>
      <object_component id="oc-c0">
         <name>.bss:g_sI2CMSimpleInst</name>
         <uninitialized>true</uninitialized>
         <run_address>0x20005050</run_address>
         <size>0x124</size>
         <input_file_ref idref="fl-15"/>
      </object_component>
      <object_component id="oc-ff">
         <name>.bss:pxReadyTasksLists</name>
         <uninitialized>true</uninitialized>
         <run_address>0x20004f10</run_address>
         <size>0x140</size>
         <input_file_ref idref="fl-a"/>
      </object_component>
      <object_component id="oc-28b">
         <name>.bss:g_sContext</name>
         <uninitialized>true</uninitialized>
         <run_address>0x20005174</run_address>
         <size>0x2c</size>
         <input_file_ref idref="fl-15"/>
      </object_component>
      <object_component id="oc-34b">
         <name>.bss</name>
         <uninitialized>true</uninitialized>
         <run_address>0x20005270</run_address>
         <size>0x4</size>
         <input_file_ref idref="fl-166"/>
      </object_component>
      <object_component id="oc-440">
         <name>.bss:sTMP100</name>
         <uninitialized>true</uninitialized>
         <run_address>0x200051a0</run_address>
         <size>0x2c</size>
         <input_file_ref idref="fl-15"/>
      </object_component>
      <object_component id="oc-5cf">
         <name>.bss</name>
         <uninitialized>true</uninitialized>
         <run_address>0x200051cc</run_address>
         <size>0x20</size>
         <input_file_ref idref="fl-165"/>
      </object_component>
      <object_component id="oc-5e9">
         <name>.bss:ucHeap</name>
         <uninitialized>true</uninitialized>
         <run_address>0x20000000</run_address>
         <size>0x4f10</size>
         <input_file_ref idref="fl-8"/>
      </object_component>
      <object_component id="oc-99">
         <name>.common:g_ui32TSState</name>
         <uninitialized>true</uninitialized>
         <run_address>0x20005284</run_address>
         <size>0x4</size>
      </object_component>
      <object_component id="oc-11b">
         <name>.common:g_pfnTSHandler</name>
         <uninitialized>true</uninitialized>
         <run_address>0x20005278</run_address>
         <size>0x4</size>
      </object_component>
      <object_component id="oc-11a">
         <name>.common:g_pi16Samples</name>
         <uninitialized>true</uninitialized>
         <run_address>0x20005250</run_address>
         <size>0x10</size>
      </object_component>
      <object_component id="oc-114">
         <name>.common:g_i16TouchX</name>
         <uninitialized>true</uninitialized>
         <run_address>0x2000529c</run_address>
         <size>0x2</size>
      </object_component>
      <object_component id="oc-115">
         <name>.common:g_i16TouchY</name>
         <uninitialized>true</uninitialized>
         <run_address>0x2000529e</run_address>
         <size>0x2</size>
      </object_component>
      <object_component id="oc-5ec">
         <name>.common:xStart</name>
         <uninitialized>true</uninitialized>
         <run_address>0x20005268</run_address>
         <size>0x8</size>
      </object_component>
      <object_component id="oc-5eb">
         <name>.common:xEnd</name>
         <uninitialized>true</uninitialized>
         <run_address>0x20005260</run_address>
         <size>0x8</size>
      </object_component>
      <object_component id="oc-51f">
         <name>.common:xDelayedTaskList1</name>
         <uninitialized>true</uninitialized>
         <run_address>0x200051ec</run_address>
         <size>0x14</size>
      </object_component>
      <object_component id="oc-520">
         <name>.common:xDelayedTaskList2</name>
         <uninitialized>true</uninitialized>
         <run_address>0x20005200</run_address>
         <size>0x14</size>
      </object_component>
      <object_component id="oc-615">
         <name>.common:pxDelayedTaskList</name>
         <uninitialized>true</uninitialized>
         <run_address>0x20005288</run_address>
         <size>0x4</size>
      </object_component>
      <object_component id="oc-616">
         <name>.common:pxOverflowDelayedTaskList</name>
         <uninitialized>true</uninitialized>
         <run_address>0x2000528c</run_address>
         <size>0x4</size>
      </object_component>
      <object_component id="oc-603">
         <name>.common:xPendingReadyList</name>
         <uninitialized>true</uninitialized>
         <run_address>0x20005214</run_address>
         <size>0x14</size>
      </object_component>
      <object_component id="oc-5fd">
         <name>.common:xTasksWaitingTermination</name>
         <uninitialized>true</uninitialized>
         <run_address>0x2000523c</run_address>
         <size>0x14</size>
      </object_component>
      <object_component id="oc-613">
         <name>.common:xSuspendedTaskList</name>
         <uninitialized>true</uninitialized>
         <run_address>0x20005228</run_address>
         <size>0x14</size>
      </object_component>
      <object_component id="oc-ad">
         <name>.common:g_pInterrupt</name>
         <uninitialized>true</uninitialized>
         <run_address>0x20005274</run_address>
         <size>0x4</size>
      </object_component>
      <object_component id="oc-af">
         <name>.common:g_pfnTimerHandler</name>
         <uninitialized>true</uninitialized>
         <run_address>0x2000527c</run_address>
         <size>0x4</size>
      </object_component>
      <object_component id="oc-276">
         <name>.common:g_ui32SysClock</name>
         <uninitialized>true</uninitialized>
         <run_address>0x20005280</run_address>
         <size>0x4</size>
      </object_component>
      <object_component id="oc-429">
         <name>.common:xQueue1</name>
         <uninitialized>true</uninitialized>
         <run_address>0x20005294</run_address>
         <size>0x4</size>
      </object_component>
      <object_component id="oc-448">
         <name>.common:xQueue2</name>
         <uninitialized>true</uninitialized>
         <run_address>0x20005298</run_address>
         <size>0x4</size>
      </object_component>
      <object_component id="oc-41c">
         <name>.common:xHandle</name>
         <uninitialized>true</uninitialized>
         <run_address>0x20005290</run_address>
         <size>0x4</size>
      </object_component>
      <object_component id="oc-5b2">
         <name>.common:g_bTMP100Done</name>
         <uninitialized>true</uninitialized>
         <run_address>0x200052a0</run_address>
         <size>0x1</size>
      </object_component>
      <object_component id="oc-23">
         <name>.stack</name>
         <uninitialized>true</uninitialized>
         <run_address>0x200052a4</run_address>
         <size>0x0</size>
         <input_file_ref idref="fl-145"/>
      </object_component>
      <object_component id="oc-688">
         <name>.stack</name>
         <uninitialized>true</uninitialized>
         <run_address>0x200052a4</run_address>
         <size>0x0</size>
      </object_component>
      <object_component id="oc-f">
         <name>.debug_info</name>
         <load_address>0x0</load_address>
         <run_address>0x0</run_address>
         <size>0xeb</size>
         <input_file_ref idref="fl-12"/>
      </object_component>
      <object_component id="oc-13">
         <name>.debug_info</name>
         <load_address>0xeb</load_address>
         <run_address>0xeb</run_address>
         <size>0xf3</size>
         <input_file_ref idref="fl-145"/>
      </object_component>
      <object_component id="oc-17">
         <name>.debug_info</name>
         <load_address>0x1de</load_address>
         <run_address>0x1de</run_address>
         <size>0x194</size>
         <input_file_ref idref="fl-146"/>
      </object_component>
      <object_component id="oc-1b">
         <name>.debug_info</name>
         <load_address>0x372</load_address>
         <run_address>0x372</run_address>
         <size>0x16a</size>
         <input_file_ref idref="fl-148"/>
      </object_component>
      <object_component id="oc-1f">
         <name>.debug_info</name>
         <load_address>0x4dc</load_address>
         <run_address>0x4dc</run_address>
         <size>0x18e</size>
         <input_file_ref idref="fl-147"/>
      </object_component>
      <object_component id="oc-27">
         <name>.debug_info</name>
         <load_address>0x66a</load_address>
         <run_address>0x66a</run_address>
         <size>0x11b</size>
         <input_file_ref idref="fl-12"/>
      </object_component>
      <object_component id="oc-2c">
         <name>.debug_info</name>
         <load_address>0x785</load_address>
         <run_address>0x785</run_address>
         <size>0x109</size>
         <input_file_ref idref="fl-12"/>
      </object_component>
      <object_component id="oc-2f">
         <name>.debug_info</name>
         <load_address>0x88e</load_address>
         <run_address>0x88e</run_address>
         <size>0x110</size>
         <input_file_ref idref="fl-12"/>
      </object_component>
      <object_component id="oc-36">
         <name>.debug_info</name>
         <load_address>0x99e</load_address>
         <run_address>0x99e</run_address>
         <size>0x124</size>
         <input_file_ref idref="fl-12"/>
      </object_component>
      <object_component id="oc-39">
         <name>.debug_info</name>
         <load_address>0xac2</load_address>
         <run_address>0xac2</run_address>
         <size>0x19b</size>
         <input_file_ref idref="fl-6"/>
      </object_component>
      <object_component id="oc-3f">
         <name>.debug_info</name>
         <load_address>0xc5d</load_address>
         <run_address>0xc5d</run_address>
         <size>0x205</size>
         <input_file_ref idref="fl-7"/>
      </object_component>
      <object_component id="oc-42">
         <name>.debug_info</name>
         <load_address>0xe62</load_address>
         <run_address>0xe62</run_address>
         <size>0x159</size>
         <input_file_ref idref="fl-2"/>
      </object_component>
      <object_component id="oc-47">
         <name>.debug_info</name>
         <load_address>0xfbb</load_address>
         <run_address>0xfbb</run_address>
         <size>0x209</size>
         <input_file_ref idref="fl-10"/>
      </object_component>
      <object_component id="oc-4c">
         <name>.debug_info</name>
         <load_address>0x11c4</load_address>
         <run_address>0x11c4</run_address>
         <size>0x149</size>
         <input_file_ref idref="fl-15"/>
      </object_component>
      <object_component id="oc-52">
         <name>.debug_info</name>
         <load_address>0x130d</load_address>
         <run_address>0x130d</run_address>
         <size>0x21c</size>
         <input_file_ref idref="fl-12"/>
      </object_component>
      <object_component id="oc-55">
         <name>.debug_info</name>
         <load_address>0x1529</load_address>
         <run_address>0x1529</run_address>
         <size>0x13d</size>
         <input_file_ref idref="fl-156"/>
      </object_component>
      <object_component id="oc-5b">
         <name>.debug_info</name>
         <load_address>0x1666</load_address>
         <run_address>0x1666</run_address>
         <size>0x11c</size>
         <input_file_ref idref="fl-155"/>
      </object_component>
      <object_component id="oc-5e">
         <name>.debug_info</name>
         <load_address>0x1782</load_address>
         <run_address>0x1782</run_address>
         <size>0x1c2</size>
         <input_file_ref idref="fl-149"/>
      </object_component>
      <object_component id="oc-62">
         <name>.debug_info</name>
         <load_address>0x1944</load_address>
         <run_address>0x1944</run_address>
         <size>0xbe</size>
         <input_file_ref idref="fl-14d"/>
      </object_component>
      <object_component id="oc-66">
         <name>.debug_info</name>
         <load_address>0x1a02</load_address>
         <run_address>0x1a02</run_address>
         <size>0xcc</size>
         <input_file_ref idref="fl-14b"/>
      </object_component>
      <object_component id="oc-69">
         <name>.debug_info</name>
         <load_address>0x1ace</load_address>
         <run_address>0x1ace</run_address>
         <size>0x46</size>
         <input_file_ref idref="fl-146"/>
      </object_component>
      <object_component id="oc-6e">
         <name>.debug_info</name>
         <load_address>0x1b14</load_address>
         <run_address>0x1b14</run_address>
         <size>0xf2</size>
         <input_file_ref idref="fl-146"/>
      </object_component>
      <object_component id="oc-70">
         <name>.debug_info</name>
         <load_address>0x1c06</load_address>
         <run_address>0x1c06</run_address>
         <size>0x46</size>
         <input_file_ref idref="fl-148"/>
      </object_component>
      <object_component id="oc-75">
         <name>.debug_info</name>
         <load_address>0x1c4c</load_address>
         <run_address>0x1c4c</run_address>
         <size>0xad</size>
         <input_file_ref idref="fl-148"/>
      </object_component>
      <object_component id="oc-77">
         <name>.debug_info</name>
         <load_address>0x1cf9</load_address>
         <run_address>0x1cf9</run_address>
         <size>0x1ef</size>
         <input_file_ref idref="fl-147"/>
      </object_component>
      <object_component id="oc-7c">
         <name>.debug_info</name>
         <load_address>0x1ee8</load_address>
         <run_address>0x1ee8</run_address>
         <size>0xb7</size>
         <input_file_ref idref="fl-147"/>
      </object_component>
      <object_component id="oc-7d">
         <name>.debug_info</name>
         <load_address>0x1f9f</load_address>
         <run_address>0x1f9f</run_address>
         <size>0x39</size>
         <input_file_ref idref="fl-147"/>
      </object_component>
      <object_component id="oc-87">
         <name>.debug_info</name>
         <load_address>0x1fd8</load_address>
         <run_address>0x1fd8</run_address>
         <size>0x30d</size>
         <input_file_ref idref="fl-a"/>
      </object_component>
      <object_component id="oc-89">
         <name>.debug_info</name>
         <load_address>0x22e5</load_address>
         <run_address>0x22e5</run_address>
         <size>0x225</size>
         <input_file_ref idref="fl-a"/>
      </object_component>
      <object_component id="oc-8f">
         <name>.debug_info</name>
         <load_address>0x250a</load_address>
         <run_address>0x250a</run_address>
         <size>0x259</size>
         <input_file_ref idref="fl-a"/>
      </object_component>
      <object_component id="oc-95">
         <name>.debug_info</name>
         <load_address>0x2763</load_address>
         <run_address>0x2763</run_address>
         <size>0x1a5</size>
         <input_file_ref idref="fl-2"/>
      </object_component>
      <object_component id="oc-9a">
         <name>.debug_info</name>
         <load_address>0x2908</load_address>
         <run_address>0x2908</run_address>
         <size>0x478</size>
         <input_file_ref idref="fl-2"/>
      </object_component>
      <object_component id="oc-9f">
         <name>.debug_info</name>
         <load_address>0x2d80</load_address>
         <run_address>0x2d80</run_address>
         <size>0x1c7</size>
         <input_file_ref idref="fl-160"/>
      </object_component>
      <object_component id="oc-a4">
         <name>.debug_info</name>
         <load_address>0x2f47</load_address>
         <run_address>0x2f47</run_address>
         <size>0x350</size>
         <input_file_ref idref="fl-b"/>
      </object_component>
      <object_component id="oc-ab">
         <name>.debug_info</name>
         <load_address>0x3297</load_address>
         <run_address>0x3297</run_address>
         <size>0x1ae</size>
         <input_file_ref idref="fl-7"/>
      </object_component>
      <object_component id="oc-ae">
         <name>.debug_info</name>
         <load_address>0x3445</load_address>
         <run_address>0x3445</run_address>
         <size>0x15e0</size>
         <input_file_ref idref="fl-10"/>
      </object_component>
      <object_component id="oc-b1">
         <name>.debug_info</name>
         <load_address>0x4a25</load_address>
         <run_address>0x4a25</run_address>
         <size>0x8b</size>
         <input_file_ref idref="fl-2"/>
      </object_component>
      <object_component id="oc-b6">
         <name>.debug_info</name>
         <load_address>0x4ab0</load_address>
         <run_address>0x4ab0</run_address>
         <size>0x18b</size>
         <input_file_ref idref="fl-2"/>
      </object_component>
      <object_component id="oc-be">
         <name>.debug_info</name>
         <load_address>0x4c3b</load_address>
         <run_address>0x4c3b</run_address>
         <size>0x418</size>
         <input_file_ref idref="fl-159"/>
      </object_component>
      <object_component id="oc-c1">
         <name>.debug_info</name>
         <load_address>0x5053</load_address>
         <run_address>0x5053</run_address>
         <size>0xf7</size>
         <input_file_ref idref="fl-15"/>
      </object_component>
      <object_component id="oc-c5">
         <name>.debug_info</name>
         <load_address>0x514a</load_address>
         <run_address>0x514a</run_address>
         <size>0x84</size>
         <input_file_ref idref="fl-3"/>
      </object_component>
      <object_component id="oc-cb">
         <name>.debug_info</name>
         <load_address>0x51ce</load_address>
         <run_address>0x51ce</run_address>
         <size>0x14b</size>
         <input_file_ref idref="fl-157"/>
      </object_component>
      <object_component id="oc-d1">
         <name>.debug_info</name>
         <load_address>0x5319</load_address>
         <run_address>0x5319</run_address>
         <size>0x2c4</size>
         <input_file_ref idref="fl-15"/>
      </object_component>
      <object_component id="oc-d6">
         <name>.debug_info</name>
         <load_address>0x55dd</load_address>
         <run_address>0x55dd</run_address>
         <size>0x11b</size>
[...]
         <value>0x33e5</value>
         <object_component_ref idref="oc-408"/>
      </symbol>
      <symbol id="sm-3fa">
         <name>vTaskResume</name>
         <value>0x3759</value>
         <object_component_ref idref="oc-40d"/>
      </symbol>
      <symbol id="sm-3fb">
         <name>vTaskSetTimeOutState</name>
         <value>0x44f9</value>
         <object_component_ref idref="oc-556"/>
      </symbol>
      <symbol id="sm-3fc">
         <name>xTaskIncrementTick</name>
         <value>0x2151</value>
         <object_component_ref idref="oc-8e"/>
      </symbol>
      <symbol id="sm-3fd">
         <name>vTaskSwitchContext</name>
         <value>0x2bad</value>
         <object_component_ref idref="oc-88"/>
      </symbol>
      <symbol id="sm-3fe">
         <name>xTaskGetCurrentTaskHandle</name>
         <value>0x4699</value>
         <object_component_ref idref="oc-585"/>
      </symbol>
      <symbol id="sm-3ff">
         <name>xTaskRemoveFromEventList</name>
         <value>0x31c9</value>
         <object_component_ref idref="oc-135"/>
      </symbol>
      <symbol id="sm-400">
         <name>xTaskIsTaskSuspended</name>
         <value>0x430d</value>
         <object_component_ref idref="oc-550"/>
      </symbol>
      <symbol id="sm-480">
         <name>xQueueGenericSendFromISR</name>
         <value>0x3929</value>
         <object_component_ref idref="oc-a3"/>
      </symbol>
      <symbol id="sm-481">
         <name>xQueueGenericCreate</name>
         <value>0x3bad</value>
         <object_component_ref idref="oc-25d"/>
      </symbol>
      <symbol id="sm-482">
         <name>xQueueGenericSend</name>
         <value>0x26d3</value>
         <object_component_ref idref="oc-412"/>
      </symbol>
      <symbol id="sm-483">
         <name>xQueueGenericReset</name>
         <value>0x3159</value>
         <object_component_ref idref="oc-396"/>
      </symbol>
      <symbol id="sm-484">
         <name>xQueueGenericReceive</name>
         <value>0x2265</value>
         <object_component_ref idref="oc-41f"/>
      </symbol>
      <symbol id="sm-4af">
         <name>uxListRemove</name>
         <value>0x43db</value>
         <object_component_ref idref="oc-102"/>
      </symbol>
      <symbol id="sm-4b0">
         <name>vListInsert</name>
         <value>0x4083</value>
         <object_component_ref idref="oc-60e"/>
      </symbol>
      <symbol id="sm-4b1">
         <name>vListInitialiseItem</name>
         <value>0x46f3</value>
         <object_component_ref idref="oc-515"/>
      </symbol>
      <symbol id="sm-4b2">
         <name>vListInsertEnd</name>
         <value>0x44e1</value>
         <object_component_ref idref="oc-107"/>
      </symbol>
      <symbol id="sm-4b3">
         <name>vListInitialise</name>
         <value>0x453d</value>
         <object_component_ref idref="oc-50a"/>
      </symbol>
      <symbol id="sm-553">
         <name>uvsnprintf</name>
         <value>0x13e5</value>
         <object_component_ref idref="oc-58b"/>
      </symbol>
      <symbol id="sm-554">
         <name>ustrncpy</name>
         <value>0x43b9</value>
         <object_component_ref idref="oc-61c"/>
      </symbol>
      <symbol id="sm-555">
         <name>usprintf</name>
         <value>0x441d</value>
         <object_component_ref idref="oc-424"/>
      </symbol>
      <symbol id="sm-5ca">
         <name>g_pfnTimerHandler</name>
         <value>0x2000527c</value>
      </symbol>
      <symbol id="sm-5cb">
         <name>lwIPEthernetIntHandler</name>
         <value>0x2f85</value>
         <object_component_ref idref="oc-46"/>
      </symbol>
      <symbol id="sm-600">
         <name>ResetISR</name>
         <value>0x46e1</value>
         <object_component_ref idref="oc-24"/>
      </symbol>
      <symbol id="sm-601">
         <name>g_pfnVectors</name>
         <value>0x0</value>
         <object_component_ref idref="oc-e"/>
      </symbol>
      <symbol id="sm-615">
         <name>vApplicationStackOverflowHook</name>
         <value>0x3e37</value>
         <object_component_ref idref="oc-f4"/>
      </symbol>
      <symbol id="sm-616">
         <name>vApplicationIdleHook</name>
         <value>0x3c8b</value>
         <object_component_ref idref="oc-534"/>
      </symbol>
      <symbol id="sm-697">
         <name>g_ui32SysClock</name>
         <value>0x20005280</value>
      </symbol>
      <symbol id="sm-698">
         <name>xQueue1</name>
         <value>0x20005294</value>
      </symbol>
      <symbol id="sm-699">
         <name>xQueue2</name>
         <value>0x20005298</value>
      </symbol>
      <symbol id="sm-69a">
         <name>xHandle</name>
         <value>0x20005290</value>
      </symbol>
      <symbol id="sm-69b">
         <name>g_bTMP100Done</name>
         <value>0x200052a0</value>
      </symbol>
      <symbol id="sm-69c">
         <name>TMP100Callback</name>
         <value>0x4675</value>
         <object_component_ref idref="oc-442"/>
      </symbol>
      <symbol id="sm-69d">
         <name>displayTask</name>
         <value>0x2799</value>
         <object_component_ref idref="oc-281"/>
      </symbol>
      <symbol id="sm-69e">
         <name>sTMP100</name>
         <value>0x200051a0</value>
         <object_component_ref idref="oc-440"/>
      </symbol>
      <symbol id="sm-69f">
         <name>g_sI2CMSimpleInst</name>
         <value>0x20005050</value>
         <object_component_ref idref="oc-c0"/>
      </symbol>
      <symbol id="sm-6a0">
         <name>main</name>
         <value>0x182d</value>
         <object_component_ref idref="oc-d0"/>
      </symbol>
      <symbol id="sm-6a1">
         <name>temperatureTask</name>
         <value>0x2d75</value>
         <object_component_ref idref="oc-286"/>
      </symbol>
      <symbol id="sm-6a2">
         <name>I2CMSimpleIntHandler</name>
         <value>0x4639</value>
         <object_component_ref idref="oc-4b"/>
      </symbol>
      <symbol id="sm-6a3">
         <name>g_sContext</name>
         <value>0x20005174</value>
         <object_component_ref idref="oc-28b"/>
      </symbol>
      <symbol id="sm-6a4">
         <name>time_task</name>
         <value>0x3a75</value>
         <object_component_ref idref="oc-27b"/>
      </symbol>
      <symbol id="sm-6b3">
         <name>_c_int00</name>
         <value>0x3cd5</value>
         <object_component_ref idref="oc-10"/>
      </symbol>
      <symbol id="sm-6b4">
         <name>__stack</name>
         <value>0x200052a4</value>
         <object_component_ref idref="oc-23"/>
      </symbol>
      <symbol id="sm-6ca">
         <name>__TI_decompress_none</name>
         <value>0x462b</value>
         <object_component_ref idref="oc-14"/>
      </symbol>
      <symbol id="sm-6ec">
         <name>__TI_decompress_rle24</name>
         <value>0x46ed</value>
         <object_component_ref idref="oc-1e"/>
      </symbol>
      <symbol id="sm-6ff">
         <name>__TI_zero_init</name>
         <value>0x45c9</value>
         <object_component_ref idref="oc-19"/>
      </symbol>
      <symbol id="sm-71b">
         <name>C$$EXIT</name>
         <value>0x3e7d</value>
         <object_component_ref idref="oc-5c"/>
      </symbol>
      <symbol id="sm-71c">
         <name>abort</name>
         <value>0x3e81</value>
         <object_component_ref idref="oc-5c"/>
      </symbol>
      <symbol id="sm-71d">
         <name>exit</name>
         <value>0x3e89</value>
         <object_component_ref idref="oc-5c"/>
      </symbol>
      <symbol id="sm-71e">
         <name>__TI_dtors_ptr</name>
         <value>0x200062e8</value>
         <object_component_ref idref="oc-d9"/>
      </symbol>
      <symbol id="sm-71f">
         <name>__TI_cleanup_ptr</name>
         <value>0x200062e4</value>
         <object_component_ref idref="oc-d9"/>
      </symbol>
      <symbol id="sm-72e">
         <name>memcmp</name>
         <value>0x4397</value>
         <object_component_ref idref="oc-f9"/>
      </symbol>
      <symbol id="sm-748">
         <name>memcpy</name>
         <value>0x2b0f</value>
         <object_component_ref idref="oc-64"/>
      </symbol>
      <symbol id="sm-749">
         <name>__aeabi_memcpy</name>
         <value>0x2b0f</value>
         <object_component_ref idref="oc-64"/>
      </symbol>
      <symbol id="sm-74a">
         <name>__aeabi_memcpy8</name>
         <value>0x2b0f</value>
         <object_component_ref idref="oc-64"/>
      </symbol>
      <symbol id="sm-74b">
         <name>__aeabi_memcpy4</name>
         <value>0x2b0f</value>
         <object_component_ref idref="oc-64"/>
      </symbol>
      <symbol id="sm-759">
         <name>__aeabi_memset</name>
         <value>0x2fff</value>
         <object_component_ref idref="oc-510"/>
      </symbol>
      <symbol id="sm-75a">
         <name>memset</name>
         <value>0x3005</value>
         <object_component_ref idref="oc-510"/>
      </symbol>
      <symbol id="sm-75b">
         <name>__aeabi_memset8</name>
         <value>0x2fff</value>
         <object_component_ref idref="oc-510"/>
      </symbol>
      <symbol id="sm-75c">
         <name>__aeabi_memset4</name>
         <value>0x2fff</value>
         <object_component_ref idref="oc-510"/>
      </symbol>
      <symbol id="sm-75d">
         <name>__aeabi_memclr8</name>
         <value>0x2ffd</value>
         <object_component_ref idref="oc-510"/>
      </symbol>
      <symbol id="sm-75e">
         <name>__aeabi_memclr4</name>
         <value>0x2ffd</value>
         <object_component_ref idref="oc-510"/>
      </symbol>
      <symbol id="sm-75f">
         <name>__aeabi_memclr</name>
         <value>0x2ffd</value>
         <object_component_ref idref="oc-510"/>
      </symbol>
      <symbol id="sm-766">
         <name>main_func_sp</name>
         <value>0x200062f0</value>
         <object_component_ref idref="oc-61"/>
      </symbol>
      <symbol id="sm-77a">
         <name>__aeabi_uidivmod</name>
         <value>0x3f49</value>
         <object_component_ref idref="oc-621"/>
      </symbol>
      <symbol id="sm-790">
         <name>_nop</name>
         <value>0x4577</value>
         <object_component_ref idref="oc-296"/>
      </symbol>
      <symbol id="sm-791">
         <name>_lock</name>
         <value>0x200062dc</value>
         <object_component_ref idref="oc-d7"/>
      </symbol>
      <symbol id="sm-792">
         <name>_unlock</name>
         <value>0x200062e0</value>
         <object_component_ref idref="oc-d7"/>
      </symbol>
      <symbol id="sm-793">
         <name>_register_lock</name>
         <value>0x456f</value>
         <object_component_ref idref="oc-296"/>
      </symbol>
      <symbol id="sm-794">
         <name>_register_unlock</name>
         <value>0x4569</value>
         <object_component_ref idref="oc-296"/>
      </symbol>
      <symbol id="sm-7a7">
         <name>_args_main</name>
         <value>0x44c9</value>
         <object_component_ref idref="oc-57"/>
      </symbol>
      <symbol id="sm-7c3">
         <name>__TI_auto_init</name>
         <value>0x2ce1</value>
         <object_component_ref idref="oc-53"/>
      </symbol>
      <symbol id="sm-7db">
         <name>copy_in</name>
         <value>0x3e39</value>
         <object_component_ref idref="oc-ca"/>
      </symbol>
      <symbol id="sm-827">
         <name>TMP100DataTemperatureGetFloat</name>
         <value>0x42c5</value>
         <object_component_ref idref="oc-43b"/>
      </symbol>
      <symbol id="sm-828">
         <name>TMP100DataRead</name>
         <value>0x39d5</value>
         <object_component_ref idref="oc-436"/>
      </symbol>
      <symbol id="sm-829">
         <name>TMP100ReadModifyWrite</name>
         <value>0x2e8d</value>
         <object_component_ref idref="oc-431"/>
      </symbol>
      <symbol id="sm-82a">
         <name>TMP100Init</name>
         <value>0x3a25</value>
         <object_component_ref idref="oc-42c"/>
      </symbol>
      <symbol id="sm-91a">
         <name>I2CMCommand</name>
         <value>0x2e09</value>
         <object_component_ref idref="oc-597"/>
      </symbol>
      <symbol id="sm-91b">
         <name>I2CMReadModifyWrite16LE</name>
         <value>0x3075</value>
         <object_component_ref idref="oc-5a3"/>
      </symbol>
      <symbol id="sm-91c">
         <name>I2CMInit</name>
         <value>0x4127</value>
         <object_component_ref idref="oc-258"/>
      </symbol>
      <symbol id="sm-91d">
         <name>I2CMReadModifyWrite8</name>
         <value>0x30e9</value>
         <object_component_ref idref="oc-5a8"/>
      </symbol>
      <symbol id="sm-91e">
         <name>I2CMIntHandler</name>
         <value>0x2365</value>
         <object_component_ref idref="oc-bb"/>
      </symbol>
      <symbol id="sm-947">
         <name>SysCtlDelay</name>
         <value>0x46e7</value>
         <object_component_ref idref="oc-31e"/>
      </symbol>
      <symbol id="sm-948">
         <name>SysCtlMOSCConfigSet</name>
         <value>0x4669</value>
         <object_component_ref idref="oc-249"/>
      </symbol>
      <symbol id="sm-949">
         <name>SysCtlPeripheralEnable</name>
         <value>0x415d</value>
         <object_component_ref idref="oc-253"/>
      </symbol>
      <symbol id="sm-97e">
         <name>LCDIDDConfigSet</name>
         <value>0x4709</value>
         <object_component_ref idref="oc-329"/>
      </symbol>
      <symbol id="sm-97f">
         <name>LCDDMAConfigSet</name>
         <value>0x4705</value>
         <object_component_ref idref="oc-324"/>
      </symbol>
      <symbol id="sm-980">
         <name>LCDIDDDataWrite</name>
         <value>0x465d</value>
         <object_component_ref idref="oc-338"/>
      </symbol>
      <symbol id="sm-981">
         <name>LCDIDDCommandWrite</name>
         <value>0x4651</value>
         <object_component_ref idref="oc-333"/>
      </symbol>
      <symbol id="sm-982">
         <name>LCDIDDTimingSet</name>
         <value>0x40bb</value>
         <object_component_ref idref="oc-32e"/>
      </symbol>
      <symbol id="sm-983">
         <name>LCDModeSet</name>
         <value>0x4353</value>
         <object_component_ref idref="oc-31f"/>
      </symbol>
      <symbol id="sm-9d1">
         <name>IntIsEnabled</name>
         <value>0x34b1</value>
         <object_component_ref idref="oc-62d"/>
      </symbol>
      <symbol id="sm-9d2">
         <name>IntEnable</name>
         <value>0x3699</value>
         <object_component_ref idref="oc-381"/>
      </symbol>
      <symbol id="sm-9d3">
         <name>IntTrigger</name>
         <value>0x4645</value>
         <object_component_ref idref="oc-637"/>
      </symbol>
      <symbol id="sm-9d4">
         <name>IntDisable</name>
         <value>0x3639</value>
         <object_component_ref idref="oc-632"/>
      </symbol>
      <symbol id="sm-a15">
         <name>I2CMasterDataPut</name>
         <value>0x4701</value>
         <object_component_ref idref="oc-2f7"/>
      </symbol>
      <symbol id="sm-a16">
         <name>I2CMasterInitExpClk</name>
         <value>0x3c8d</value>
         <object_component_ref idref="oc-37c"/>
      </symbol>
      <symbol id="sm-a17">
         <name>I2CMasterSlaveAddrSet</name>
         <value>0x46c7</value>
         <object_component_ref idref="oc-2f0"/>
      </symbol>
      <symbol id="sm-a18">
         <name>I2CMasterDataGet</name>
         <value>0x46fd</value>
         <object_component_ref idref="oc-2e7"/>
      </symbol>
      <symbol id="sm-a19">
         <name>I2CMasterIntEnableEx</name>
         <value>0x46bf</value>
         <object_component_ref idref="oc-386"/>
      </symbol>
      <symbol id="sm-a1a">
         <name>I2CMasterControl</name>
         <value>0x46f9</value>
         <object_component_ref idref="oc-1e9"/>
      </symbol>
      <symbol id="sm-a1b">
         <name>I2CMasterEnable</name>
         <value>0x46a5</value>
         <object_component_ref idref="oc-4e9"/>
      </symbol>
      <symbol id="sm-a1c">
         <name>I2CMasterIntClear</name>
         <value>0x46b7</value>
         <object_component_ref idref="oc-1e4"/>
      </symbol>
      <symbol id="sm-a45">
         <name>GPIODirModeSet</name>
         <value>0x41f5</value>
         <object_component_ref idref="oc-485"/>
      </symbol>
      <symbol id="sm-a46">
         <name>GPIOPinWrite</name>
         <value>0x46d5</value>
         <object_component_ref idref="oc-319"/>
      </symbol>
      <symbol id="sm-a47">
         <name>GPIOPadConfigSet</name>
         <value>0x2021</value>
         <object_component_ref idref="oc-48a"/>
      </symbol>
      <symbol id="sm-a48">
         <name>GPIOPinTypeEthernetLED</name>
         <value>0x45a5</value>
         <object_component_ref idref="oc-313"/>
      </symbol>
      <symbol id="sm-a5e">
         <name>EMACTimestampIntStatus</name>
         <value>0x46cf</value>
         <object_component_ref idref="oc-9e"/>
      </symbol>
      <symbol id="sm-a7f">
         <name>g_sFontCmss18b</name>
         <value>0x7ea8</value>
         <object_component_ref idref="oc-36e"/>
      </symbol>
      <symbol id="sm-b9c">
         <name>GrFontInfoGet</name>
         <value>0x429d</value>
         <object_component_ref idref="oc-3d5"/>
      </symbol>
      <symbol id="sm-b9d">
         <name>GrDefaultStringRenderer</name>
         <value>0x2609</value>
         <object_component_ref idref="oc-344"/>
      </symbol>
      <symbol id="sm-b9e">
         <name>GrFontGlyphRender</name>
         <value>0x117f</value>
         <object_component_ref idref="oc-49b"/>
      </symbol>
      <symbol id="sm-b9f">
         <name>GrContextFontSet</name>
         <value>0x46db</value>
         <object_component_ref idref="oc-359"/>
      </symbol>
      <symbol id="sm-ba0">
         <name>GrFontGlyphDataGet</name>
         <value>0x4331</value>
         <object_component_ref idref="oc-3d0"/>
      </symbol>
      <symbol id="sm-ba1">
         <name>GrStringDraw</name>
         <value>0x45b7</value>
         <object_component_ref idref="oc-24e"/>
      </symbol>
      <symbol id="sm-ba2">
         <name>GrFontCodepageGet</name>
         <value>0x443d</value>
         <object_component_ref idref="oc-5d4"/>
      </symbol>
      <symbol id="sm-ba3">
         <name>GrStringNextCharGet</name>
         <value>0x4249</value>
         <object_component_ref idref="oc-3cb"/>
      </symbol>
      <symbol id="sm-ba4">
         <name>GrStringWidthGet</name>
         <value>0x3311</value>
         <object_component_ref idref="oc-26c"/>
      </symbol>
      <symbol id="sm-ba5">
         <name>GrFontBaselineGet</name>
         <value>0x421f</value>
         <object_component_ref idref="oc-271"/>
      </symbol>
      <symbol id="sm-c8d">
         <name>GrImageDraw</name>
         <value>0x461d</value>
         <object_component_ref idref="oc-354"/>
      </symbol>
      <symbol id="sm-cb8">
         <name>GrContextInit</name>
         <value>0x344d</value>
         <object_component_ref idref="oc-23f"/>
      </symbol>
      <symbol id="sm-cb9">
         <name>GrContextClipRegionSet</name>
         <value>0x3515</value>
         <object_component_ref idref="oc-34f"/>
      </symbol>
      <symbol id="sm-cba">
         <name>g_psDefaultCodePointMapTable</name>
         <value>0x80fc</value>
         <object_component_ref idref="oc-349"/>
      </symbol>
      <symbol id="sm-cc6">
         <name>GrMapISO8859_1_Unicode</name>
         <value>0x46af</value>
         <object_component_ref idref="oc-4a6"/>
      </symbol>
      <symbol id="sm-cc7">
         <name>__TI_static_base__</name>
         <value>0x0</value>
      </symbol>
      <symbol id="sm-cc8">
         <name>__TI_args_main</name>
         <value>0x1</value>
      </symbol>
      <symbol id="sm-cc9">
         <name>SHT$$INIT_ARRAY$$Limit</name>
         <value>0x0</value>
      </symbol>
      <symbol id="sm-cca">
         <name>SHT$$INIT_ARRAY$$Base</name>
         <value>0x0</value>
      </symbol>
   </symbol_table>
   <title>Link successful</title>
</link_info>
