******************************************************************************
                  TI ARM Linker PC v5.1.5                      
******************************************************************************
>> Linked Mon Jun 17 12:48:50 2024

OUTPUT FILE NAME:   <http_server2.out>
ENTRY POINT SYMBOL: "_c_int00"  address: 00085889


MEMORY CONFIGURATION

         name            origin    length      used     unused   attr    fill
----------------------  --------  ---------  --------  --------  ----  --------
  FLASH                 00000000   00100000  0008767c  00078984  R  X
  SRAM                  20000000   00040000  00021655  0001e9ab  RW X


SEGMENT ALLOCATION MAP

run origin  load origin   length   init length attrs members
----------  ----------- ---------- ----------- ----- -------
00000000    00000000    00087680   00087680    r-x
  00000000    00000000    00000200   00000200    r-- .intvecs
  00000200    00000200    0007ba30   0007ba30    r-- .const
  0007bc30    0007bc30    0000b9d4   0000b9d4    r-x .text
  00087608    00087608    00000078   00000078    r-- .cinit
20000000    20000000    00021658   00000000    rw-
  20000000    20000000    000205ad   00000000    rw- .bss
  200205b0    200205b0    00001000   00000000    rw- .stack
  200215b0    200215b0    000000a8   00000000    rw- .data


SECTION ALLOCATION MAP

 output                                  attributes/
section   page    origin      length       input sections
--------  ----  ----------  ----------   ----------------
.intvecs   0    00000000    00000200     
                  00000000    00000200     startup_ccs.obj (.intvecs)

.init_array 
*          0    00000000    00000000     UNINITIALIZED

.const     0    00000200    0007ba30     
                  00000200    000771cc     fs.obj (.const:.string:data_chart_js)
                  000773cc    00001a46     frame.obj (.const:.string:g_pui8Top)
                  00078e12    000007f2     fs.obj (.const:.string:data_index_html)
                  00079604    00000786     frame.obj (.const:.string:g_pui8Bottom)
                  00079d8a    00000002     --HOLE-- [fill = 0]
                  00079d8c    00000782     grlib.lib : fontcmss18b.obj (.const:.string:g_pui8Cmss18bData)
                  0007a50e    00000546     frame.obj (.const:.string:g_pui8Left)
                  0007aa54    00000546     frame.obj (.const:.string:g_pui8Right)
                  0007af9a    00000002     --HOLE-- [fill = 0]
                  0007af9c    00000440     httpd.obj (.const:.string)
                  0007b3dc    0000017c     frame.obj (.const:.string:g_pui8TopLeft)
                  0007b558    00000173     frame.obj (.const:.string:g_pui8TopRight)
                  0007b6cb    000000d0     frame.obj (.const:.string:g_pui8BottomLeft)
                  0007b79b    00000001     --HOLE-- [fill = 0]
                  0007b79c    000000c8     grlib.lib : fontcmss18b.obj (.const:g_sFontCmss18b)
                  0007b864    000000c4     frame.obj (.const:.string:g_pui8BottomRight)
                  0007b928    0000008a     lwiplib.obj (.const:.string)
                  0007b9b2    00000002     --HOLE-- [fill = 0]
                  0007b9b4    00000088     httpd.obj (.const:g_psHTTPHeaders)
                  0007ba3c    00000070     driverlib.lib : interrupt.obj (.const)
                  0007baac    00000068     httpd.obj (.const:g_psHTTPHeaderStrings)
                  0007bb14    0000004c     lwiplib.obj (.const)
                  0007bb60    00000028     fs.obj (.const)
                  0007bb88    00000028     httpd.obj (.const:g_psDefaultFilenames)
                  0007bbb0    00000028     kentec320x240x16_ssd2119.obj (.const:g_sKentec320x240x16_SSD2119)
                  0007bbd8    0000001c     touch.obj (.const)
                  0007bbf4    00000018     httpd.obj (.const)
                  0007bc0c    00000014     tasks.obj (.const:.string)
                  0007bc20    00000010     grlib.lib : context.obj (.const)

.text      0    0007bc30    0000b9d4     
                  0007bc30    0000076c     lwiplib.obj (.text:tcp_receive)
                  0007c39c    000004c8     pinout.obj (.text:PinoutSet)
                  0007c864    0000049e     httpd.obj (.text:http_send_data)
                  0007cd02    00000002     startup_ccs.obj (.text:FaultISR)
                  0007cd04    00000488     kentec320x240x16_ssd2119.obj (.text:Kentec320x240x16_SSD2119Init)
                  0007d18c    000003b0     lwiplib.obj (.text:tcp_process)
                  0007d53c    000003ac     lwiplib.obj (.text:tcp_input)
                  0007d8e8    00000374     grlib.lib : image.obj (.text:InternalImageDraw)
                  0007dc5c    000002dc     lwiplib.obj (.text:tcp_write)
                  0007df38    000002bc     lwiplib.obj (.text:tcp_slowtmr)
                  0007e1f4    000002ba     grlib.lib : image.obj (.text:PixelTransparentDraw)
                  0007e4ae    00000002     startup_ccs.obj (.text:IntDefaultHandler)
                  0007e4b0    00000274     freertos_demo.obj (.text:main)
                  0007e724    00000266     grlib.lib : string.obj (.text:GrFontGlyphRender)
                  0007e98a    00000002     kentec320x240x16_ssd2119.obj (.text:Kentec320x240x16_SSD2119Flush)
                  0007e98c    00000245     ustdlib.obj (.text:uvsnprintf)
                  0007ebd1    00000001     --HOLE-- [fill = 0]
                  0007ebd2    00000002     startup_ccs.obj (.text:NmiSR)
                  0007ebd4    00000220     lwiplib.obj (.text:dhcp_parse_reply)
                  0007edf4    00000200     frame.obj (.text:FrameDraw)
                  0007eff4    000001d8     lwiplib.obj (.text:ip_input)
                  0007f1cc    000001c8     lwiplib.obj (.text:udp_input)
                  0007f394    000001c4     kentec320x240x16_ssd2119.obj (.text:Kentec320x240x16_SSD2119PixelDrawMultiple)
                  0007f558    000001a0     lwiplib.obj (.text:icmp_input)
                  0007f6f8    00000190     lwiplib.obj (.text:tcp_output)
                  0007f888    00000184     kentec320x240x16_ssd2119.obj (.text:Kentec320x240x16_SSD2119RectFill)
                  0007fa0c    0000017c     touch.obj (.text:TouchScreenDebouncer)
                  0007fb88    00000154     lwiplib.obj (.text:etharp_arp_input)
                  0007fcdc    00000144     lwiplib.obj (.text:tcp_close_shutdown)
                  0007fe20    00000140     touch.obj (.text:TouchScreenIntHandler)
                  0007ff60    00000138     lwiplib.obj (.text:pbuf_alloc)
                  00080098    00000130     driverlib.lib : gpio.obj (.text:GPIOPadConfigSet)
                  000801c8    00000128     lwiplib.obj (.text:dhcp_create_msg)
                  000802f0    00000128     lwiplib.obj (.text:etharp_output)
                  00080418    00000128     lwiplib.obj (.text:tivaif_receive)
                  00080540    00000118     httpd.obj (.text:http_find_file)
                  00080658    00000118     lwiplib.obj (.text:mem_malloc)
                  00080770    00000114     lwiplib.obj (.text:etharp_query)
                  00080884    00000114     lwiplib.obj (.text:tcp_listen_input)
                  00080998    00000114     tasks.obj (.text:xTaskIncrementTick)
                  00080aac    00000108     lwiplib.obj (.text:mem_trim)
                  00080bb4    00000100     queue.obj (.text:xQueueGenericReceive)
                  00080cb4    000000fc     lwiplib.obj (.text:lwIPInit)
                  00080db0    000000f8     fs.obj (.text:fs_open)
                  00080ea8    000000f4     lwiplib.obj (.text:tivaif_transmit)
                  00080f9c    000000f2     sensorlib.lib : i2cm_drv.obj (.text:I2CMIntHandler)
                  0008108e    00000002     lwip_task.obj (.text:vApplicationStackOverflowHook)
                  00081090    000000f0     httpd.obj (.text:get_http_headers)
                  00081180    000000e4     lwip_task.obj (.text:DisplayIP)
                  00081264    000000e0     lwiplib.obj (.text:etharp_find_entry)
                  00081344    000000e0     tasks.obj (.text:xTaskGenericCreate)
                  00081424    000000dc     lwiplib.obj (.text:etharp_raw)
                  00081500    000000d4     lwiplib.obj (.text:tcp_alloc)
                  000815d4    000000d0     lwiplib.obj (.text:autoip_tmr)
                  000816a4    000000d0     tasks.obj (.text:xTaskResumeAll)
                  00081774    000000cc     lwiplib.obj (.text:dhcp_bind)
                  00081840    000000cc     lwiplib.obj (.text:dhcp_recv)
                  0008190c    000000cc     lwiplib.obj (.text:dhcp_select)
                  000819d8    000000cc     httpd.obj (.text:get_tag_insert)
                  00081aa4    000000cc     lwiplib.obj (.text:udp_sendto_if)
                  00081b70    000000ca     grlib.lib : string.obj (.text:GrDefaultStringRenderer)
                  00081c3a    000000c6     queue.obj (.text:xQueueGenericSend)
                  00081d00    000000c4     lwiplib.obj (.text:InitDMADescriptors)
                  00081dc4    000000c0     freertos_demo.obj (.text:displayTask)
                  00081e84    000000bc     lwiplib.obj (.text:dhcp_discover)
                  00081f40    000000bc     lwiplib.obj (.text:lwIPPrivateInit)
                  00081ffc    000000bc     lwiplib.obj (.text:tcp_create_segment)
                  000820b8    000000bc     lwiplib.obj (.text:tcp_output_segment)
                  00082174    000000bc     lwiplib.obj (.text:tivaif_hwinit)
                  00082230    000000b0     kentec320x240x16_ssd2119.obj (.text:Kentec320x240x16_SSD2119LineDrawH)
                  000822e0    000000b0     kentec320x240x16_ssd2119.obj (.text:Kentec320x240x16_SSD2119LineDrawV)
                  00082390    000000ac     heap_2.obj (.text:pvPortMalloc)
                  0008243c    000000a8     lwiplib.obj (.text:dhcp_start)
                  000824e4    000000a8     lwiplib.obj (.text:tcp_enqueue_flags)
                  0008258c    000000a6     portasm.obj (.text)
                  00082632    00000002     --HOLE-- [fill = 0]
                  00082634    000000a4     lwiplib.obj (.text:dhcp_release)
                  000826d8    000000a4     lwiplib.obj (.text:ethernet_input)
                  0008277c    000000a4     lwiplib.obj (.text:ip_output_if)
                  00082820    0000009e     httpd.obj (.text:http_parse_request)
                  000828be    0000009c     rtsv7M4_T_le_v4SPD16_eabi.lib : memcpy_t2.obj (.text)
                  0008295a    00000002     --HOLE-- [fill = 0]
                  0008295c    0000009c     lwiplib.obj (.text:tcp_listen_with_backlog)
                  000829f8    0000009c     tasks.obj (.text:vTaskSwitchContext)
                  00082a94    00000098     sensorlib.lib : i2cm_drv.obj (.text:I2CMStateIdle)
                  00082b2c    00000098     lwiplib.obj (.text:dhcp_reboot)
                  00082bc4    00000094     rtsv7M4_T_le_v4SPD16_eabi.lib : auto_init.obj (.text)
                  00082c58    00000094     freertos_demo.obj (.text:temperatureTask)
                  00082cec    00000092     lwiplib.obj (.text:pbuf_copy)
                  00082d7e    00000002     --HOLE-- [fill = 0]
                  00082d80    00000090     lwiplib.obj (.text:tcp_abandon)
                  00082e10    00000090     lwiplib.obj (.text:tcpip_thread)
                  00082ea0    0000008c     lwip_task.obj (.text:lwIPTaskInit)
                  00082f2c    0000008c     lwiplib.obj (.text:tcp_zero_window_probe)
                  00082fb8    00000084     sensorlib.lib : i2cm_drv.obj (.text:I2CMCommand)
                  0008303c    00000084     locator.obj (.text:LocatorReceive)
                  000830c0    00000084     lwiplib.obj (.text:lwIPLinkDetect)
                  00083144    00000084     lwiplib.obj (.text:tcp_timewait_input)
                  000831c8    00000084     lwiplib.obj (.text:tivaif_process_phy_interrupt)
                  0008324c    00000082     lwiplib.obj (.text:autoip_arp_reply)
                  000832ce    00000002     --HOLE-- [fill = 0]
                  000832d0    00000080     sensorlib.lib : tmp100.obj (.text:TMP100ReadModifyWrite)
                  00083350    00000080     lwiplib.obj (.text:dhcp_rebind)
                  000833d0    00000080     lwiplib.obj (.text:dhcp_renew)
                  00083450    00000080     lwiplib.obj (.text:mem_free)
                  000834d0    00000080     lwiplib.obj (.text:sys_sem_new)
                  00083550    00000080     lwiplib.obj (.text:sys_thread_new)
                  000835d0    00000080     lwiplib.obj (.text:tcp_parseopt)
                  00083650    0000007c     lwiplib.obj (.text:dhcp_timeout)
                  000836cc    0000007c     lwiplib.obj (.text:tcp_bind)
                  00083748    0000007c     lwiplib.obj (.text:tcp_rst)
                  000837c4    00000078     kentec320x240x16_ssd2119.obj (.text:Kentec320x240x16_SSD2119PixelDraw)
                  0008383c    00000078     lwiplib.obj (.text:dhcp_handle_ack)
                  000838b4    00000078     lwiplib.obj (.text:lwIPEthernetIntHandler)
                  0008392c    00000078     rtsv7M4_T_le_v4SPD16_eabi.lib : memset_t2.obj (.text)
                  000839a4    00000078     lwiplib.obj (.text:tcp_oos_insert_segment)
                  00083a1c    00000074     sensorlib.lib : i2cm_drv.obj (.text:I2CMReadModifyWrite16LE)
                  00083a90    00000074     lwiplib.obj (.text:etharp_update_arp_entry)
                  00083b04    00000074     lwiplib.obj (.text:raw_input)
                  00083b78    00000072     httpd.obj (.text:extract_uri_parameters)
                  00083bea    00000002     --HOLE-- [fill = 0]
                  00083bec    00000071     httpd.obj (.text:http_init_file)
                  00083c5d    00000003     --HOLE-- [fill = 0]
                  00083c60    00000070     sensorlib.lib : i2cm_drv.obj (.text:I2CMReadModifyWrite8)
                  00083cd0    00000070     lwiplib.obj (.text:sys_mbox_new)
                  00083d40    00000070     lwiplib.obj (.text:tcp_fasttmr)
                  00083db0    00000070     queue.obj (.text:xQueueGenericReset)
                  00083e20    00000070     tasks.obj (.text:xTaskRemoveFromEventList)
                  00083e90    0000006c     sensorlib.lib : i2cm_drv.obj (.text:I2CMReadModifyWrite16LECallback)
                  00083efc    0000006c     lwiplib.obj (.text:icmp_send_response)
                  00083f68    0000006c     tasks.obj (.text:vTaskPriorityInherit)
                  00083fd4    0000006a     grlib.lib : string.obj (.text:GrStringWidthGet)
                  0008403e    0000006a     lwiplib.obj (.text:pbuf_copy_partial)
                  000840a8    0000006a     queue.obj (.text:prvCopyDataToQueue)
                  00084112    00000002     --HOLE-- [fill = 0]
                  00084114    00000068     lwiplib.obj (.text:dhcp_decline)
                  0008417c    00000068     lwiplib.obj (.text:mem_init)
                  000841e4    00000068     lwiplib.obj (.text:memp_init)
                  0008424c    00000068     lwiplib.obj (.text:netif_set_ipaddr)
                  000842b4    00000068     lwiplib.obj (.text:tcp_output_alloc_header)
                  0008431c    00000068     lwiplib.obj (.text:tcp_process_refused_data)
                  00084384    00000068     tasks.obj (.text:vTaskSuspend)
                  000843ec    00000064     grlib.lib : context.obj (.text:GrContextInit)
                  00084450    00000064     driverlib.lib : interrupt.obj (.text:IntIsEnabled)
                  000844b4    00000064     lwiplib.obj (.text:lwip_standard_chksum)
                  00084518    00000064     lwiplib.obj (.text:plug_holes)
                  0008457c    00000064     lwiplib.obj (.text:udp_bind)
                  000845e0    00000064     lwip_task.obj (.text:vApplicationIdleHook)
                  00084644    00000064     tasks.obj (.text:vTaskDelete)
                  000846a8    00000062     grlib.lib : context.obj (.text:GrContextClipRegionSet)
                  0008470a    00000062     httpd.obj (.text:http_recv)
                  0008476c    00000062     lwiplib.obj (.text:pbuf_header)
                  000847ce    00000062     queue.obj (.text:prvUnlockQueue)
                  00084830    00000060     sensorlib.lib : i2cm_drv.obj (.text:I2CMReadModifyWrite8Callback)
                  00084890    00000060     driverlib.lib : interrupt.obj (.text:IntDisable)
                  000848f0    00000060                   : interrupt.obj (.text:IntEnable)
                  00084950    00000060     lwiplib.obj (.text:memp_malloc)
                  000849b0    00000060     tasks.obj (.text:prvInitialiseTaskLists)
                  00084a10    00000060     lwiplib.obj (.text:sys_timeout)
                  00084a70    00000060     lwiplib.obj (.text:sys_timeouts_mbox_fetch)
                  00084ad0    00000060     tasks.obj (.text:vTaskResume)
                  00084b30    0000005e     sensorlib.lib : i2cm_drv.obj (.text:I2CMStateWritePause)
                  00084b8e    0000005e     rtsv7M4_T_le_v4SPD16_eabi.lib : copy_decompress_rle.obj (.text)
                  00084bec    0000005c     grlib.lib : string.obj (.text:FontWideGlyphDataGet)
                  00084c48    0000005c     lwiplib.obj (.text:tcp_pcb_remove)
                  00084ca4    0000005c     lwiplib.obj (.text:tcpip_callback_with_block)
                  00084d00    0000005a     lwiplib.obj (.text:autoip_start)
                  00084d5a    0000005a     lwiplib.obj (.text:pbuf_realloc)
                  00084db4    00000058     httpd.obj (.text:http_accept)
                  00084e0c    00000058     tasks.obj (.text:prvCheckTasksWaitingTermination)
                  00084e64    00000056     lwiplib.obj (.text:inet_chksum_pbuf)
                  00084eba    00000056     queue.obj (.text:xQueueGenericSendFromISR)
                  00084f10    00000054     lwiplib.obj (.text:autoip_create_addr)
                  00084f64    00000054     lwiplib.obj (.text:netif_add)
                  00084fb8    00000054     lwiplib.obj (.text:tcp_rexmit)
                  0008500c    00000054     tasks.obj (.text:xTaskCheckForTimeOut)
                  00085060    00000052     lwiplib.obj (.text:pbuf_free)
                  000850b2    00000052     lwiplib.obj (.text:tivaif_process_transmit)
                  00085104    00000050     locator.obj (.text:LocatorInit)
                  00085154    00000050     sensorlib.lib : tmp100.obj (.text:TMP100DataRead)
                  000851a4    00000050                   : tmp100.obj (.text:TMP100Init)
                  000851f4    00000050     lwiplib.obj (.text:autoip_start_probing)
                  00085244    00000050     httpd.obj (.text:http_close_conn)
                  00085294    00000050     lwiplib.obj (.text:tcp_new_port)
                  000852e4    00000050     lwiplib.obj (.text:tcpip_init)
                  00085334    00000050     freertos_demo.obj (.text:time_task)
                  00085384    0000004e     sensorlib.lib : i2cm_drv.obj (.text:I2CMStateWriteFinal)
                  000853d2    0000004e     tasks.obj (.text:prvInitialiseTCBVariables)
                  00085420    0000004e     httpd.obj (.text:strnstr)
                  0008546e    0000004e     lwiplib.obj (.text:tcp_pbuf_prealloc)
                  000854bc    0000004c     lwiplib.obj (.text:ip_route)
                  00085508    0000004c     tasks.obj (.text:prvAddCurrentTaskToDelayedList)
                  00085554    0000004c     lwiplib.obj (.text:tcp_write_checks)
                  000855a0    0000004c     lwiplib.obj (.text:tcpip_input)
                  000855ec    0000004c     lwiplib.obj (.text:tivaif_interrupt)
                  00085638    0000004c     lwiplib.obj (.text:udp_new_port)
                  00085684    0000004c     queue.obj (.text:xQueueGenericCreate)
                  000856d0    0000004b     httpd.obj (.text:http_get_404_file)
                  0008571b    00000001     --HOLE-- [fill = 0]
                  0008571c    0000004a     grlib.lib : string.obj (.text:UpdateContextCharMapping)
                  00085766    00000048     sensorlib.lib : i2cm_drv.obj (.text:I2CMStateReadNext)
                  000857ae    00000002     --HOLE-- [fill = 0]
                  000857b0    00000048     driverlib.lib : i2c.obj (.text:I2CMasterInitExpClk)
                  000857f8    00000048     lwiplib.obj (.text:etharp_output_to_arp_index)
                  00085840    00000048     lwiplib.obj (.text:ip_output)
                  00085888    00000048     rtsv7M4_T_le_v4SPD16_eabi.lib : boot.obj (.text)
                  000858d0    00000048     lwiplib.obj (.text:sys_arch_mbox_fetch)
                  00085918    00000048     lwiplib.obj (.text:sys_untimeout)
                  00085960    00000048     lwiplib.obj (.text:tcp_kill_prio)
                  000859a8    00000048     lwiplib.obj (.text:tcp_rexmit_fast)
                  000859f0    00000048     lwiplib.obj (.text:udp_connect)
                  00085a38    00000048     tasks.obj (.text:vTaskPriorityDisinherit)
                  00085a80    00000048     tasks.obj (.text:vTaskStartScheduler)
                  00085ac8    00000046     sensorlib.lib : i2cm_drv.obj (.text:I2CMStateWriteNext)
                  00085b0e    00000046     lwiplib.obj (.text:tcp_send_empty_ack)
                  00085b54    00000044     sensorlib.lib : i2cm_drv.obj (.text:I2CMStateCallback)
                  00085b98    00000044     httpd.obj (.text:http_write)
                  00085bdc    00000044     lwiplib.obj (.text:lwIPInterruptTask)
                  00085c20    00000044     rtsv7M4_T_le_v4SPD16_eabi.lib : cpy_tbl.obj (.text)
                  00085c64    00000044                                   : exit.obj (.text)
                  00085ca8    00000044     lwiplib.obj (.text:sys_timeouts_init)
                  00085cec    00000044     lwiplib.obj (.text:tcp_keepalive)
                  00085d30    00000044     lwiplib.obj (.text:tcp_send_fin)
                  00085d74    00000044     lwiplib.obj (.text:tivaif_check_pbuf)
                  00085db8    00000044     heap_2.obj (.text:vPortFree)
                  00085dfc    00000044     tasks.obj (.text:vTaskPlaceOnEventList)
                  00085e40    00000042     lwiplib.obj (.text:dhcp_network_changed)
                  00085e82    00000042     lwiplib.obj (.text:dhcp_option_long)
                  00085ec4    00000042     rtsv7M4_T_le_v4SPD16_eabi.lib : u_divt2.obj (.text)
                  00085f06    00000042     lwiplib.obj (.text:sys_arch_sem_wait)
                  00085f48    00000042     lwiplib.obj (.text:tcp_pcb_purge)
                  00085f8a    00000002     --HOLE-- [fill = 0]
                  00085f8c    00000040     lwiplib.obj (.text:etharp_tmr)
                  00085fcc    00000040     port.obj (.text:xPortStartScheduler)
                  0008600c    0000003e     sensorlib.lib : i2cm_drv.obj (.text:I2CMStateReadFinal)
                  0008604a    0000003e                   : i2cm_drv.obj (.text:I2CMStateReadPause)
                  00086088    0000003e     lwiplib.obj (.text:netif_set_link_up)
                  000860c6    00000002     --HOLE-- [fill = 0]
                  000860c8    0000003c     lwiplib.obj (.text:dhcp_coarse_tmr)
                  00086104    0000003a     driverlib.lib : emac.obj (.text:EMACIntEnable)
                  0008613e    0000003a     grlib.lib : string.obj (.text:FontGlyphDataGet)
                  00086178    0000003a     lwip_task.obj (.text:SetupServices)
                  000861b2    00000002     --HOLE-- [fill = 0]
                  000861b4    00000038     lwiplib.obj (.text:dhcp_fine_tmr)
                  000861ec    00000038     lwiplib.obj (.text:dhcp_handle_nak)
                  00086224    00000038     lwiplib.obj (.text:dhcp_stop)
                  0008625c    00000038     httpd.obj (.text:httpd_init_addr)
                  00086294    00000038     lwiplib.obj (.text:memp_free)
                  000862cc    00000038     lwiplib.obj (.text:pbuf_pool_is_empty)
                  00086304    00000038     lwiplib.obj (.text:sys_init)
                  0008633c    00000038     lwiplib.obj (.text:tcpip_tcp_timer)
                  00086374    00000038     lwiplib.obj (.text:udp_sendto)
                  000863ac    00000038     list.obj (.text:vListInsert)
                  000863e4    00000036     driverlib.lib : lcd.obj (.text:LCDIDDTimingSet)
                  0008641a    00000036     tasks.obj (.text:prvAllocateTCBAndStack)
                  00086450    00000034     driverlib.lib : emac.obj (.text:EMACConfigGet)
                  00086484    00000034                   : emac.obj (.text:EMACConfigSet)
                  000864b8    00000034                   : emac.obj (.text:EMACIntClear)
                  000864ec    00000034     sensorlib.lib : i2cm_drv.obj (.text:I2CMInit)
                  00086520    00000034     locator.obj (.text:LocatorAppTitleSet)
                  00086554    00000034     driverlib.lib : sysctl.obj (.text:SysCtlPeripheralEnable)
                  00086588    00000034     lwiplib.obj (.text:autoip_arp_probe)
                  000865bc    00000034     httpd.obj (.text:http_poll)
                  000865f0    00000034     rtsv7M4_T_le_v4SPD16_eabi.lib : strstr.obj (.text)
                  00086624    00000034     lwiplib.obj (.text:tcp_kill_timewait)
                  00086658    00000034     lwiplib.obj (.text:tcp_timer_needed)
                  0008668c    00000034     lwiplib.obj (.text:tivaif_init)
                  000866c0    00000034     tasks.obj (.text:vTaskDelay)
                  000866f4    00000032     lwiplib.obj (.text:ip4_addr_isbroadcast)
                  00086726    00000032     lwiplib.obj (.text:tcp_recved)
                  00086758    00000030     lwiplib.obj (.text:dhcp_option_trailer)
                  00086788    00000030     fs.obj (.text:fs_read)
                  000867b8    00000030     lwiplib.obj (.text:pbuf_free_ooseq)
                  000867e8    00000030     heap_2.obj (.text:prvHeapInit)
                  00086818    00000030     lwiplib.obj (.text:tcp_update_rcv_ann_wnd)
                  00086848    0000002c     driverlib.lib : emac.obj (.text:EMACIntStatus)
                  00086874    0000002c     lwiplib.obj (.text:autoip_arp_announce)
                  000868a0    0000002c     lwiplib.obj (.text:dhcp_handle_offer)
                  000868cc    0000002c     lwiplib.obj (.text:etharp_request)
                  000868f8    0000002c     lwiplib.obj (.text:sys_arch_thread)
                  00086924    0000002c     lwiplib.obj (.text:sys_mbox_trypost)
                  00086950    0000002c     lwiplib.obj (.text:tcp_rexmit_rto)
                  0008697c    0000002c     lwiplib.obj (.text:udp_remove)
                  000869a8    0000002a     driverlib.lib : gpio.obj (.text:GPIODirModeSet)
                  000869d2    0000002a     grlib.lib : string.obj (.text:GrFontBaselineGet)
                  000869fc    0000002a               : string.obj (.text:GrStringNextCharGet)
                  00086a26    0000002a     sensorlib.lib : i2cm_drv.obj (.text:I2CMStateReadFirst)
                  00086a50    0000002a     lwiplib.obj (.text:autoip_bind)
                  00086a7a    00000002     --HOLE-- [fill = 0]
                  00086a7c    00000028     lwiplib.obj (.text:etharp_cleanup_netif)
                  00086aa4    00000026     driverlib.lib : emac.obj (.text:EMACPHYRead)
                  00086aca    00000026                   : emac.obj (.text:EMACPHYWrite)
                  00086af0    00000026     grlib.lib : string.obj (.text:GrFontInfoGet)
                  00086b16    00000026     lwiplib.obj (.text:dhcp_check)
                  00086b3c    00000026     httpd.obj (.text:http_state_free)
                  00086b62    00000026     rtsv7M4_T_le_v4SPD16_eabi.lib : strncmp.obj (.text)
                  00086b88    00000024     sensorlib.lib : tmp100.obj (.text:TMP100DataTemperatureGetFloat)
                  00086bac    00000024     lwiplib.obj (.text:etharp_free_entry)
                  00086bd0    00000024     lwiplib.obj (.text:netif_set_up)
                  00086bf4    00000024     lwiplib.obj (.text:pbuf_cat)
                  00086c18    00000024     queue.obj (.text:prvCopyDataFromQueue)
                  00086c3c    00000024     lwiplib.obj (.text:tcp_seg_copy)
                  00086c60    00000024     tasks.obj (.text:xTaskIsTaskSuspended)
                  00086c84    00000022     grlib.lib : string.obj (.text:GrFontGlyphDataGet)
                  00086ca6    00000022     driverlib.lib : lcd.obj (.text:LCDModeSet)
                  00086cc8    00000022     lwiplib.obj (.text:dhcp_option_short)
                  00086cea    00000022     httpd.obj (.text:http_state_alloc)
                  00086d0c    00000022     port.obj (.text:pxPortInitialiseStack)
                  00086d2e    00000022     rtsv7M4_T_le_v4SPD16_eabi.lib : memcmp.obj (.text)
                  00086d50    00000022     ustdlib.obj (.text:ustrncpy)
                  00086d72    00000022     list.obj (.text:uxListRemove)
                  00086d94    00000020     sensorlib.lib : i2cm_drv.obj (.text:I2CMStateReadOne)
                  00086db4    00000020     locator.obj (.text:LocatorMACAddrSet)
                  00086dd4    00000020     lwiplib.obj (.text:autoip_handle_arp_conflict)
                  00086df4    00000020     lwiplib.obj (.text:dhcp_option)
                  00086e14    00000020     lwiplib.obj (.text:etharp_send_ip)
                  00086e34    00000020     lwiplib.obj (.text:tcp_eff_send_mss)
                  00086e54    00000020     lwiplib.obj (.text:tcp_recv_null)
                  00086e74    00000020     lwiplib.obj (.text:tcp_tmr)
                  00086e94    00000020     ustdlib.obj (.text:usprintf)
                  00086eb4    0000001e     driverlib.lib : emac.obj (.text:EMACAddrGet)
                  00086ed2    0000001e     grlib.lib : string.obj (.text:GrFontCodepageGet)
                  00086ef0    0000001e     lwiplib.obj (.text:netif_set_down)
                  00086f0e    00000002     --HOLE-- [fill = 0]
                  00086f10    0000001c     lwiplib.obj (.text:lwIPLocalIPAddrGet)
                  00086f2c    0000001c     lwiplib.obj (.text:lwIPLocalMACGet)
                  00086f48    0000001c     lwiplib.obj (.text:netif_set_addr)
                  00086f64    0000001c     queue.obj (.text:prvIsQueueFull)
                  00086f80    0000001c     lwiplib.obj (.text:udp_new)
                  00086f9c    0000001c     port.obj (.text:xPortSysTickHandler)
                  00086fb8    0000001a     lwiplib.obj (.text:autoip_network_changed)
                  00086fd2    0000001a     lwiplib.obj (.text:dhcp_arp_reply)
                  00086fec    0000001a     lwiplib.obj (.text:lwip_htonl)
                  00087006    0000001a     queue.obj (.text:prvIsQueueEmpty)
                  00087020    0000001a     lwiplib.obj (.text:sys_mbox_post)
                  0008703a    00000018     sensorlib.lib : i2cm_drv.obj (.text:I2CMStateReadWait)
                  00087052    00000002     --HOLE-- [fill = 0]
                  00087054    00000018     lwiplib.obj (.text:arp_timer)
                  0008706c    00000018     lwiplib.obj (.text:autoip_timer)
                  00087084    00000018     lwiplib.obj (.text:dhcp_timer_coarse)
                  0008709c    00000018     lwiplib.obj (.text:dhcp_timer_fine)
                  000870b4    00000018     lwiplib.obj (.text:lwIPPrivateLinkTimer)
                  000870cc    00000018     rtsv7M4_T_le_v4SPD16_eabi.lib : args_main.obj (.text)
                  000870e4    00000018                                   : strcmp.obj (.text)
                  000870fc    00000018     lwiplib.obj (.text:tcp_next_iss)
                  00087114    00000018     lwiplib.obj (.text:tcp_seg_free)
                  0008712c    00000018     list.obj (.text:vListInsertEnd)
                  00087144    00000018     tasks.obj (.text:vTaskSetTimeOutState)
                  0008715c    00000018     tasks.obj (.text:xTaskGetTickCount)
                  00087174    00000016     driverlib.lib : emac.obj (.text:EMACRxEnable)
                  0008718a    00000016                   : emac.obj (.text:EMACTxEnable)
                  000871a0    00000016     kentec320x240x16_ssd2119.obj (.text:Kentec320x240x16_SSD2119ColorTranslate)
                  000871b6    00000016     sensorlib.lib : tmp100.obj (.text:TMP100Callback)
                  000871cc    00000016     lwiplib.obj (.text:dhcp_delete_msg)
                  000871e2    00000016     lwiplib.obj (.text:dhcp_t1_timeout)
                  000871f8    00000016     lwiplib.obj (.text:dhcp_t2_timeout)
                  0008720e    00000016     httpd.obj (.text:http_sent)
                  00087224    00000016     lwiplib.obj (.text:pbuf_ref)
                  0008723a    00000016     rtsv7M4_T_le_v4SPD16_eabi.lib : strchr.obj (.text)
                  00087250    00000016     list.obj (.text:vListInitialise)
                  00087266    00000014     fs.obj (.text:fs_close)
                  0008727a    00000014     lwiplib.obj (.text:lwip_init)
                  0008728e    00000002     --HOLE-- [fill = 0]
                  00087290    00000014     port.obj (.text:prvSetupTimerInterrupt)
                  000872a4    00000014     rtsv7M4_T_le_v4SPD16_eabi.lib : _lock.obj (.text)
                  000872b8    00000014                                   : strlen.obj (.text)
                  000872cc    00000014     lwiplib.obj (.text:tcp_close)
                  000872e0    00000014     port.obj (.text:vPortEnterCritical)
                  000872f4    00000014     port.obj (.text:vPortExitCritical)
                  00087308    00000012     driverlib.lib : gpio.obj (.text:GPIOPinTypeEthernetLED)
                  0008731a    00000012     grlib.lib : string.obj (.text:GrStringDraw)
                  0008732c    00000012     rtsv7M4_T_le_v4SPD16_eabi.lib : copy_zero_init.obj (.text:decompress:ZI)
                  0008733e    00000012     lwiplib.obj (.text:dhcp_option_byte)
                  00087350    00000012     lwiplib.obj (.text:netif_set_link_down)
                  00087362    00000012     lwiplib.obj (.text:pbuf_clen)
                  00087374    00000012     tasks.obj (.text:prvDeleteTCB)
                  00087386    00000012     lwiplib.obj (.text:tcp_segs_free)
                  00087398    00000010     driverlib.lib : emac.obj (.text:EMACFrameFilterSet)
                  000873a8    00000010     lwiplib.obj (.text:autoip_stop)
                  000873b8    00000010     lwiplib.obj (.text:dhcp_set_state)
                  000873c8    00000010     lwiplib.obj (.text:sys_sem_signal)
                  000873d8    00000010     port.obj (.text:vPortYield)
                  000873e8    00000010     port.obj (.text:vPortYieldFromISR)
                  000873f8    00000010     tasks.obj (.text:vTaskSuspendAll)
                  00087408    0000000e     grlib.lib : image.obj (.text:GrImageDraw)
                  00087416    0000000e     rtsv7M4_T_le_v4SPD16_eabi.lib : copy_decompress_none.obj (.text:decompress:none)
                  00087424    0000000e     lwiplib.obj (.text:pbuf_chain)
                  00087432    0000000c     driverlib.lib : cpu.obj (.text:CPUcpsie)
                  0008743e    00000002     --HOLE-- [fill = 0]
                  00087440    0000000c     freertos_demo.obj (.text:I2CMSimpleIntHandler)
                  0008744c    0000000c     driverlib.lib : interrupt.obj (.text:IntTrigger)
                  00087458    0000000c                   : lcd.obj (.text:LCDIDDCommandWrite)
                  00087464    0000000c                   : lcd.obj (.text:LCDIDDDataWrite)
                  00087470    0000000c                   : sysctl.obj (.text:SysCtlMOSCConfigSet)
                  0008747c    0000000c     freertos_demo.obj (.text:TMP100Callback)
                  00087488    0000000c     lwiplib.obj (.text:autoip_restart)
                  00087494    0000000c     httpd.obj (.text:httpd_init)
                  000874a0    0000000c     lwiplib.obj (.text:inet_chksum)
                  000874ac    0000000c     lwiplib.obj (.text:lwip_htons)
                  000874b8    0000000c     lwiplib.obj (.text:netif_set_default)
                  000874c4    0000000c     lwiplib.obj (.text:netif_set_gw)
                  000874d0    0000000c     lwiplib.obj (.text:netif_set_netmask)
                  000874dc    0000000c     tasks.obj (.text:prvIdleTask)
                  000874e8    0000000c     tasks.obj (.text:uxTaskGetNumberOfTasks)
                  000874f4    0000000c     tasks.obj (.text:vTaskMissedYield)
                  00087500    0000000c     tasks.obj (.text:xTaskGetCurrentTaskHandle)
                  0008750c    0000000a     driverlib.lib : i2c.obj (.text:I2CMasterEnable)
                  00087516    0000000a                   : interrupt.obj (.text:IntMasterEnable)
                  00087520    0000000a     lwiplib.obj (.text:sys_arch_protect)
                  0008752a    0000000a     lwiplib.obj (.text:sys_mbox_valid)
                  00087534    0000000a     lwiplib.obj (.text:tcp_poll)
                  0008753e    00000008     driverlib.lib : emac.obj (.text:EMACTxDMAPollDemand)
                  00087546    00000008     grlib.lib : charmap.obj (.text:GrMapISO8859_1_Unicode)
                  0008754e    00000008     driverlib.lib : i2c.obj (.text:I2CMasterIntClear)
                  00087556    00000008                   : i2c.obj (.text:I2CMasterIntEnableEx)
                  0008755e    00000008                   : i2c.obj (.text:I2CMasterSlaveAddrSet)
                  00087566    00000008     fs.obj (.text:fs_bytes_left)
                  0008756e    00000008     httpd.obj (.text:http_err)
                  00087576    00000008     lwiplib.obj (.text:icmp_dest_unreach)
                  0008757e    00000006     driverlib.lib : emac.obj (.text:EMACRxDMADescriptorListSet)
                  00087584    00000006                   : emac.obj (.text:EMACTimestampIntStatus)
                  0008758a    00000006                   : emac.obj (.text:EMACTxDMADescriptorListSet)
                  00087590    00000006                   : gpio.obj (.text:GPIOPinWrite)
                  00087596    00000006     grlib.lib : string.obj (.text:GrContextFontSet)
                  0008759c    00000006     startup_ccs.obj (.text:ResetISR)
                  000875a2    00000006     driverlib.lib : sysctl.obj (.text:SysCtlDelay)
                  000875a8    00000006     rtsv7M4_T_le_v4SPD16_eabi.lib : copy_decompress_rle.obj (.text:decompress:rle24)
                  000875ae    00000006     lwiplib.obj (.text:tcp_abort)
                  000875b4    00000006     lwiplib.obj (.text:tcp_accept_null)
                  000875ba    00000006     lwiplib.obj (.text:tcp_err)
                  000875c0    00000006     lwiplib.obj (.text:tcp_new)
                  000875c6    00000006     lwiplib.obj (.text:tcp_recv)
                  000875cc    00000006     lwiplib.obj (.text:udp_recv)
                  000875d2    00000006     list.obj (.text:vListInitialiseItem)
                  000875d8    00000004     driverlib.lib : i2c.obj (.text:I2CMasterControl)
                  000875dc    00000004                   : i2c.obj (.text:I2CMasterDataGet)
                  000875e0    00000004                   : i2c.obj (.text:I2CMasterDataPut)
                  000875e4    00000004                   : lcd.obj (.text:LCDDMAConfigSet)
                  000875e8    00000004                   : lcd.obj (.text:LCDIDDConfigSet)
                  000875ec    00000004     lwiplib.obj (.text:pbuf_free_ooseq_callback)
                  000875f0    00000004     lwiplib.obj (.text:sys_arch_unprotect)
                  000875f4    00000004     lwiplib.obj (.text:tcp_accept)
                  000875f8    00000004     lwiplib.obj (.text:tcp_arg)
                  000875fc    00000004     lwiplib.obj (.text:tcp_sent)
                  00087600    00000004     lwiplib.obj (.text:tcp_setprio)

.cinit     0    00087608    00000078     
                  00087608    00000053     (.cinit..data.load) [load image, compression = rle]
                  0008765b    00000001     --HOLE-- [fill = 0]
                  0008765c    0000000c     (__TI_handler_table)
                  00087668    00000008     (.cinit..bss.load) [load image, compression = zero_init]
                  00087670    00000010     (__TI_cinit_table)

.bss       0    20000000    000205ad     UNINITIALIZED
                  20000000    0001001c     lwiplib.obj (.bss:ram_heap)
                  2001001c    0000a674     lwiplib.obj (.bss:memp_memory)
                  2001a690    00004f10     heap_2.obj (.bss:ucHeap)
                  2001f5a0    00000360     lwiplib.obj (.bss:g_pTxDescriptors)
                  2001f900    00000220     lwiplib.obj (.bss:lwip_stats)
                  2001fb20    00000220     lwiplib.obj (.bss:mboxes)
                  2001fd40    00000140     tasks.obj (.bss:pxReadyTasksLists)
                  2001fe80    00000124     freertos_demo.obj (.bss:g_sI2CMSimpleInst)
                  2001ffa4    00000120     lwiplib.obj (.bss:g_pRxDescriptors)
                  200200c4    000000c8     lwiplib.obj (.bss:arp_table)
                  2002018c    00000088     lwiplib.obj (.bss:mbox)
                  20020214    00000054     locator.obj (.bss:g_pui8LocatorData)
                  20020268    00000050     lwiplib.obj (.bss:threads)
                  200202b8    00000038     lwiplib.obj (.bss:g_sNetIF)
                  200202f0    00000034     fs.obj (.bss:pcBuf$1)
                  20020324    00000030     lwiplib.obj (.bss:sems)
                  20020354    0000002c     freertos_demo.obj (.bss:g_sContext)
                  20020380    0000002c     freertos_demo.obj (.bss:sTMP100)
                  200203ac    00000028     lwiplib.obj (.bss:dhcp_rx_options_val)
                  200203d4    00000028     lwiplib.obj (.bss:memp_tab)
                  200203fc    00000020     grlib.lib : image.obj (.bss)
                  2002041c    00000018     (.common:g_pcIPString)
                  20020434    00000014     (.common:xDelayedTaskList1)
                  20020448    00000014     (.common:xDelayedTaskList2)
                  2002045c    00000014     (.common:xPendingReadyList)
                  20020470    00000014     (.common:xSuspendedTaskList)
                  20020484    00000014     (.common:xTasksWaitingTermination)
                  20020498    00000010     (.common:g_pi16Samples)
                  200204a8    00000010     (.common:inseg)
                  200204b8    0000000c     (.common:dhcp_rx_options_given)
                  200204c4    0000000c     (.common:mem_mutex)
                  200204d0    00000008     (.common:xEnd)
                  200204d8    00000008     (.common:xStart)
                  200204e0    00000004               : context.obj (.bss)
                  200204e4    00000004     (.common:ackno)
                  200204e8    00000004     (.common:current_header)
                  200204ec    00000004     (.common:current_iphdr_dest)
                  200204f0    00000004     (.common:current_iphdr_src)
                  200204f4    00000004     (.common:current_netif)
                  200204f8    00000004     (.common:g_iNumCGIs)
                  200204fc    00000004     (.common:g_pCGIs)
                  20020500    00000004     (.common:g_pInterrupt)
                  20020504    00000004     (.common:g_pfnTSHandler)
                  20020508    00000004     (.common:g_pfnTimerHandler)
                  2002050c    00000004     (.common:g_ui32AbnormalInts)
                  20020510    00000004     (.common:g_ui32GWAddr)
                  20020514    00000004     (.common:g_ui32IPAddr)
                  20020518    00000004     (.common:g_ui32NetMask)
                  2002051c    00000004     (.common:g_ui32NormalInts)
                  20020520    00000004     (.common:g_ui32SysClock)
                  20020524    00000004     (.common:g_ui32TSState)
                  20020528    00000004     (.common:iphdr)
                  2002052c    00000004     (.common:lfree)
                  20020530    00000004     (.common:netif_default)
                  20020534    00000004     (.common:netif_list)
                  20020538    00000004     (.common:next_timeout)
                  2002053c    00000004     (.common:pxDelayedTaskList)
                  20020540    00000004     (.common:pxOverflowDelayedTaskList)
                  20020544    00000004     (.common:ram)
                  20020548    00000004     (.common:ram_end)
                  2002054c    00000004     (.common:raw_pcbs)
                  20020550    00000004     (.common:recv_data)
                  20020554    00000004     (.common:seqno)
                  20020558    00000004     (.common:tcp_active_pcbs)
                  2002055c    00000004     (.common:tcp_bound_pcbs)
                  20020560    00000004     (.common:tcp_input_pcb)
                  20020564    00000004     (.common:tcp_listen_pcbs)
                  20020568    00000004     (.common:tcp_ticks)
                  2002056c    00000004     (.common:tcp_tmp_pcb)
                  20020570    00000004     (.common:tcp_tw_pcbs)
                  20020574    00000004     (.common:tcphdr)
                  20020578    00000004     (.common:tcpip_init_done)
                  2002057c    00000004     (.common:tcpip_init_done_arg)
                  20020580    00000004     (.common:tcpip_tcp_timer_active)
                  20020584    00000004     (.common:udp_pcbs)
                  20020588    00000004     (.common:xHandle)
                  2002058c    00000004     (.common:xHandle_temp)
                  20020590    00000004     (.common:xHandle_time)
                  20020594    00000004     (.common:xQueue1)
                  20020598    00000004     (.common:xQueue2)
                  2002059c    00000002     (.common:g_i16TouchX)
                  2002059e    00000002     (.common:g_i16TouchY)
                  200205a0    00000002     (.common:ip_id)
                  200205a2    00000002     (.common:tcplen)
                  200205a4    00000001     (.common:etharp_cached_entry)
                  200205a5    00000001     (.common:flags)
                  200205a6    00000001     (.common:g_bTMP100Done)
                  200205a7    00000001     (.common:netif_num)
                  200205a8    00000001     (.common:pbuf_free_ooseq_pending)
                  200205a9    00000001     (.common:recv_flags)
                  200205aa    00000001     (.common:tcp_active_pcbs_changed)
                  200205ab    00000001     (.common:tcp_timer)
                  200205ac    00000001     (.common:tcp_timer_ctr)

.stack     0    200205b0    00001000     UNINITIALIZED
                  200205b0    00001000     --HOLE--

.data      0    200215b0    000000a8     UNINITIALIZED
                  200215b0    00000040     lwiplib.obj (.data)
                  200215f0    00000030     tasks.obj (.data)
                  20021620    0000000c     httpd.obj (.data)
                  2002162c    00000008     heap_2.obj (.data)
                  20021634    00000008     lwip_task.obj (.data)
                  2002163c    00000008     rtsv7M4_T_le_v4SPD16_eabi.lib : _lock.obj (.data)
                  20021644    00000008                                   : exit.obj (.data)
                  2002164c    00000004     port.obj (.data)
                  20021650    00000004     rtsv7M4_T_le_v4SPD16_eabi.lib : stkdepth_vars.obj (.data)
                  20021654    00000004     touch.obj (.data)


LINKER GENERATED COPY TABLES

__TI_cinit_table @ 00087670 records: 2, size/record: 8, table size: 16
	.data: load addr=00087608, load size=00000053 bytes, run addr=200215b0, run size=000000a8 bytes, compression=rle
	.bss: load addr=00087668, load size=00000008 bytes, run addr=20000000, run size=000205ad bytes, compression=zero_init


LINKER GENERATED HANDLER TABLE

__TI_handler_table @ 0008765c records: 3, size/record: 4, table size: 12
	index: 0, handler: __TI_decompress_rle24
	index: 1, handler: __TI_decompress_none
	index: 2, handler: __TI_zero_init


GLOBAL SYMBOLS: SORTED ALPHABETICALLY BY Name 

address    name
--------   ----
00085c65   C$$EXIT
00087433   CPUcpsie
00086eb5   EMACAddrGet
00086451   EMACConfigGet
00086485   EMACConfigSet
00087399   EMACFrameFilterSet
000864b9   EMACIntClear
00086105   EMACIntEnable
00086849   EMACIntStatus
00086aa5   EMACPHYRead
00086acb   EMACPHYWrite
0008757f   EMACRxDMADescriptorListSet
00087175   EMACRxEnable
00087585   EMACTimestampIntStatus
0008758b   EMACTxDMADescriptorListSet
0008753f   EMACTxDMAPollDemand
0008718b   EMACTxEnable
0007edf5   FrameDraw
000869a9   GPIODirModeSet
00080099   GPIOPadConfigSet
00087309   GPIOPinTypeEthernetLED
00087591   GPIOPinWrite
000846a9   GrContextClipRegionSet
00087597   GrContextFontSet
000843ed   GrContextInit
00081b71   GrDefaultStringRenderer
000869d3   GrFontBaselineGet
00086ed3   GrFontCodepageGet
00086c85   GrFontGlyphDataGet
0007e725   GrFontGlyphRender
00086af1   GrFontInfoGet
00087409   GrImageDraw
00087547   GrMapISO8859_1_Unicode
0008731b   GrStringDraw
000869fd   GrStringNextCharGet
00083fd5   GrStringWidthGet
00082fb9   I2CMCommand
000864ed   I2CMInit
00080f9d   I2CMIntHandler
00083a1d   I2CMReadModifyWrite16LE
00083c61   I2CMReadModifyWrite8
00087441   I2CMSimpleIntHandler
000875d9   I2CMasterControl
000875dd   I2CMasterDataGet
000875e1   I2CMasterDataPut
0008750d   I2CMasterEnable
000857b1   I2CMasterInitExpClk
0008754f   I2CMasterIntClear
00087557   I2CMasterIntEnableEx
0008755f   I2CMasterSlaveAddrSet
00081d01   InitDMADescriptors
00084891   IntDisable
000848f1   IntEnable
00084451   IntIsEnabled
00087517   IntMasterEnable
0008744d   IntTrigger
0007cd05   Kentec320x240x16_SSD2119Init
000875e5   LCDDMAConfigSet
00087459   LCDIDDCommandWrite
000875e9   LCDIDDConfigSet
00087465   LCDIDDDataWrite
000863e5   LCDIDDTimingSet
00086ca7   LCDModeSet
00086521   LocatorAppTitleSet
00085105   LocatorInit
00086db5   LocatorMACAddrSet
0007c39d   PinoutSet
0008759d   ResetISR
UNDEFED    SHT$$INIT_ARRAY$$Base
UNDEFED    SHT$$INIT_ARRAY$$Limit
00086179   SetupServices
000875a3   SysCtlDelay
00087471   SysCtlMOSCConfigSet
00086555   SysCtlPeripheralEnable
0008747d   TMP100Callback
00085155   TMP100DataRead
00086b89   TMP100DataTemperatureGetFloat
000851a5   TMP100Init
000832d1   TMP100ReadModifyWrite
0007fe21   TouchScreenIntHandler
200215b0   __STACK_END
00001000   __STACK_SIZE
200215b0   __STACK_TOP
00087670   __TI_CINIT_Base
00087680   __TI_CINIT_Limit
0008765c   __TI_Handler_Table_Base
00087668   __TI_Handler_Table_Limit
00000001   __TI_args_main
00082bc5   __TI_auto_init
20021644   __TI_cleanup_ptr
00087417   __TI_decompress_none
000875a9   __TI_decompress_rle24
20021648   __TI_dtors_ptr
00000000   __TI_static_base__
0008732d   __TI_zero_init
0008392d   __aeabi_memclr
0008392d   __aeabi_memclr4
0008392d   __aeabi_memclr8
000828bf   __aeabi_memcpy
000828bf   __aeabi_memcpy4
000828bf   __aeabi_memcpy8
0008392f   __aeabi_memset
0008392f   __aeabi_memset4
0008392f   __aeabi_memset8
00085ec5   __aeabi_uidivmod
ffffffff   __binit__
ffffffff   __c_args__
200205b0   __stack
000870cd   _args_main
00085889   _c_int00
2002163c   _lock
000872b3   _nop
000872ab   _register_lock
000872a5   _register_unlock
20021640   _unlock
00085c69   abort
0008324d   autoip_arp_reply
00086fb9   autoip_network_changed
00084d01   autoip_start
000873a9   autoip_stop
000815d5   autoip_tmr
ffffffff   binit
00085c21   copy_in
200204e8   current_header
200204ec   current_iphdr_dest
200204f0   current_iphdr_src
200204f4   current_netif
00086fd3   dhcp_arp_reply
000860c9   dhcp_coarse_tmr
000861b5   dhcp_fine_tmr
00085e41   dhcp_network_changed
00082635   dhcp_release
000833d1   dhcp_renew
200204b8   dhcp_rx_options_given
200203ac   dhcp_rx_options_val
0008243d   dhcp_start
00086225   dhcp_stop
00081dc5   displayTask
00086a7d   etharp_cleanup_netif
000802f1   etharp_output
00080771   etharp_query
00081425   etharp_raw
000868cd   etharp_request
00085f8d   etharp_tmr
0007bb54   ethbroadcast
000826d9   ethernet_input
0007bb5a   ethzero
00085c71   exit
0007bb74   file_chart_js
0007bb60   file_index_html
00087567   fs_bytes_left
00087267   fs_close
00080db1   fs_open
00086789   fs_read
200215c4   g_RxDescList
200215b4   g_TxDescList
200205a6   g_bTMP100Done
20021654   g_i16TouchMin
2002059c   g_i16TouchX
2002059e   g_i16TouchY
200204f8   g_iNumCGIs
20021624   g_iNumTags
200204fc   g_pCGIs
2001ffa4   g_pRxDescriptors
2001f5a0   g_pTxDescriptors
0007bbf4   g_pcSSIExtensions
0007bc04   g_pcTagLeadIn
0007bc08   g_pcTagLeadOut
20021620   g_pfnSSIHandler
20020508   g_pfnTimerHandler
00000000   g_pfnVectors
0007bbd8   g_pi32TouchParameters
20021628   g_ppcTags
0007bc20   g_psDefaultCodePointMapTable
0007bb88   g_psDefaultFilenames
20020354   g_sContext
0007b79c   g_sFontCmss18b
2001fe80   g_sI2CMSimpleInst
0007bbb0   g_sKentec320x240x16_SSD2119
2002050c   g_ui32AbnormalInts
2002051c   g_ui32NormalInts
20020520   g_ui32SysClock
00087495   httpd_init
00087577   icmp_dest_unreach
0007f559   icmp_input
000874a1   inet_chksum
00084e65   inet_chksum_pbuf
000866f5   ip4_addr_isbroadcast
0007bb4c   ip_addr_any
0007bb50   ip_addr_broadcast
0007eff5   ip_input
00085841   ip_output
0008277d   ip_output_if
000854bd   ip_route
000838b5   lwIPEthernetIntHandler
00080cb5   lwIPInit
00086f11   lwIPLocalIPAddrGet
00086f2d   lwIPLocalMACGet
00082ea1   lwIPTaskInit
00086fed   lwip_htonl
000874ad   lwip_htons
0008727b   lwip_init
00086fed   lwip_ntohl
000874ad   lwip_ntohs
2001f900   lwip_stats
0007e4b1   main
20021650   main_func_sp
00083451   mem_free
0008417d   mem_init
00080659   mem_malloc
00080aad   mem_trim
00086d2f   memcmp
000828bf   memcpy
00086295   memp_free
000841e5   memp_init
00084951   memp_malloc
00083935   memset
00084f65   netif_add
20020530   netif_default
20020534   netif_list
00086f49   netif_set_addr
000874b9   netif_set_default
00086ef1   netif_set_down
000874c5   netif_set_gw
0008424d   netif_set_ipaddr
00087351   netif_set_link_down
00086089   netif_set_link_up
000874d1   netif_set_netmask
00086bd1   netif_set_up
0007ff61   pbuf_alloc
00086bf5   pbuf_cat
00087425   pbuf_chain
00087363   pbuf_clen
00082ced   pbuf_copy
0008403f   pbuf_copy_partial
00085061   pbuf_free
200205a8   pbuf_free_ooseq_pending
0008476d   pbuf_header
00084d5b   pbuf_realloc
00087225   pbuf_ref
00082391   pvPortMalloc
200215f0   pxCurrentTCB
00086d0d   pxPortInitialiseStack
20000000   ram_heap
00083b05   raw_input
20020380   sTMP100
0008723b   strchr
000870e5   strcmp
000872b9   strlen
00086b63   strncmp
000865f1   strstr
000858d1   sys_arch_mbox_fetch
00087521   sys_arch_protect
00085f07   sys_arch_sem_wait
000875f1   sys_arch_unprotect
00086305   sys_init
00083cd1   sys_mbox_new
00087021   sys_mbox_post
00086925   sys_mbox_trypost
0008752b   sys_mbox_valid
000834d1   sys_sem_new
000873c9   sys_sem_signal
00083551   sys_thread_new
00084a11   sys_timeout
00085ca9   sys_timeouts_init
00084a71   sys_timeouts_mbox_fetch
00085919   sys_untimeout
00082d81   tcp_abandon
000875af   tcp_abort
000875f5   tcp_accept
20020558   tcp_active_pcbs
200205aa   tcp_active_pcbs_changed
00081501   tcp_alloc
000875f9   tcp_arg
0007b928   tcp_backoff
000836cd   tcp_bind
2002055c   tcp_bound_pcbs
000872cd   tcp_close
00086e35   tcp_eff_send_mss
000824e5   tcp_enqueue_flags
000875bb   tcp_err
00083d41   tcp_fasttmr
0007d53d   tcp_input
20020560   tcp_input_pcb
00085ced   tcp_keepalive
20020564   tcp_listen_pcbs
0008295d   tcp_listen_with_backlog
000875c1   tcp_new
000870fd   tcp_next_iss
0007f6f9   tcp_output
0007bb3c   tcp_pcb_lists
00085f49   tcp_pcb_purge
00084c49   tcp_pcb_remove
0007b935   tcp_persist_backoff
00087535   tcp_poll
0008431d   tcp_process_refused_data
000875c7   tcp_recv
00086e55   tcp_recv_null
00086727   tcp_recved
00084fb9   tcp_rexmit
000859a9   tcp_rexmit_fast
00086951   tcp_rexmit_rto
00083749   tcp_rst
00086c3d   tcp_seg_copy
00087115   tcp_seg_free
00087387   tcp_segs_free
00085b0f   tcp_send_empty_ack
00085d31   tcp_send_fin
000875fd   tcp_sent
00087601   tcp_setprio
0007df39   tcp_slowtmr
20020568   tcp_ticks
00086659   tcp_timer_needed
2002056c   tcp_tmp_pcb
00086e75   tcp_tmr
20020570   tcp_tw_pcbs
00086819   tcp_update_rcv_ann_wnd
0007dc5d   tcp_write
00082f2d   tcp_zero_window_probe
00084ca5   tcpip_callback_with_block
000852e5   tcpip_init
000855a1   tcpip_input
00082c59   temperatureTask
00085335   time_task
0008668d   tivaif_init
000855ed   tivaif_interrupt
000831c9   tivaif_process_phy_interrupt
0008457d   udp_bind
000859f1   udp_connect
0007f1cd   udp_input
00086f81   udp_new
20020584   udp_pcbs
000875cd   udp_recv
0008697d   udp_remove
00086375   udp_sendto
00081aa5   udp_sendto_if
00086e95   usprintf
00086d51   ustrncpy
0007e98d   uvsnprintf
00086d73   uxListRemove
000874e9   uxTaskGetNumberOfTasks
000845e1   vApplicationIdleHook
0008108f   vApplicationStackOverflowHook
00087251   vListInitialise
000875d3   vListInitialiseItem
000863ad   vListInsert
0008712d   vListInsertEnd
000825e9   vPortClearInterruptMask
00082621   vPortEnableVFP
000872e1   vPortEnterCritical
000872f5   vPortExitCritical
00085db9   vPortFree
000825f3   vPortSVCHandler
000825df   vPortSetInterruptMask
0008260d   vPortStartFirstTask
000873d9   vPortYield
000873e9   vPortYieldFromISR
000866c1   vTaskDelay
00084645   vTaskDelete
000874f5   vTaskMissedYield
00085dfd   vTaskPlaceOnEventList
00085a39   vTaskPriorityDisinherit
00083f69   vTaskPriorityInherit
00084ad1   vTaskResume
00087145   vTaskSetTimeOutState
00085a81   vTaskStartScheduler
00084385   vTaskSuspend
000873f9   vTaskSuspendAll
000829f9   vTaskSwitchContext
20020588   xHandle
2002058c   xHandle_temp
20020590   xHandle_time
00082591   xPortPendSVHandler
00085fcd   xPortStartScheduler
00086f9d   xPortSysTickHandler
20020594   xQueue1
20020598   xQueue2
00085685   xQueueGenericCreate
00080bb5   xQueueGenericReceive
00083db1   xQueueGenericReset
00081c3b   xQueueGenericSend
00084ebb   xQueueGenericSendFromISR
0008500d   xTaskCheckForTimeOut
00081345   xTaskGenericCreate
00087501   xTaskGetCurrentTaskHandle
0008715d   xTaskGetTickCount
00080999   xTaskIncrementTick
00086c61   xTaskIsTaskSuspended
00083e21   xTaskRemoveFromEventList
000816a5   xTaskResumeAll


GLOBAL SYMBOLS: SORTED BY Symbol Address 

address    name
--------   ----
00000000   __TI_static_base__
00000000   g_pfnVectors
00000001   __TI_args_main
00001000   __STACK_SIZE
0007b79c   g_sFontCmss18b
0007b928   tcp_backoff
0007b935   tcp_persist_backoff
0007bb3c   tcp_pcb_lists
0007bb4c   ip_addr_any
0007bb50   ip_addr_broadcast
0007bb54   ethbroadcast
0007bb5a   ethzero
0007bb60   file_index_html
0007bb74   file_chart_js
0007bb88   g_psDefaultFilenames
0007bbb0   g_sKentec320x240x16_SSD2119
0007bbd8   g_pi32TouchParameters
0007bbf4   g_pcSSIExtensions
0007bc04   g_pcTagLeadIn
0007bc08   g_pcTagLeadOut
0007bc20   g_psDefaultCodePointMapTable
0007c39d   PinoutSet
0007cd05   Kentec320x240x16_SSD2119Init
0007d53d   tcp_input
0007dc5d   tcp_write
0007df39   tcp_slowtmr
0007e4b1   main
0007e725   GrFontGlyphRender
0007e98d   uvsnprintf
0007edf5   FrameDraw
0007eff5   ip_input
0007f1cd   udp_input
0007f559   icmp_input
0007f6f9   tcp_output
0007fe21   TouchScreenIntHandler
0007ff61   pbuf_alloc
00080099   GPIOPadConfigSet
000802f1   etharp_output
00080659   mem_malloc
00080771   etharp_query
00080999   xTaskIncrementTick
00080aad   mem_trim
00080bb5   xQueueGenericReceive
00080cb5   lwIPInit
00080db1   fs_open
00080f9d   I2CMIntHandler
0008108f   vApplicationStackOverflowHook
00081345   xTaskGenericCreate
00081425   etharp_raw
00081501   tcp_alloc
000815d5   autoip_tmr
000816a5   xTaskResumeAll
00081aa5   udp_sendto_if
00081b71   GrDefaultStringRenderer
00081c3b   xQueueGenericSend
00081d01   InitDMADescriptors
00081dc5   displayTask
00082391   pvPortMalloc
0008243d   dhcp_start
000824e5   tcp_enqueue_flags
00082591   xPortPendSVHandler
000825df   vPortSetInterruptMask
000825e9   vPortClearInterruptMask
000825f3   vPortSVCHandler
0008260d   vPortStartFirstTask
00082621   vPortEnableVFP
00082635   dhcp_release
000826d9   ethernet_input
0008277d   ip_output_if
000828bf   __aeabi_memcpy
000828bf   __aeabi_memcpy4
000828bf   __aeabi_memcpy8
000828bf   memcpy
0008295d   tcp_listen_with_backlog
000829f9   vTaskSwitchContext
00082bc5   __TI_auto_init
00082c59   temperatureTask
00082ced   pbuf_copy
00082d81   tcp_abandon
00082ea1   lwIPTaskInit
00082f2d   tcp_zero_window_probe
00082fb9   I2CMCommand
000831c9   tivaif_process_phy_interrupt
0008324d   autoip_arp_reply
000832d1   TMP100ReadModifyWrite
000833d1   dhcp_renew
00083451   mem_free
000834d1   sys_sem_new
00083551   sys_thread_new
000836cd   tcp_bind
00083749   tcp_rst
000838b5   lwIPEthernetIntHandler
0008392d   __aeabi_memclr
0008392d   __aeabi_memclr4
0008392d   __aeabi_memclr8
0008392f   __aeabi_memset
0008392f   __aeabi_memset4
0008392f   __aeabi_memset8
00083935   memset
00083a1d   I2CMReadModifyWrite16LE
00083b05   raw_input
00083c61   I2CMReadModifyWrite8
00083cd1   sys_mbox_new
00083d41   tcp_fasttmr
00083db1   xQueueGenericReset
00083e21   xTaskRemoveFromEventList
00083f69   vTaskPriorityInherit
00083fd5   GrStringWidthGet
0008403f   pbuf_copy_partial
0008417d   mem_init
000841e5   memp_init
0008424d   netif_set_ipaddr
0008431d   tcp_process_refused_data
00084385   vTaskSuspend
000843ed   GrContextInit
00084451   IntIsEnabled
0008457d   udp_bind
000845e1   vApplicationIdleHook
00084645   vTaskDelete
000846a9   GrContextClipRegionSet
0008476d   pbuf_header
00084891   IntDisable
000848f1   IntEnable
00084951   memp_malloc
00084a11   sys_timeout
00084a71   sys_timeouts_mbox_fetch
00084ad1   vTaskResume
00084c49   tcp_pcb_remove
00084ca5   tcpip_callback_with_block
00084d01   autoip_start
00084d5b   pbuf_realloc
00084e65   inet_chksum_pbuf
00084ebb   xQueueGenericSendFromISR
00084f65   netif_add
00084fb9   tcp_rexmit
0008500d   xTaskCheckForTimeOut
00085061   pbuf_free
00085105   LocatorInit
00085155   TMP100DataRead
000851a5   TMP100Init
000852e5   tcpip_init
00085335   time_task
000854bd   ip_route
000855a1   tcpip_input
000855ed   tivaif_interrupt
00085685   xQueueGenericCreate
000857b1   I2CMasterInitExpClk
00085841   ip_output
00085889   _c_int00
000858d1   sys_arch_mbox_fetch
00085919   sys_untimeout
000859a9   tcp_rexmit_fast
000859f1   udp_connect
00085a39   vTaskPriorityDisinherit
00085a81   vTaskStartScheduler
00085b0f   tcp_send_empty_ack
00085c21   copy_in
00085c65   C$$EXIT
00085c69   abort
00085c71   exit
00085ca9   sys_timeouts_init
00085ced   tcp_keepalive
00085d31   tcp_send_fin
00085db9   vPortFree
00085dfd   vTaskPlaceOnEventList
00085e41   dhcp_network_changed
00085ec5   __aeabi_uidivmod
00085f07   sys_arch_sem_wait
00085f49   tcp_pcb_purge
00085f8d   etharp_tmr
00085fcd   xPortStartScheduler
00086089   netif_set_link_up
000860c9   dhcp_coarse_tmr
00086105   EMACIntEnable
00086179   SetupServices
000861b5   dhcp_fine_tmr
00086225   dhcp_stop
00086295   memp_free
00086305   sys_init
00086375   udp_sendto
000863ad   vListInsert
000863e5   LCDIDDTimingSet
00086451   EMACConfigGet
00086485   EMACConfigSet
000864b9   EMACIntClear
000864ed   I2CMInit
00086521   LocatorAppTitleSet
00086555   SysCtlPeripheralEnable
000865f1   strstr
00086659   tcp_timer_needed
0008668d   tivaif_init
000866c1   vTaskDelay
000866f5   ip4_addr_isbroadcast
00086727   tcp_recved
00086789   fs_read
00086819   tcp_update_rcv_ann_wnd
00086849   EMACIntStatus
000868cd   etharp_request
00086925   sys_mbox_trypost
00086951   tcp_rexmit_rto
0008697d   udp_remove
000869a9   GPIODirModeSet
000869d3   GrFontBaselineGet
000869fd   GrStringNextCharGet
00086a7d   etharp_cleanup_netif
00086aa5   EMACPHYRead
00086acb   EMACPHYWrite
00086af1   GrFontInfoGet
00086b63   strncmp
00086b89   TMP100DataTemperatureGetFloat
00086bd1   netif_set_up
00086bf5   pbuf_cat
00086c3d   tcp_seg_copy
00086c61   xTaskIsTaskSuspended
00086c85   GrFontGlyphDataGet
00086ca7   LCDModeSet
00086d0d   pxPortInitialiseStack
00086d2f   memcmp
00086d51   ustrncpy
00086d73   uxListRemove
00086db5   LocatorMACAddrSet
00086e35   tcp_eff_send_mss
00086e55   tcp_recv_null
00086e75   tcp_tmr
00086e95   usprintf
00086eb5   EMACAddrGet
00086ed3   GrFontCodepageGet
00086ef1   netif_set_down
00086f11   lwIPLocalIPAddrGet
00086f2d   lwIPLocalMACGet
00086f49   netif_set_addr
00086f81   udp_new
00086f9d   xPortSysTickHandler
00086fb9   autoip_network_changed
00086fd3   dhcp_arp_reply
00086fed   lwip_htonl
00086fed   lwip_ntohl
00087021   sys_mbox_post
000870cd   _args_main
000870e5   strcmp
000870fd   tcp_next_iss
00087115   tcp_seg_free
0008712d   vListInsertEnd
00087145   vTaskSetTimeOutState
0008715d   xTaskGetTickCount
00087175   EMACRxEnable
0008718b   EMACTxEnable
00087225   pbuf_ref
0008723b   strchr
00087251   vListInitialise
00087267   fs_close
0008727b   lwip_init
000872a5   _register_unlock
000872ab   _register_lock
000872b3   _nop
000872b9   strlen
000872cd   tcp_close
000872e1   vPortEnterCritical
000872f5   vPortExitCritical
00087309   GPIOPinTypeEthernetLED
0008731b   GrStringDraw
0008732d   __TI_zero_init
00087351   netif_set_link_down
00087363   pbuf_clen
00087387   tcp_segs_free
00087399   EMACFrameFilterSet
000873a9   autoip_stop
000873c9   sys_sem_signal
000873d9   vPortYield
000873e9   vPortYieldFromISR
000873f9   vTaskSuspendAll
00087409   GrImageDraw
00087417   __TI_decompress_none
00087425   pbuf_chain
00087433   CPUcpsie
00087441   I2CMSimpleIntHandler
0008744d   IntTrigger
00087459   LCDIDDCommandWrite
00087465   LCDIDDDataWrite
00087471   SysCtlMOSCConfigSet
0008747d   TMP100Callback
00087495   httpd_init
000874a1   inet_chksum
000874ad   lwip_htons
000874ad   lwip_ntohs
000874b9   netif_set_default
000874c5   netif_set_gw
000874d1   netif_set_netmask
000874e9   uxTaskGetNumberOfTasks
000874f5   vTaskMissedYield
00087501   xTaskGetCurrentTaskHandle
0008750d   I2CMasterEnable
00087517   IntMasterEnable
00087521   sys_arch_protect
0008752b   sys_mbox_valid
00087535   tcp_poll
0008753f   EMACTxDMAPollDemand
00087547   GrMapISO8859_1_Unicode
0008754f   I2CMasterIntClear
00087557   I2CMasterIntEnableEx
0008755f   I2CMasterSlaveAddrSet
00087567   fs_bytes_left
00087577   icmp_dest_unreach
0008757f   EMACRxDMADescriptorListSet
00087585   EMACTimestampIntStatus
0008758b   EMACTxDMADescriptorListSet
00087591   GPIOPinWrite
00087597   GrContextFontSet
0008759d   ResetISR
000875a3   SysCtlDelay
000875a9   __TI_decompress_rle24
000875af   tcp_abort
000875bb   tcp_err
000875c1   tcp_new
000875c7   tcp_recv
000875cd   udp_recv
000875d3   vListInitialiseItem
000875d9   I2CMasterControl
000875dd   I2CMasterDataGet
000875e1   I2CMasterDataPut
000875e5   LCDDMAConfigSet
000875e9   LCDIDDConfigSet
000875f1   sys_arch_unprotect
000875f5   tcp_accept
000875f9   tcp_arg
000875fd   tcp_sent
00087601   tcp_setprio
0008765c   __TI_Handler_Table_Base
00087668   __TI_Handler_Table_Limit
00087670   __TI_CINIT_Base
00087680   __TI_CINIT_Limit
20000000   ram_heap
2001f5a0   g_pTxDescriptors
2001f900   lwip_stats
2001fe80   g_sI2CMSimpleInst
2001ffa4   g_pRxDescriptors
20020354   g_sContext
20020380   sTMP100
200203ac   dhcp_rx_options_val
200204b8   dhcp_rx_options_given
200204e8   current_header
200204ec   current_iphdr_dest
200204f0   current_iphdr_src
200204f4   current_netif
200204f8   g_iNumCGIs
200204fc   g_pCGIs
20020508   g_pfnTimerHandler
2002050c   g_ui32AbnormalInts
2002051c   g_ui32NormalInts
20020520   g_ui32SysClock
20020530   netif_default
20020534   netif_list
20020558   tcp_active_pcbs
2002055c   tcp_bound_pcbs
20020560   tcp_input_pcb
20020564   tcp_listen_pcbs
20020568   tcp_ticks
2002056c   tcp_tmp_pcb
20020570   tcp_tw_pcbs
20020584   udp_pcbs
20020588   xHandle
2002058c   xHandle_temp
20020590   xHandle_time
20020594   xQueue1
20020598   xQueue2
2002059c   g_i16TouchX
2002059e   g_i16TouchY
200205a6   g_bTMP100Done
200205a8   pbuf_free_ooseq_pending
200205aa   tcp_active_pcbs_changed
200205b0   __stack
200215b0   __STACK_END
200215b0   __STACK_TOP
200215b4   g_TxDescList
200215c4   g_RxDescList
200215f0   pxCurrentTCB
20021620   g_pfnSSIHandler
20021624   g_iNumTags
20021628   g_ppcTags
2002163c   _lock
20021640   _unlock
20021644   __TI_cleanup_ptr
20021648   __TI_dtors_ptr
20021650   main_func_sp
20021654   g_i16TouchMin
ffffffff   __binit__
ffffffff   __c_args__
ffffffff   binit
UNDEFED    SHT$$INIT_ARRAY$$Base
UNDEFED    SHT$$INIT_ARRAY$$Limit

[390 symbols]
